I/mm-camera(  199): cpp_module_handle_streamoff_event:2058, info: doing stream-off for identity 0x10004
D/mm-camera(  199): module_faceproc_port_event_func:682] FD_STREAMOFF Not active 10004
I/mm-camera(  199): cpp_module_handle_streamoff_event:2112, info: stream-off done for identity 0x10004
I/mm-camera(  199): isp_streamoff: E, session_id = 1, stream_id = 4, stream_type = 5
W/ActivityManager(  768): Activity pause timeout for ActivityRecord{431ab628 u0 me.scan.android.client/.ui.ScanActivity t224}
I/mm-camera(  199): stats_action_buf_config: cfg = 0, stats_mask = 0x5b8
I/mm-camera(  199): isp_pipeline_util_reset: module id = 0, action = 0xb6e41ce9
I/mm-camera(  199): isp_pipeline_util_reset: module id = 1, action = 0xb6e3a129
I/mm-camera(  199): isp_pipeline_util_reset: module id = 2, action = 0xb6e439fd
I/mm-camera(  199): isp_pipeline_util_reset: module id = 3, action = 0xb6e3f2c5
I/mm-camera(  199): isp_pipeline_util_reset: module id = 4, action = 0xb6e31101
I/mm-camera(  199): isp_pipeline_util_reset: module id = 5, action = 0xb6e35d61
I/mm-camera(  199): isp_pipeline_util_reset: module id = 7, action = 0xb6e374c1
I/mm-camera(  199): isp_pipeline_util_reset: module id = 8, action = 0xb6e2d179
I/mm-camera(  199): isp_pipeline_util_reset: module id = 10, action = 0xb6e43031
I/mm-camera(  199): isp_pipeline_util_reset: module id = 11, action = 0xb6e333c1
I/mm-camera(  199): isp_pipeline_util_reset: module id = 12, action = 0xb6e2a1f9
I/mm-camera(  199): isp_pipeline_util_reset: module id = 13, action = 0xb6e3cf39
I/mm-camera(  199): isp_pipeline_util_reset: module id = 14, action = 0xb6e28805
I/mm-camera(  199): isp_pipeline_util_reset: module id = 15, action = 0xb6e40f99
I/mm-camera(  199): isp_pipeline_util_reset: module id = 16, action = 0xb6e3e955
I/mm-camera(  199): isp_pipeline_util_reset: module id = 17, action = 0xb6e32121
I/mm-camera(  199): isp_pipeline_util_reset: module id = 18, action = 0xb6e2fef9
I/mm-camera(  199): isp_pipeline_util_reset: module id = 19, action = 0xb6e2b999
I/mm-camera(  199): isp_pipeline_util_reset: module id = 20, action = 0xb6e404ed
I/mm-camera(  199): isp_pipeline_util_reset: module id = 22, action = 0xb6e4745d
I/mm-camera(  199): ispif_streamoff: session_id = 1, active_streams = 0
I/mm-camera-sensor(  199): module_sensor_module_process_event:2018 ide 10004 MCT_EVENT_CONTROL_STREAMOFF
I/mm-camera(  199): mct_pipeline_process_set: Stream on/off returned
D/QCamera3Stream(  184): static void* qcamera::QCamera3Stream::dataProcRoutine(void*): Exit
I/mm-camera(  199): mct_pipeline_process_set:command=800000b
I/mm-camera(  199): mct_pipeline_process_set: stream_type = 1, streamid 2
I/mm-camera-sensor(  199): port_sensor_caps_unreserve:169 ide 10002
I/mm-camera(  199): cpp_port_check_caps_unreserve:170, identity=0x10002
I/mm-camera(  199): cpp_port_check_caps_unreserve:179, identity=0x10002, unreserved
I/mm-camera(  199): cpp_port_check_caps_unreserve:170, identity=0x10002
I/mm-camera(  199): cpp_port_check_caps_unreserve:179, identity=0x10002, unreserved
E/QCamera3Channel(  184): virtual qcamera::QCamera3Channel::~QCamera3Channel(): deleting channel 13313
I/qomx_image_core(  184): OMX_Deinit:101] Complete
D/QCamera3PostProc(  184): int32_t qcamera::QCamera3PostProcessor::deinit(): Jpeg closed, rc = 0, mJpegClientHandle = 700
I/mm-camera(  199): mct_pipeline_process_set:command=800000b
I/mm-camera(  199): mct_pipeline_process_set: stream_type = 6, streamid 3
I/mm-camera-sensor(  199): port_sensor_caps_unreserve:169 ide 10003
I/mm-camera(  199): cpp_port_check_caps_unreserve:170, identity=0x10003
I/mm-camera(  199): cpp_port_check_caps_unreserve:179, identity=0x10003, unreserved
E/QCamera3Channel(  184): virtual qcamera::QCamera3Channel::~QCamera3Channel(): deleting channel 13826
I/mm-camera(  199): mct_pipeline_process_set:command=800000b
I/mm-camera(  199): mct_pipeline_process_set: stream_type = 5, streamid 4
I/mm-camera-sensor(  199): port_sensor_caps_unreserve:169 ide 10004
I/mm-camera(  199): cpp_port_check_caps_unreserve:170, identity=0x10004
I/mm-camera(  199): cpp_port_check_caps_unreserve:179, identity=0x10004, unreserved
I/mm-camera(  199): cpp_port_check_caps_unreserve:170, identity=0x10004
I/mm-camera(  199): cpp_port_check_caps_unreserve:179, identity=0x10004, unreserved
D/mm-camera-img(  199): faceproc_comp_abort:608] state 1
E/mm-camera-img(  199): faceproc_save_album:774] Error No album 
E/mm-camera-img(  199): faceproc_comp_eng_destroy: Album save failed -1
I/mm-camera(  199): q3a_thread_aecawb_stop:308 MSG_STOP_THREAD
E/QCamera3Channel(  184): virtual qcamera::QCamera3Channel::~QCamera3Channel(): deleting channel 14339
I/mm-camera(  199): mct_pipeline_process_set:command=8000009
I/mm-camera(  199): mct_pipeline_process_set: stream_type = 8, streamid 1
I/mm-camera(  199): mct_pipeline_process_set: Stream on/off returned
D/QCamera3Stream(  184): static void* qcamera::QCamera3Stream::dataProcRoutine(void*): Exit
I/mm-camera(  199): mct_pipeline_process_set:command=800000b
I/mm-camera(  199): mct_pipeline_process_set: stream_type = 8, streamid 1
E/QCamera3Channel(  184): virtual qcamera::QCamera3Channel::~QCamera3Channel(): deleting channel 12800
I/mm-camera(  199): mct_pipeline_process_set:command=800000b
E/mm-camera(  199): mct_pipeline_get_stream: no children
E/mm-camera(  199): mct_pipeline_process_set:1370: Couldn't find stream
I/mm-camera-sensor(  199): module_sensor_stop_session:630 session 1
I/mm-camera(  199): stats_module_stop_session: list =0xb7cbe268, remove port =0xb7cad1b8 name=stats_sink from module=0xb7c2c778, name=stats
I/mm-camera(  199): stats_module_stop_session: 1 port =0xb7cad1b8 name=stats_sink 
I/mm-camera(  199): stats_module_stop_session: 2 port =0xb7cad1b8 name=stats_sink 
I/mm-camera(  199): gyro_module_stop_session: Enter
I/mm-camera(  199): gyro_module_stop_session: Deinit DSPS
I/mm-camera(  199): gyro_module_stop_session: Exit successful
I/mm-camera(  199): stats_module_stop_session: 3 port =0xb7cad1b8 name=stats_sink 
I/mm-camera(  199): cpp_module_stop_session:453, info: stopping session 1 ...
I/mm-camera(  199): cpp_thread_process_pipe_message:359, CPP_THREAD_MSG_ABORT: cpp_thread exiting..
I/mm-camera(  199): cpp_module_stop_session:495, info: session 1 stopped.
I/mm-camera(  199): c2d_module_stop_session:322, info: stopping session 1 ...
I/mm-camera(  199): c2d_thread_process_pipe_message:503, C2D_THREAD_MSG_ABORT: c2d_thread exiting..
I/mm-camera(  199): c2d_module_stop_session:361, info: session 1 stopped.
I/Camera2Client(  184): Camera 0: Closed
I/Camera2ClientBase(  184): Closed Camera 0
W/BroadcastQueue(  768): Permission Denial: broadcasting Intent { act=android.net.conn.INET_CONDITION_ACTION flg=0x4000010 (has extras) } from null (pid=-1, uid=-1) requires com.facebook.permission.prod.FB_APP_COMMUNICATION due to registered receiver BroadcastFilter{42f2c920 u0 ReceiverList{4343b3e8 4453 com.facebook.katana/10104/u0 remote:430b74b8}}
W/BroadcastQueue(  768): Permission Denial: broadcasting Intent { act=android.net.conn.CONNECTIVITY_CHANGE flg=0x4000010 (has extras) } from null (pid=-1, uid=-1) requires com.facebook.permission.prod.FB_APP_COMMUNICATION due to registered receiver BroadcastFilter{42f2c920 u0 ReceiverList{4343b3e8 4453 com.facebook.katana/10104/u0 remote:430b74b8}}
W/AwContents( 3199): nativeOnDraw failed; clearing to background color.
I/ActivityManager(  768): Displayed me.scan.android.client/.ui.BrowserActivity: +320ms
D/dalvikvm( 4453): GC_CONCURRENT freed 1387K, 6% free 23210K/24628K, paused 3ms+3ms, total 56ms
D/dalvikvm( 4453): WAIT_FOR_CONCURRENT_GC blocked 36ms
W/fb4a(:<default>):AbstractMqttPushService( 4453): Attempt to start service that is already started
W/BroadcastQueue(  768): Permission Denial: broadcasting Intent { act=android.net.conn.CONNECTIVITY_CHANGE flg=0x4000010 (has extras) } from null (pid=-1, uid=-1) requires com.facebook.permission.prod.FB_APP_COMMUNICATION due to registered receiver BroadcastFilter{4321c418 u0 ReceiverList{4336bd38 4453 com.facebook.katana/10104/u0 remote:42c0cca8}}
D/dalvikvm( 4453): GC_CONCURRENT freed 1866K, 8% free 23513K/25416K, paused 6ms+5ms, total 84ms
D/dalvikvm( 4453): WAIT_FOR_CONCURRENT_GC blocked 61ms
D/dalvikvm( 4453): WAIT_FOR_CONCURRENT_GC blocked 43ms
D/dalvikvm( 4453): WAIT_FOR_CONCURRENT_GC blocked 62ms
W/fb4a(:<default>):JACKSON_FALLBACK( 4453): Using BeanSerializer for com.facebook.katana.newbookmark.qe.NewBookmarkConfig to serialize class com.facebook.katana.newbookmark.qe.NewBookmarkConfig
V/WebViewChromiumFactoryProvider( 4453): Binding Chromium to main looper Looper (main, tid 1) {425ca6e8}
I/dalvikvm( 4453): Could not find method com.android.internal.widget.ILockSettings$Stub.a, referenced from method com.facebook.keyguardtype.LockSettingsServiceKeyguardTypeResolver.b
W/dalvikvm( 4453): VFY: unable to resolve static method 6451: Lcom/android/internal/widget/ILockSettings$Stub;.a (Landroid/os/IBinder;)Lcom/android/internal/widget/ILockSettings;
D/dalvikvm( 4453): VFY: replacing opcode 0x71 at 0x0023
I/LibraryLoader( 4453): Expected native library version number "",actual native library version number ""
I/chromium( 4453): [INFO:library_loader_hooks.cc(116)] Chromium logging enabled: level = 0, default verbosity = 0
I/BrowserStartupController( 4453): Initializing chromium process, renderers=0
E/AudioManagerAndroid( 4453): BLUETOOTH permission is missing!
I/Adreno-EGL( 4453): <qeglDrvAPI_eglInitialize:320>: EGL 1.4 QUALCOMM Build: I0404c4692afb8623f95c43aeb6d5e13ed4b30ddbDate: 11/06/13
I/ActivityManager(  768): START u0 {act=android.intent.action.VIEW dat=https://fbcdn-sphotos-d-a.akamaihd.net/hphotos-ak-xpa1/v/t1.0-9/10632608_933253416690527_6998844323570698935_n.jpg?oh=4bd7969cefc9cf1628f2f1b418218258&oe=547725CC&__gda__=1415665012_803c4ad614c3ff2701fe55b855b31551 cmp=com.android.chrome/com.google.android.apps.chrome.Main} from pid 3199
I/ActivityManager(  768): Start proc com.android.chrome for activity com.android.chrome/com.google.android.apps.chrome.Main: pid=4652 uid=10031 gids={50031, 3003, 1028, 1015}
D/AudioManagerAndroid( 4453): ==> onReceive: s=0, m=0, n=h2w, sb=true
D/AudioManagerAndroid( 4453): reportUpdate: state=0, devices=[Speakerphone, Headset earpiece]
D/dalvikvm( 4652): GC_CONCURRENT freed 266K, 2% free 16892K/17192K, paused 2ms+2ms, total 17ms
W/ResourceType( 4652): Failure getting entry for 0x7f040075 (t=3 e=117) in package 0 (error -75)
D/dalvikvm( 4453): GC_CONCURRENT freed 1922K, 8% free 23863K/25820K, paused 4ms+3ms, total 61ms
D/dalvikvm( 4453): WAIT_FOR_CONCURRENT_GC blocked 18ms
D/dalvikvm( 4453): WAIT_FOR_CONCURRENT_GC blocked 18ms
D/dalvikvm( 4652): GC_FOR_ALLOC freed 28K, 2% free 17186K/17432K, paused 9ms, total 9ms
W/ResourceType( 4652): Failure getting entry for 0x7f040033 (t=3 e=51) in package 0 (error -75)
I/LibraryLoader( 4652): Loading: chrome.1985.135
D/dalvikvm( 4652): Trying to load lib /data/app-lib/com.android.chrome-2/libchrome.1985.135.so 0x425d1db8
D/dalvikvm( 4652): GC_CONCURRENT freed 99K, 1% free 17505K/17680K, paused 2ms+2ms, total 12ms
D/dalvikvm( 4652): Added shared lib /data/app-lib/com.android.chrome-2/libchrome.1985.135.so 0x425d1db8
I/LibraryLoader( 4652): Time to load native libraries: 18 ms (timestamps 46-64)
I/LibraryLoader( 4652): Expected native library version number "36.0.1985.135",actual native library version number "36.0.1985.135"
I/chromium( 4652): [INFO:library_loader_hooks.cc(106)] Chromium logging enabled: level = 0, default verbosity = 0
I/ActivityManager(  768): Start proc com.android.chrome:sandboxed_process0 for service com.android.chrome/org.chromium.content.app.SandboxedProcessService0: pid=4688 uid=99025 gids={}
I/ChildProcessService( 4688): Creating new ChildProcessService pid=4688
I/LibraryLoader( 4688): Loading: chrome.1985.135
D/dalvikvm( 4688): Trying to load lib /data/app-lib/com.android.chrome-2/libchrome.1985.135.so 0x425d0258
D/dalvikvm( 4688): Added shared lib /data/app-lib/com.android.chrome-2/libchrome.1985.135.so 0x425d0258
I/LibraryLoader( 4688): Time to load native libraries: 14 ms (timestamps 112-126)
I/LibraryLoader( 4688): Expected native library version number "36.0.1985.135",actual native library version number "36.0.1985.135"
I/Adreno-EGL( 4652): <qeglDrvAPI_eglInitialize:320>: EGL 1.4 QUALCOMM Build: I0404c4692afb8623f95c43aeb6d5e13ed4b30ddbDate: 11/06/13
D/OpenGLRenderer( 4652): Enabling debug mode 0
W/ResponseProcessCookies( 4453): Invalid cookie header: "Set-Cookie: Expires=deleted; expires=Thu, 01-Jan-1970 00:00:01 GMT; Max-Age=-1409170672; path=/; domain=.facebook.com; httponly". Negative max-age attribute: -1409170672
W/ResponseProcessCookies( 4453): Invalid cookie header: "Set-Cookie: Domain=deleted; expires=Thu, 01-Jan-1970 00:00:01 GMT; Max-Age=-1409170672; path=/; domain=.facebook.com; httponly". Negative max-age attribute: -1409170672
W/ResponseProcessCookies( 4453): Invalid cookie header: "Set-Cookie: Path=deleted; expires=Thu, 01-Jan-1970 00:00:01 GMT; Max-Age=-1409170672; path=/; domain=.facebook.com; httponly". Negative max-age attribute: -1409170672
W/ResponseProcessCookies( 4453): Invalid cookie header: "Set-Cookie: secure=deleted; expires=Thu, 01-Jan-1970 00:00:01 GMT; Max-Age=-1409170672; path=/; domain=.facebook.com; httponly". Negative max-age attribute: -1409170672
I/ActivityManager(  768): Displayed com.android.chrome/com.google.android.apps.chrome.Main: +337ms
W/IInputConnectionWrapper( 3199): showStatusIcon on inactive InputConnection
I/BrowserStartupController( 4652): Initializing chromium process, renderers=9
W/fb4a(:<default>):JACKSON_FALLBACK( 4453): Using BeanSerializer for com.facebook.platform.webdialogs.PlatformWebDialogsManifest$ManifestWrapper to serialize class com.facebook.platform.webdialogs.PlatformWebDialogsManifest$ManifestWrapper
W/GLSUser ( 1111): GoogleAccountDataService.getToken()
W/chromium( 4652): [WARNING:data_reduction_proxy_settings.cc(479)] SPDY proxy ON (Unrestricted) at startup
D/dalvikvm( 4652): GC_CONCURRENT freed 256K, 2% free 17634K/17924K, paused 5ms+11ms, total 30ms
D/dalvikvm( 4652): GC_FOR_ALLOC freed 3K, 2% free 17637K/17924K, paused 11ms, total 11ms
I/dalvikvm-heap( 4652): Grow heap (frag case) to 19.252MB for 2097168-byte allocation
D/dalvikvm( 4652): GC_FOR_ALLOC freed 0K, 2% free 19685K/19976K, paused 10ms, total 10ms
D/dalvikvm( 4652): GC_CONCURRENT freed <1K, 2% free 19685K/19976K, paused 1ms+1ms, total 10ms
D/ChildProcessLauncher( 4652): Setting up connection to process: slot=0
I/chromium( 4688): [INFO:library_loader_hooks.cc(106)] Chromium logging enabled: level = 0, default verbosity = 0
D/ChildProcessLauncher( 4652): on connect callback, pid=4688 context=2114484352
D/dalvikvm( 4652): GC_CONCURRENT freed 494K, 3% free 20129K/20656K, paused 2ms+5ms, total 30ms
D/dalvikvm( 4453): GC_CONCURRENT freed 2098K, 9% free 24158K/26288K, paused 4ms+3ms, total 110ms
D/dalvikvm( 4453): WAIT_FOR_CONCURRENT_GC blocked 71ms
W/KnoxSettingsProvider( 4652): Permission to read device policy denied.
W/KnoxSettingsProvider( 4652): Device policy content provider not found.
W/CookiesFetcher( 4652): IOException during Cooke Restore
D/dalvikvm( 4652): GC_FOR_ALLOC freed 320K, 2% free 20244K/20656K, paused 11ms, total 11ms
D/dalvikvm(29115): GC_CONCURRENT freed 827K, 16% free 19707K/23248K, paused 2ms+1ms, total 33ms
W/GLSUser ( 1111): GoogleAccountDataService.getToken()
D/dalvikvm( 1111): GC_CONCURRENT freed 388K, 3% free 18046K/18596K, paused 1ms+9ms, total 33ms
D/dalvikvm( 4652): GC_CONCURRENT freed 590K, 4% free 20755K/21408K, paused 2ms+1ms, total 12ms
I/chromium( 4688): [INFO:SkUtilsArm.cpp(179)] Device supports ARM NEON instructions!
I/chromium( 4688): 
E/chromium( 4652): [ERROR:data_type_manager_impl.cc(39)] Passwords cryptographer error was encountered: 
W/chromium( 4652): [WARNING:server_connection_manager.cc(296)] ServerConnectionManager forcing SYNC_AUTH_ERROR
W/chromium( 4652): [WARNING:syncer_proto_util.cc(277)] Error posting from syncer: Response Code (bogus on error): -1 Content-Length (bogus on error): -1 Server Status: SYNC_AUTH_ERROR
E/chromium( 4652): [ERROR:get_updates_processor.cc(240)] PostClientToServerMessage() failed during GetUpdates
W/GLSUser ( 1111): GoogleAccountDataService.getToken()
D/dalvikvm( 4652): GC_CONCURRENT freed 1120K, 5% free 21038K/22120K, paused 1ms+2ms, total 24ms
D/dalvikvm( 4652): GC_FOR_ALLOC freed 983K, 6% free 20908K/22120K, paused 17ms, total 17ms
I/dalvikvm-heap( 4652): Grow heap (frag case) to 26.861MB for 6726256-byte allocation
D/dalvikvm( 4652): GC_CONCURRENT freed 3K, 5% free 27473K/28692K, paused 3ms+1ms, total 20ms
D/dalvikvm( 4652): WAIT_FOR_CONCURRENT_GC blocked 17ms
D/dalvikvm( 4652): WAIT_FOR_CONCURRENT_GC blocked 17ms
D/GoogleServicesManager( 4652): setState: sync = true, wantedSyncState = true
D/GoogleServicesManager( 4652): Enabling sync
D/DelegatedPKCS11Manager( 4652): initialize
E/PartnerBookmarksReader( 4652): ATTENTION: not using partner bookmarks as none were provided
D/ChromeSigninController( 4652): Already registered with GCM
I/MinidumpUploadService( 4652): Attempting to upload accumulated crash dumps.
D/dalvikvm(  768): GC_EXPLICIT freed 1859K, 28% free 43993K/60312K, paused 2ms+7ms, total 84ms
W/GLSUser ( 1111): GoogleAccountDataService.getToken()
W/GLSUser ( 1111): GoogleAccountDataService.getToken()
W/InputEventReceiver( 4652): Attempted to finish an input event but the input event receiver has already been disposed.
W/InputMethodManagerService(  768): Window already focused, ignoring focus gain of: com.android.internal.view.IInputMethodClient$Stub$Proxy@4340cf98 attribute=null, token = android.os.BinderProxy@42fc6460
I/GCM     ( 1111): GCM message com.android.chrome 0:1409170677137655%0#0f493ae6f9fd7ecd
V/GCMBroadcastReceiver( 4652): onReceive: com.google.android.c2dm.intent.RECEIVE
V/GCMRegistrar( 4652): Setting the name of retry receiver class to com.google.ipc.invalidation.external.client.contrib.MultiplexingGcmListener$GCMReceiver
V/GCMBroadcastReceiver( 4652): GCM IntentService class: com.google.ipc.invalidation.external.client.contrib.MultiplexingGcmListener
V/GCMBaseIntentService( 4652): Acquiring wakelock
V/GCMBaseIntentService( 4652): Intent service name: GCMIntentService-DynamicSenderIds-1
V/GCMBaseIntentService( 4652): Releasing wakelock
D/InvalidationService( 4652): Registration status for Oid: <1004, AUTOFILL>: REGISTERED
D/InvalidationService( 4652): Registration status for Oid: <1004, FAVICON_IMAGE>: REGISTERED
D/InvalidationService( 4652): Registration status for Oid: <1004, DEVICE_INFO>: REGISTERED
D/InvalidationService( 4652): Registration status for Oid: <1004, SESSION>: REGISTERED
D/InvalidationService( 4652): Registration status for Oid: <1004, NIGORI>: REGISTERED
D/InvalidationService( 4652): Registration status for Oid: <1004, FAVICON_TRACKING>: REGISTERED
D/InvalidationService( 4652): Registration status for Oid: <1004, EXPERIMENTS>: REGISTERED
D/InvalidationService( 4652): Registration status for Oid: <1004, HISTORY_DELETE_DIRECTIVE>: REGISTERED
D/InvalidationService( 4652): Registration status for Oid: <1004, PASSWORD>: REGISTERED
D/InvalidationService( 4652): Registration status for Oid: <1004, BOOKMARK>: REGISTERED
D/InvalidationService( 4652): Registration status for Oid: <1004, AUTOFILL_PROFILE>: REGISTERED
D/InvalidationService( 4652): Registration status for Oid: <1004, TYPED_URL>: REGISTERED
D/ConnectivityService(  768): handleInetConditionHoldEnd: net=1, condition=100, published condition=100
D/DelayedSyncController( 4652): No delayed sync.
W/InputMethodManagerService(  768): Window already focused, ignoring focus gain of: com.android.internal.view.IInputMethodClient$Stub$Proxy@431a0d90 attribute=null, token = android.os.BinderProxy@42fc6460
D/dalvikvm(16514): GC_CONCURRENT freed 489K, 5% free 17458K/18312K, paused 2ms+2ms, total 16ms
D/dalvikvm( 4652): GC_FOR_ALLOC freed 9218K, 30% free 21710K/30960K, paused 22ms, total 23ms
D/dalvikvm( 4652): GC_FOR_ALLOC freed 1190K, 31% free 21546K/30960K, paused 12ms, total 12ms
D/dalvikvm( 4652): GC_FOR_ALLOC freed 987K, 31% free 21544K/30960K, paused 11ms, total 11ms
D/dalvikvm( 4652): GC_FOR_ALLOC freed 1256K, 31% free 21521K/30960K, paused 16ms, total 16ms
D/ChildProcessLauncher( 4652): Setting up connection to process: slot=1
I/ActivityManager(  768): Start proc com.android.chrome:sandboxed_process1 for service com.android.chrome/org.chromium.content.app.SandboxedProcessService1: pid=4823 uid=99026 gids={}
I/ChildProcessService( 4823): Creating new ChildProcessService pid=4823
I/LibraryLoader( 4823): Loading: chrome.1985.135
D/dalvikvm( 4823): Trying to load lib /data/app-lib/com.android.chrome-2/libchrome.1985.135.so 0x425d1050
D/dalvikvm( 4823): Added shared lib /data/app-lib/com.android.chrome-2/libchrome.1985.135.so 0x425d1050
I/LibraryLoader( 4823): Time to load native libraries: 12 ms (timestamps 2298-2310)
I/LibraryLoader( 4823): Expected native library version number "36.0.1985.135",actual native library version number "36.0.1985.135"
I/chromium( 4823): [INFO:library_loader_hooks.cc(106)] Chromium logging enabled: level = 0, default verbosity = 0
V/RenderScript( 4652): Application requested CPU execution
V/RenderScript( 4652): 0x813b7e90 Launching thread(s), CPUs 4
D/ChildProcessLauncher( 4652): on connect callback, pid=4823 context=-2127389112
I/chromium( 4823): [INFO:SkUtilsArm.cpp(179)] Device supports ARM NEON instructions!
I/chromium( 4823): 
D/ChildProcessLauncher( 4652): Setting up connection to process: slot=2
I/ActivityManager(  768): Start proc com.android.chrome:sandboxed_process2 for service com.android.chrome/org.chromium.content.app.SandboxedProcessService2: pid=4855 uid=99027 gids={}
I/ChildProcessService( 4855): Creating new ChildProcessService pid=4855
I/LibraryLoader( 4855): Loading: chrome.1985.135
D/dalvikvm( 4855): Trying to load lib /data/app-lib/com.android.chrome-2/libchrome.1985.135.so 0x425d1df0
D/dalvikvm( 4855): Added shared lib /data/app-lib/com.android.chrome-2/libchrome.1985.135.so 0x425d1df0
I/LibraryLoader( 4855): Time to load native libraries: 15 ms (timestamps 2906-2921)
I/LibraryLoader( 4855): Expected native library version number "36.0.1985.135",actual native library version number "36.0.1985.135"
I/chromium( 4855): [INFO:library_loader_hooks.cc(106)] Chromium logging enabled: level = 0, default verbosity = 0
D/ChildProcessLauncher( 4652): on connect callback, pid=4855 context=-2127387952
I/ActivityManager(  768): Start proc com.android.chrome:sandboxed_process3 for service com.android.chrome/org.chromium.content.app.SandboxedProcessService3: pid=4879 uid=99028 gids={}
D/ChildProcessLauncher( 4652): Setting up connection to process: slot=3
D/dalvikvm( 4652): GC_CONCURRENT freed 768K, 29% free 22272K/30960K, paused 2ms+2ms, total 31ms
I/chromium( 4855): [INFO:SkUtilsArm.cpp(179)] Device supports ARM NEON instructions!
I/chromium( 4855): 
I/ChildProcessService( 4879): Creating new ChildProcessService pid=4879
I/LibraryLoader( 4879): Loading: chrome.1985.135
D/dalvikvm( 4879): Trying to load lib /data/app-lib/com.android.chrome-2/libchrome.1985.135.so 0x425d2b80
D/ChildProcessLauncher( 4652): on connect callback, pid=4879 context=-2125442080
D/dalvikvm( 4879): Added shared lib /data/app-lib/com.android.chrome-2/libchrome.1985.135.so 0x425d2b80
I/LibraryLoader( 4879): Time to load native libraries: 25 ms (timestamps 3303-3328)
I/LibraryLoader( 4879): Expected native library version number "36.0.1985.135",actual native library version number "36.0.1985.135"
I/chromium( 4879): [INFO:library_loader_hooks.cc(106)] Chromium logging enabled: level = 0, default verbosity = 0
I/chromium( 4879): [INFO:SkUtilsArm.cpp(179)] Device supports ARM NEON instructions!
I/chromium( 4879): 
D/ChildProcessLauncher( 4652): Setting up connection to process: slot=4
I/ActivityManager(  768): Start proc com.android.chrome:sandboxed_process4 for service com.android.chrome/org.chromium.content.app.SandboxedProcessService4: pid=4926 uid=99029 gids={}
I/ChildProcessService( 4926): Creating new ChildProcessService pid=4926
I/LibraryLoader( 4926): Loading: chrome.1985.135
D/dalvikvm( 4926): Trying to load lib /data/app-lib/com.android.chrome-2/libchrome.1985.135.so 0x425d3918
D/ChildProcessLauncher( 4652): on connect callback, pid=4926 context=-2140087064
D/dalvikvm( 4926): Added shared lib /data/app-lib/com.android.chrome-2/libchrome.1985.135.so 0x425d3918
I/LibraryLoader( 4926): Time to load native libraries: 16 ms (timestamps 3671-3687)
I/LibraryLoader( 4926): Expected native library version number "36.0.1985.135",actual native library version number "36.0.1985.135"
I/chromium( 4926): [INFO:library_loader_hooks.cc(106)] Chromium logging enabled: level = 0, default verbosity = 0
I/ActivityManager(  768): Start proc com.android.chrome:sandboxed_process5 for service com.android.chrome/org.chromium.content.app.SandboxedProcessService5: pid=4947 uid=99030 gids={}
D/ChildProcessLauncher( 4652): Setting up connection to process: slot=5
D/dalvikvm(  182): GC_EXPLICIT freed 39K, 1% free 16697K/16772K, paused 1ms+2ms, total 19ms
D/dalvikvm(  182): GC_EXPLICIT freed <1K, 1% free 16697K/16772K, paused 1ms+2ms, total 15ms
D/dalvikvm(  182): GC_EXPLICIT freed <1K, 1% free 16697K/16772K, paused 1ms+2ms, total 14ms
I/ChildProcessService( 4947): Creating new ChildProcessService pid=4947
I/LibraryLoader( 4947): Loading: chrome.1985.135
D/dalvikvm( 4947): Trying to load lib /data/app-lib/com.android.chrome-2/libchrome.1985.135.so 0x425d46b8
D/ChildProcessLauncher( 4652): on connect callback, pid=4947 context=-2125442592
D/dalvikvm( 4947): Added shared lib /data/app-lib/com.android.chrome-2/libchrome.1985.135.so 0x425d46b8
I/LibraryLoader( 4947): Time to load native libraries: 20 ms (timestamps 3920-3940)
I/LibraryLoader( 4947): Expected native library version number "36.0.1985.135",actual native library version number "36.0.1985.135"
I/chromium( 4947): [INFO:library_loader_hooks.cc(106)] Chromium logging enabled: level = 0, default verbosity = 0
I/ActivityManager(  768): Killing 12990:com.android.settings/1000 (adj 15): cached #9
I/WindowState(  768): WIN DEATH: Window{431d07f0 u0 com.android.settings/com.android.settings.applications.InstalledAppDetails}
I/WindowState(  768): WIN DEATH: Window{431b0c10 u0 com.android.settings/com.android.settings.Settings$BluetoothSettingsActivity}
I/chromium( 4926): [INFO:SkUtilsArm.cpp(179)] Device supports ARM NEON instructions!
I/chromium( 4926): 
V/PanelView(  880): animationTick called with dtms=0; nothing to do (h=399.0 v=2951.8699)
I/PowerManagerService(  768): Going to sleep by user request...
D/SurfaceFlinger(  181): Screen released, type=0 flinger=0xb7963450
D/qdhwcomposer(  181): hwc_blank: Blanking display: 0
D/qdhwcomposer(  181): hwc_blank: Done blanking display: 0
D/SurfaceControl(  768): Excessive delay in blankDisplay() while turning screen off: 293ms
W/ScreenOrientationListener( 4652): Removing an inexistent observer!
E/chromium( 4652): [ERROR:raw_channel_posix.cc(139)] recvmsg: Connection reset by peer
E/chromium( 4652): [ERROR:channel.cc(297)] RawChannel fatal error (type 1)
V/KeyguardHostView(  880): Initial transport state: 0, pbstate=2
W/ScreenOrientationListener( 4652): Removing an inexistent observer!
W/ScreenOrientationListener( 4652): Removing an inexistent observer!
E/chromium( 4652): [ERROR:raw_channel_posix.cc(139)] recvmsg: Connection reset by peer
E/chromium( 4652): [ERROR:channel.cc(297)] RawChannel fatal error (type 1)
W/ScreenOrientationListener( 4652): Removing an inexistent observer!
W/ScreenOrientationListener( 4652): Removing an inexistent observer!
E/chromium( 4652): [ERROR:raw_channel_posix.cc(139)] recvmsg: Connection reset by peer
E/chromium( 4652): [ERROR:channel.cc(297)] RawChannel fatal error (type 1)
W/ScreenOrientationListener( 4652): Removing an inexistent observer!
E/chromium( 4652): [ERROR:raw_channel_posix.cc(139)] recvmsg: Connection reset by peer
E/chromium( 4652): [ERROR:channel.cc(297)] RawChannel fatal error (type 1)
I/chromium( 4652): [INFO:child_process_launcher.cc(380)] ChromeProcess: Stopping process with handle 4926
D/ChildProcessLauncher( 4652): stopping child connection: pid=4926
E/chromium( 4652): [ERROR:raw_channel_posix.cc(139)] recvmsg: Connection reset by peer
E/chromium( 4652): [ERROR:channel.cc(297)] RawChannel fatal error (type 1)
E/chromium( 4652): [ERROR:raw_channel_posix.cc(139)] recvmsg: Connection reset by peer
E/chromium( 4652): [ERROR:channel.cc(297)] RawChannel fatal error (type 1)
E/JavaBinder(  768): !!! FAILED BINDER TRANSACTION !!!
V/KeyguardHostView(  880): hide transport, gen:546
V/KeyguardHostView(  880): music state changed: 2
W/ChildProcessConnection( 4652): onServiceDisconnected (crash or killed by oom): pid=4688
I/chromium( 4652): [INFO:child_process_launcher.cc(380)] ChromeProcess: Stopping process with handle 4855
D/ChildProcessLauncher( 4652): stopping child connection: pid=4855
E/JavaBinder(  768): !!! FAILED BINDER TRANSACTION !!!
E/JavaBinder(  768): !!! FAILED BINDER TRANSACTION !!!
W/ActivityManager(  768): Exception when unbinding service com.android.chrome/org.chromium.content.app.SandboxedProcessService4
W/ActivityManager(  768): android.os.TransactionTooLargeException
W/ActivityManager(  768): 	at android.os.BinderProxy.transact(Native Method)
W/ActivityManager(  768): 	at android.app.ApplicationThreadProxy.scheduleUnbindService(ApplicationThreadNative.java:874)
W/ActivityManager(  768): 	at com.android.server.am.ActiveServices.removeConnectionLocked(ActiveServices.java:1713)
W/ActivityManager(  768): 	at com.android.server.am.ActiveServices.unbindServiceLocked(ActiveServices.java:860)
W/ActivityManager(  768): 	at com.android.server.am.ActivityManagerService.unbindService(ActivityManagerService.java:12776)
W/ActivityManager(  768): 	at android.app.ActivityManagerNative.onTransact(ActivityManagerNative.java:869)
W/ActivityManager(  768): 	at com.android.server.am.ActivityManagerService.onTransact(ActivityManagerService.java:2071)
W/ActivityManager(  768): 	at android.os.Binder.execTransact(Binder.java:404)
W/ActivityManager(  768): 	at dalvik.system.NativeStart.run(Native Method)
I/ActivityManager(  768): Process com.android.chrome:sandboxed_process0 (pid 4688) has died.
W/ActivityManager(  768): Scheduling restart of crashed service com.android.chrome/org.chromium.content.app.SandboxedProcessService0 in 1000ms
I/ActivityManager(  768): Killing 4926:com.android.chrome:sandboxed_process4/u0a31i29 (adj 9): isolated not needed
W/ActivityManager(  768): Exception when unbinding service com.android.chrome/org.chromium.content.app.SandboxedProcessService2
W/ActivityManager(  768): android.os.TransactionTooLargeException
W/ActivityManager(  768): 	at android.os.BinderProxy.transact(Native Method)
W/ActivityManager(  768): 	at android.app.ApplicationThreadProxy.scheduleUnbindService(ApplicationThreadNative.java:874)
W/ActivityManager(  768): 	at com.android.server.am.ActiveServices.removeConnectionLocked(ActiveServices.java:1713)
W/ActivityManager(  768): 	at com.android.server.am.ActiveServices.unbindServiceLocked(ActiveServices.java:860)
W/ActivityManager(  768): 	at com.android.server.am.ActivityManagerService.unbindService(ActivityManagerService.java:12776)
W/ActivityManager(  768): 	at android.app.ActivityManagerNative.onTransact(ActivityManagerNative.java:869)
W/ActivityManager(  768): 	at com.android.server.am.ActivityManagerService.onTransact(ActivityManagerService.java:2071)
W/ActivityManager(  768): 	at android.os.Binder.execTransact(Binder.java:404)
W/ActivityManager(  768): 	at dalvik.system.NativeStart.run(Native Method)
D/ChildProcessLauncher( 4652): stopping child connection: pid=4688
I/ActivityManager(  768): Process com.android.chrome:sandboxed_process3 (pid 4879) has died.
W/ActivityManager(  768): Scheduling restart of crashed service com.android.chrome/org.chromium.content.app.SandboxedProcessService3 in 10995ms
I/ActivityManager(  768): Killing 4855:com.android.chrome:sandboxed_process2/u0a31i27 (adj 9): isolated not needed
I/ActivityManager(  768): Process com.android.chrome:sandboxed_process1 (pid 4823) has died.
W/ActivityManager(  768): Scheduling restart of crashed service com.android.chrome/org.chromium.content.app.SandboxedProcessService1 in 20987ms
W/ChildProcessConnection( 4652): onServiceDisconnected (crash or killed by oom): pid=4879
D/ChildProcessLauncher( 4652): stopping child connection: pid=4879
W/ChildProcessConnection( 4652): onServiceDisconnected (crash or killed by oom): pid=4823
D/ChildProcessLauncher( 4652): stopping child connection: pid=4823
W/l       ( 4652): [TiclService] Ticl being stopped: Client: com.google.protos.ipc.invalidation.ClientProtocol$ApplicationClientIdP@4327e790, \n\006\n\004\010\003\020\001\022\022\t(\362\362Q\377\2601\236\021LM\370zf\341\230\010\032\007\010\203\022\020\003\030\r, <RunState: STARTED>
W/ChildProcessConnection( 4652): onServiceDisconnected (crash or killed by oom): pid=4947
I/ActivityManager(  768): Process com.android.chrome:sandboxed_process5 (pid 4947) has died.
W/ActivityManager(  768): Scheduling restart of crashed service com.android.chrome/org.chromium.content.app.SandboxedProcessService5 in 1000ms
D/ChildProcessLauncher( 4652): stopping child connection: pid=4947
W/View    (  880): requestLayout() improperly called by android.widget.TextClock{43d437d8 V.ED.... ......ID 223,0-659,320 #7f0a0047 app:id/clock_view} during layout: running second layout pass
W/View    (  880): requestLayout() improperly called by android.widget.TextClock{43a0a000 V.ED.... ......ID 304,0-578,57 #7f0a004c app:id/date_view} during layout: running second layout pass
D/PhoneStatusBar(  880): disable: < EXPAND* icons alerts TICKER* system_info back home RECENT* clock search >
V/PanelView(  880): animationTick called with dtms=0; nothing to do (h=1776.0 v=-6000.0)
V/PanelView(  880): animationTick called with dtms=0; nothing to do (h=1776.0 v=-6000.0)
D/PhoneStatusBar(  880): disable: < EXPAND icons alerts TICKER system_info BACK* HOME* RECENT CLOCK* search >
D/YouTube MDX( 1935): Recieved intent android.intent.action.SCREEN_OFF
D/YouTube MDX( 1935): Recieved intent android.intent.action.SCREEN_OFF
D/NfcService( 1051): NFC-C OFF
W/IdleConnectionHandler(25385): Removing a connection that never existed!
W/IdleConnectionHandler( 4453): Removing a connection that never existed!
W/IdleConnectionHandler( 4453): Removing a connection that never existed!
W/IdleConnectionHandler( 4453): Removing a connection that never existed!
I/Icing   ( 1167): Indexing 247DE2EF15692CB5D17A623A2780FF2EE0E109C0 from com.android.chrome
D/dalvikvm( 4652): GC_CONCURRENT freed 1779K, 29% free 22225K/30960K, paused 3ms+1ms, total 19ms
D/dalvikvm(  768): GC_EXPLICIT freed 1234K, 28% free 43900K/60312K, paused 2ms+8ms, total 94ms
I/Icing   ( 1167): Indexing done 247DE2EF15692CB5D17A623A2780FF2EE0E109C0
I/GCoreUlr( 1320): Successfully inserted location
I/GCoreUlr( 1320): Not calling LocationReportingService, hasMoved: false, elapsed millis: 849434, request: Phone
I/Metrics:BatchTransmitte( 8793): QueuePusher.sendBatches - Drained batch queue.; Number of batches sent: 0
W/GA-SERVICE( 1167): Thread[Thread-3681,5,main]: hit:_gmsv=1-5089038&ul=en-us&sr=1080x1776&ht=1409170668705&sc=start&AppUID=10090&aid=me.scan.android.client&cid=3fb1b6bc-eace-4a58-af39-27e4d45872e8&av=2.2.1&v=1&t=appview&an=QR+Code+Reader&aiid=com.android.vending&tid=UA-20854460-4&_u=.9r38&_v=ma3.0.0&cd=me.scan.android.client.ui.ScanActivity&qt=120080&z=3977
V/LocalService( 2336): USB Update Ignore, is_plugged != IsUSBPlugged
D/dalvikvm( 4453): GC_CONCURRENT freed 2192K, 9% free 24330K/26556K, paused 22ms+3ms, total 110ms
D/dalvikvm( 1320): GC_CONCURRENT freed 1544K, 10% free 21462K/23720K, paused 6ms+7ms, total 70ms
D/dalvikvm( 1320): WAIT_FOR_CONCURRENT_GC blocked 64ms
I/GCoreUlr( 1320): Successfully inserted location
I/GCoreUlr( 1320): Not calling LocationReportingService, hasMoved: false, elapsed millis: 932425, request: Phone
D/dalvikvm(25385): GC_CONCURRENT freed 2944K, 34% free 25970K/39248K, paused 21ms+3ms, total 99ms
I/GCoreUlr( 1320): Successfully inserted location
I/GCoreUlr( 1320): Not calling LocationReportingService, hasMoved: false, elapsed millis: 993348, request: Phone
D/YouTube ( 1935): apps.youtube.common.f.j.b:26 Executed scheduled task of type com.google.android.apps.youtube.datalib.offline.a.b
D/YouTube ( 1935): apps.youtube.common.f.j.a:294 Updating task com.google.android.apps.youtube.datalib.offline.a.b
D/YouTube ( 1935): apps.youtube.datalib.offline.a.b.a:56 Flushing offline queue.
D/dalvikvm( 1029): GC_CONCURRENT freed 438K, 4% free 18150K/18780K, paused 1ms+2ms, total 27ms
D/dalvikvm( 1320): GC_CONCURRENT freed 1529K, 10% free 21435K/23720K, paused 9ms+5ms, total 52ms
I/GCoreUlr( 1320): Successfully inserted location
I/GCoreUlr( 1320): Not calling LocationReportingService, hasMoved: false, elapsed millis: 1053505, request: Phone
V/LocalService( 2336): USB Update Ignore, is_plugged != IsUSBPlugged
I/PowerManagerService(  768): Waking up from sleep...
V/LocalService( 2336): USB Update Ignore, active_on_usb = false
I/EntropyMixer(  768): Writing entropy...
I/ActivityManager(  768): Start proc com.google.android.gallery3d for broadcast com.google.android.gallery3d/com.google.android.picasasync.BatteryReceiver: pid=5261 uid=10039 gids={50039, 3003, 1028, 1015}
D/SurfaceFlinger(  181): Screen acquired, type=0 flinger=0xb7963450
D/qdhwcomposer(  181): hwc_blank: Unblanking display: 0
V/KeyguardServiceDelegate(  768): onScreenTurnedOn(showListener = com.android.internal.policy.impl.PhoneWindowManager$17@4388b0e8)
V/KeyguardServiceDelegate(  768): **** SHOWN CALLED ****
I/WindowManager(  768): Lock screen displayed!
D/DisplayPowerController(  768): Unblocked screen on after 301410889 ms
D/ConnectivityService(  768): startUsingNetworkFeature reconnecting to 0: enableSUPL
D/ConnectivityService(  768): startUsingNetworkFeature X: return APN_REQUEST_STARTED
D/MobileDataStateTracker(  768): supl: Broadcast received: android.intent.action.ANY_DATA_STATE apnType=supl
D/MobileDataStateTracker(  768): supl: Received state=CONNECTING, old=DISCONNECTED, reason=dataEnabled
D/MobileDataStateTracker(  768): supl: setDetailed state, old =IDLE and new state=CONNECTING
D/MobileDataStateTracker(  768): fota: Broadcast received: android.intent.action.ANY_DATA_STATE apnType=fota
D/MobileDataStateTracker(  768): fota: Received state=DISCONNECTED, old=DISCONNECTED, reason=dataEnabled
D/MobileDataStateTracker(  768): dun: Broadcast received: android.intent.action.ANY_DATA_STATE apnType=dun
D/MobileDataStateTracker(  768): dun: Received state=DISCONNECTED, old=DISCONNECTED, reason=dataEnabled
D/MobileDataStateTracker(  768): ia: Broadcast received: android.intent.action.ANY_DATA_STATE apnType=ia
D/MobileDataStateTracker(  768): ia: Received state=DISCONNECTED, old=DISCONNECTED, reason=dataEnabled
D/MobileDataStateTracker(  768): hipri: Broadcast received: android.intent.action.ANY_DATA_STATE apnType=hipri
D/MobileDataStateTracker(  768): hipri: Received state=DISCONNECTED, old=DISCONNECTED, reason=dataEnabled
D/MobileDataStateTracker(  768): ims: Broadcast received: android.intent.action.ANY_DATA_STATE apnType=ims
D/MobileDataStateTracker(  768): ims: Received state=DISCONNECTED, old=DISCONNECTED, reason=dataEnabled
D/MobileDataStateTracker(  768): default: Broadcast received: android.intent.action.ANY_DATA_STATE apnType=default
D/MobileDataStateTracker(  768): default: Received state=DISCONNECTED, old=DISCONNECTED, reason=dataEnabled
D/MobileDataStateTracker(  768): mms: Broadcast received: android.intent.action.ANY_DATA_STATE apnType=mms
D/MobileDataStateTracker(  768): mms: Received state=DISCONNECTED, old=DISCONNECTED, reason=dataEnabled
D/MobileDataStateTracker(  768): cbs: Broadcast received: android.intent.action.ANY_DATA_STATE apnType=cbs
D/MobileDataStateTracker(  768): cbs: Received state=DISCONNECTED, old=DISCONNECTED, reason=dataEnabled
D/MobileDataStateTracker(  768): supl: Broadcast received: android.intent.action.ANY_DATA_STATE apnType=supl
D/MobileDataStateTracker(  768): supl: Received state=CONNECTED, old=CONNECTING, reason=connected
D/MobileDataStateTracker(  768): supl: setDetailed state, old =CONNECTING and new state=CONNECTED
D/ConnectivityService(  768): ConnectivityChange for mobile_supl: CONNECTED/CONNECTED
D/dalvikvm( 1029): GC_CONCURRENT freed 429K, 4% free 18147K/18780K, paused 2ms+1ms, total 17ms
D/qdhwcomposer(  181): hwc_blank: Done unblanking display: 0
D/SurfaceControl(  768): Excessive delay in unblankDisplay() while turning screen on: 233ms
E/ConnectivityService(  768): Exception trying to remove a route: java.lang.IllegalStateException: command '5237 interface route remove rmnet0 default 0.0.0.0 0 10.54.228.46' failed with '400 5237 Failed to remove route from default table (No such process)'
D/Nat464Xlat(  768): requiresClat: netType=3, hasIPv4Address=true
D/MobileDataStateTracker(  768): default: setPolicyDataEnable(enabled=true)
I/USERIAL_LINUX( 1051): USERIAL_Open(): enter
I/USERIAL_LINUX( 1051): USERIAL_Open() device: /dev/bcm2079x port=5, uart_port=0 WAKE_DELAY(20) WRITE_DELAY(20) POWER_ON_DELAY(0) PRE_POWER_OFF_DELAY(10) POST_POWER_OFF_DELAY(0)
I/USERIAL_LINUX( 1051): USERIAL_Open(): exit
D/YouTube MDX( 1935): Recieved intent android.intent.action.SCREEN_ON
D/YouTube MDX( 1935): Recieved intent android.intent.action.SCREEN_ON
E/LocSvc_eng(  768): W/AgpsReleasedState: unrecognized event 3
D/ConnectivityService(  768): stopUsingNetworkFeature: teardown net 0: enableSUPL
D/MobileDataStateTracker(  768): default: setPolicyDataEnable(enabled=true)
D/dalvikvm( 5261): GC_CONCURRENT freed 295K, 2% free 16832K/17160K, paused 3ms+1ms, total 14ms
D/MobileDataStateTracker(  768): supl: Broadcast received: android.intent.action.ANY_DATA_STATE apnType=supl
E/SecondaryTablController(  178): ip route del failed: /system/bin/ip route del 10.54.228.46/32 via 0.0.0.0 dev rmnet0 table 60
D/MobileDataStateTracker(  768): supl: Received state=DISCONNECTED, old=CONNECTED, reason=dataDisabled
D/MobileDataStateTracker(  768): supl: setDetailed state, old =CONNECTED and new state=DISCONNECTED
D/ConnectivityService(  768): ConnectivityChange for mobile_supl: DISCONNECTED/DISCONNECTED
W/FrameworkListener(  178): Handler 'interface' error (No such device)
I/ActivityManager(  768): Start proc com.google.android.apps.plus for broadcast com.google.android.apps.plus/.service.BatteryReceiver: pid=5351 uid=10063 gids={50063, 3003, 3002, 1028, 1015}
E/SecondaryTablController(  178): ip route del failed: /system/bin/ip route del 0.0.0.0/0 via 10.54.228.46 dev rmnet0 table 60
D/UploadsManager( 5261):    wifiOnlyPhoto changed to true
D/UploadsManager( 5261):    wifiOnlyVideo changed to true
D/UploadsManager( 5261):    syncOnBattery changed to true
D/PicasaSync( 5261): sync account database
D/NetUtils(  768): android_net_utils_resetConnections in env=0x780c84c0 clazz=0x7600001 iface=rmnet0 mask=0x3
W/FrameworkListener(  178): Handler 'interface' error (No such device)
D/ConnectivityService(  768): resetConnections(rmnet0, 3)
D/PicasaSync( 5261): accounts in DB=1
D/PicasaSyncManager( 5261): active network: NetworkInfo: type: WIFI[], state: CONNECTED/CONNECTED, reason: (unspecified), extra: "Alex's Wi-Fi Network 5GHz", roaming: false, failover: false, isAvailable: true, isConnectedToProvisioningNetwork: false
D/PicasaSyncManager( 5261): background data: true
D/PicasaSyncManager( 5261): battery info: true
D/Nat464Xlat(  768): requiresClat: netType=3, hasIPv4Address=true
D/MobileDataStateTracker(  768): default: setPolicyDataEnable(enabled=true)
D/dalvikvm( 5261): GC_CONCURRENT freed 187K, 2% free 17052K/17272K, paused 10ms+1ms, total 25ms
D/dalvikvm(  768): GC_EXPLICIT freed 4139K, 28% free 43999K/60312K, paused 3ms+8ms, total 98ms
D/MobileDataStateTracker(  768): default: setPolicyDataEnable(enabled=true)
D/MobileDataStateTracker(  768): default: setPolicyDataEnable(enabled=true)
D/MobileDataStateTracker(  768): default: setPolicyDataEnable(enabled=true)
D/dalvikvm( 5351): GC_CONCURRENT freed 265K, 2% free 16891K/17188K, paused 3ms+3ms, total 16ms
D/dalvikvm( 5351): Trying to load lib /data/app-lib/com.google.android.apps.plus-2/libcrashreporter.so 0x425d1150
D/dalvikvm( 5351): Added shared lib /data/app-lib/com.google.android.apps.plus-2/libcrashreporter.so 0x425d1150
D/dalvikvm( 5351): GC_CONCURRENT freed 323K, 3% free 16998K/17352K, paused 2ms+1ms, total 11ms
D/dalvikvm( 5351): GC_CONCURRENT freed 173K, 2% free 17257K/17460K, paused 2ms+3ms, total 14ms
I/ActivityManager(  768): Start proc com.capigami.outofmilk for broadcast com.capigami.outofmilk/.receiver.PowerConnectedReceiver: pid=5389 uid=10093 gids={50093, 3003, 1028, 1015}
I/Adreno-EGL( 5351): <qeglDrvAPI_eglInitialize:320>: EGL 1.4 QUALCOMM Build: I0404c4692afb8623f95c43aeb6d5e13ed4b30ddbDate: 11/06/13
E/iu.IUProvider( 5351): Account not found: account is null
D/dalvikvm(16514): GC_CONCURRENT freed 479K, 6% free 17376K/18312K, paused 1ms+1ms, total 11ms
W/System.err( 5389): java.lang.ClassNotFoundException: org.apache.harmony.lang.annotation.AnnotationFactory
W/System.err( 5389): 	at java.lang.Class.classForName(Native Method)
W/System.err( 5389): 	at java.lang.Class.forName(Class.java:251)
W/System.err( 5389): 	at java.lang.Class.forName(Class.java:216)
W/System.err( 5389): 	at com.capigami.outofmilk.activerecord.ActiveRecord.<clinit>(SourceFile:72)
W/System.err( 5389): 	at com.capigami.outofmilk.provider.PrivateContentProvider.<clinit>(SourceFile:97)
W/System.err( 5389): 	at java.lang.Class.newInstanceImpl(Native Method)
W/System.err( 5389): 	at java.lang.Class.newInstance(Class.java:1208)
W/System.err( 5389): 	at android.app.ActivityThread.installProvider(ActivityThread.java:4762)
W/System.err( 5389): 	at android.app.ActivityThread.installContentProviders(ActivityThread.java:4369)
W/System.err( 5389): 	at android.app.ActivityThread.handleBindApplication(ActivityThread.java:4309)
W/System.err( 5389): 	at android.app.ActivityThread.access$1500(ActivityThread.java:135)
W/System.err( 5389): 	at android.app.ActivityThread$H.handleMessage(ActivityThread.java:1256)
W/System.err( 5389): 	at android.os.Handler.dispatchMessage(Handler.java:102)
W/System.err( 5389): 	at android.os.Looper.loop(Looper.java:136)
W/System.err( 5389): 	at android.app.ActivityThread.main(ActivityThread.java:5001)
W/System.err( 5389): 	at java.lang.reflect.Method.invokeNative(Native Method)
W/System.err( 5389): 	at java.lang.reflect.Method.invoke(Method.java:515)
W/System.err( 5389): 	at com.android.internal.os.ZygoteInit$MethodAndArgsCaller.run(ZygoteInit.java:785)
W/System.err( 5389): 	at com.android.internal.os.ZygoteInit.main(ZygoteInit.java:601)
W/System.err( 5389): 	at dalvik.system.NativeStart.main(Native Method)
W/System.err( 5389): Caused by: java.lang.NoClassDefFoundError: org/apache/harmony/lang/annotation/AnnotationFactory
W/System.err( 5389): 	... 20 more
W/System.err( 5389): Caused by: java.lang.ClassNotFoundException: Didn't find class "org.apache.harmony.lang.annotation.AnnotationFactory" on path: DexPathList[[zip file "/data/app/com.capigami.outofmilk-1.apk"],nativeLibraryDirectories=[/data/app-lib/com.capigami.outofmilk-1, /vendor/lib, /system/lib]]
W/System.err( 5389): 	at dalvik.system.BaseDexClassLoader.findClass(BaseDexClassLoader.java:56)
W/System.err( 5389): 	at java.lang.ClassLoader.loadClass(ClassLoader.java:497)
W/System.err( 5389): 	at java.lang.ClassLoader.loadClass(ClassLoader.java:457)
W/System.err( 5389): 	... 20 more
D/ACRA    ( 5389): Retrieve application default SharedPreferences.
D/ACRA    ( 5389): Set OnSharedPreferenceChangeListener.
D/ACRA    ( 5389): ACRA is enabled for com.capigami.outofmilk, intializing...
D/ACRA    ( 5389): Looking for error files in /data/data/com.capigami.outofmilk/files
D/dalvikvm( 5389): GC_CONCURRENT freed 256K, 2% free 16870K/17160K, paused 2ms+6ms, total 17ms
W/ContextImpl( 5389): Implicit intents with startService are not safe: Intent { act=com.google.android.location.internal.GoogleLocationManagerService.START } android.content.ContextWrapper.bindService:517 com.google.android.gms.internal.bx.a:-1 com.google.android.gms.internal.bw.a:-1 
D/dalvikvm( 5389): GC_CONCURRENT freed 224K, 2% free 17142K/17400K, paused 1ms+1ms, total 16ms
D/dalvikvm( 5351): GC_CONCURRENT freed 287K, 2% free 17384K/17704K, paused 2ms+2ms, total 15ms
D/MtpService(16514): updating state; isCurrentUser=true, mMtpLocked=true
D/MtpService(16514): updating state; isCurrentUser=true, mMtpLocked=true
D/MtpService(16514): starting MTP server in MTP mode
D/MtpService(16514): addStorageLocked 65537 /storage/emulated/0
D/PhoneStatusBar(  880): disable: < expand* icons alerts ticker* system_info back* home* recent* clock* search >
W/CookiesFetcher( 4652): IOException during Cooke Restore
D/NfcService( 1051): NFC-C ON
W/InputMethodManagerService(  768): Window already focused, ignoring focus gain of: com.android.internal.view.IInputMethodClient$Stub$Proxy@430c76c8 attribute=android.view.inputmethod.EditorInfo@43186258, token = android.os.BinderProxy@42fc6460
D/dalvikvm( 5389): GC_CONCURRENT freed 475K, 3% free 17149K/17660K, paused 3ms+2ms, total 19ms
D/Tethering(  768): MasterInitialState.processMessage what=3
D/YouTube ( 1935): apps.youtube.common.f.d.a:25 Executing ConditionTask com.google.android.apps.youtube.datalib.offline.a.a
D/YouTube ( 1935): apps.youtube.datalib.offline.a.a.a:35 Network change detected, dispatch offline http requests.
D/GCM     ( 1111): GcmService start Intent { act=android.net.conn.CONNECTIVITY_CHANGE flg=0x4000010 cmp=com.google.android.gms/.gcm.GcmService (has extras) } android.net.conn.CONNECTIVITY_CHANGE
D/dalvikvm( 5351): GC_FOR_ALLOC freed 186K, 3% free 17359K/17724K, paused 13ms, total 13ms
I/dalvikvm-heap( 5351): Grow heap (frag case) to 20.890MB for 4099024-byte allocation
D/dalvikvm( 5351): GC_FOR_ALLOC freed 3K, 2% free 21359K/21728K, paused 10ms, total 10ms
