D/MobileDataStateTracker(  768): supl: Received state=CONNECTED, old=CONNECTING, reason=connected
D/MobileDataStateTracker(  768): supl: setDetailed state, old =CONNECTING and new state=CONNECTED
D/ConnectivityService(  768): ConnectivityChange for mobile_supl: CONNECTED/CONNECTED
E/ConnectivityService(  768): Exception trying to remove a route: java.lang.IllegalStateException: command '4925 interface route remove rmnet0 default 0.0.0.0 0 10.54.228.46' failed with '400 4925 Failed to remove route from default table (No such process)'
D/Nat464Xlat(  768): requiresClat: netType=3, hasIPv4Address=true
D/MobileDataStateTracker(  768): default: setPolicyDataEnable(enabled=true)
D/MobileDataStateTracker(  768): default: setPolicyDataEnable(enabled=true)
D/ConnectivityService(  768): handleInetConditionHoldEnd: net=1, condition=100, published condition=100
D/ConnectivityService(  768): stopUsingNetworkFeature: teardown net 0: enableSUPL
D/MobileDataStateTracker(  768): supl: Broadcast received: android.intent.action.ANY_DATA_STATE apnType=supl
D/MobileDataStateTracker(  768): supl: Received state=DISCONNECTED, old=CONNECTED, reason=dataDisabled
D/MobileDataStateTracker(  768): supl: setDetailed state, old =CONNECTED and new state=DISCONNECTED
D/ConnectivityService(  768): ConnectivityChange for mobile_supl: DISCONNECTED/DISCONNECTED
W/FrameworkListener(  178): Handler 'interface' error (No such device)
W/FrameworkListener(  178): Handler 'interface' error (No such device)
D/ConnectivityService(  768): resetConnections(rmnet0, 3)
D/Nat464Xlat(  768): requiresClat: netType=3, hasIPv4Address=true
D/MobileDataStateTracker(  768): default: setPolicyDataEnable(enabled=true)
D/MobileDataStateTracker(  768): default: setPolicyDataEnable(enabled=true)
D/MobileDataStateTracker(  768): default: setPolicyDataEnable(enabled=true)
D/MobileDataStateTracker(  768): default: setPolicyDataEnable(enabled=true)
D/ConnectivityService(  768): handleInetConditionHoldEnd: net=1, condition=100, published condition=100
I/ActivityManager(  768): Killing 18084:com.google.android.partnersetup/u0a11 (adj 15): empty for 1805s
I/ProcessStatsService(  768): Prepared write state in 62ms
I/ProcessStatsService(  768): Prepared write state in 5ms
D/MobileDataStateTracker(  768): default: setPolicyDataEnable(enabled=true)
V/BackupManagerService(  768): Running a backup pass
V/BackupManagerService(  768): clearing pending backups
V/PerformBackupTask(  768): Beginning backup of 1 targets
D/PerformBackupTask(  768): invokeAgentForBackup on @pm@
I/PerformBackupTask(  768): no backup data written; not calling transport
D/PerformBackupTask(  768): starting agent for backup of BackupRequest{pkg=android}
D/BackupManagerService(  768): awaiting agent for ApplicationInfo{4271fe60 android}
D/BackupManagerService(  768): agentConnected pkg=android agent=android.app.backup.BackupAgent$BackupServiceBinder@441284c0
I/BackupManagerService(  768): got agent android.app.backup.BackupAgent$BackupServiceBinder@441284c0
D/PerformBackupTask(  768): invokeAgentForBackup on android
I/PerformBackupTask(  768): no backup data written; not calling transport
I/PerformBackupTask(  768): Backup pass finished.
D/ConnectivityService(  768): handleInetConditionHoldEnd: net=1, condition=100, published condition=100
I/ActivityManager(  768): Killing 19028:com.google.android.talk/u0a51 (adj 15): empty for 1826s
D/ConnectivityService(  768): Sampling interval elapsed, updating statistics ..
D/ConnectivityService(  768): Done.
D/ConnectivityService(  768): Setting timer for 720seconds
D/ConnectivityService(  768): startUsingNetworkFeature reconnecting to 0: enableSUPL
D/ConnectivityService(  768): startUsingNetworkFeature X: return APN_REQUEST_STARTED
D/MobileDataStateTracker(  768): supl: Broadcast received: android.intent.action.ANY_DATA_STATE apnType=supl
D/MobileDataStateTracker(  768): supl: Received state=CONNECTING, old=DISCONNECTED, reason=dataEnabled
D/MobileDataStateTracker(  768): supl: setDetailed state, old =IDLE and new state=CONNECTING
D/MobileDataStateTracker(  768): fota: Broadcast received: android.intent.action.ANY_DATA_STATE apnType=fota
D/MobileDataStateTracker(  768): fota: Received state=DISCONNECTED, old=DISCONNECTED, reason=dataEnabled
D/MobileDataStateTracker(  768): dun: Broadcast received: android.intent.action.ANY_DATA_STATE apnType=dun
D/MobileDataStateTracker(  768): dun: Received state=DISCONNECTED, old=DISCONNECTED, reason=dataEnabled
D/MobileDataStateTracker(  768): ia: Broadcast received: android.intent.action.ANY_DATA_STATE apnType=ia
D/MobileDataStateTracker(  768): ia: Received state=DISCONNECTED, old=DISCONNECTED, reason=dataEnabled
D/MobileDataStateTracker(  768): hipri: Broadcast received: android.intent.action.ANY_DATA_STATE apnType=hipri
D/MobileDataStateTracker(  768): hipri: Received state=DISCONNECTED, old=DISCONNECTED, reason=dataEnabled
D/MobileDataStateTracker(  768): ims: Broadcast received: android.intent.action.ANY_DATA_STATE apnType=ims
D/MobileDataStateTracker(  768): ims: Received state=DISCONNECTED, old=DISCONNECTED, reason=dataEnabled
D/MobileDataStateTracker(  768): default: Broadcast received: android.intent.action.ANY_DATA_STATE apnType=default
D/MobileDataStateTracker(  768): default: Received state=DISCONNECTED, old=DISCONNECTED, reason=dataEnabled
D/MobileDataStateTracker(  768): mms: Broadcast received: android.intent.action.ANY_DATA_STATE apnType=mms
D/MobileDataStateTracker(  768): mms: Received state=DISCONNECTED, old=DISCONNECTED, reason=dataEnabled
D/MobileDataStateTracker(  768): cbs: Broadcast received: android.intent.action.ANY_DATA_STATE apnType=cbs
D/MobileDataStateTracker(  768): cbs: Received state=DISCONNECTED, old=DISCONNECTED, reason=dataEnabled
D/MobileDataStateTracker(  768): supl: Broadcast received: android.intent.action.ANY_DATA_STATE apnType=supl
D/MobileDataStateTracker(  768): supl: Received state=CONNECTED, old=CONNECTING, reason=connected
D/MobileDataStateTracker(  768): supl: setDetailed state, old =CONNECTING and new state=CONNECTED
D/ConnectivityService(  768): ConnectivityChange for mobile_supl: CONNECTED/CONNECTED
E/ConnectivityService(  768): Exception trying to remove a route: java.lang.IllegalStateException: command '4952 interface route remove rmnet0 default 0.0.0.0 0 10.54.228.46' failed with '400 4952 Failed to remove route from default table (No such process)'
D/Nat464Xlat(  768): requiresClat: netType=3, hasIPv4Address=true
D/MobileDataStateTracker(  768): default: setPolicyDataEnable(enabled=true)
D/MobileDataStateTracker(  768): default: setPolicyDataEnable(enabled=true)
D/ConnectivityService(  768): handleInetConditionHoldEnd: net=1, condition=100, published condition=100
D/ConnectivityService(  768): stopUsingNetworkFeature: teardown net 0: enableSUPL
D/MobileDataStateTracker(  768): supl: Broadcast received: android.intent.action.ANY_DATA_STATE apnType=supl
D/MobileDataStateTracker(  768): supl: Received state=DISCONNECTED, old=CONNECTED, reason=dataDisabled
D/MobileDataStateTracker(  768): supl: setDetailed state, old =CONNECTED and new state=DISCONNECTED
D/ConnectivityService(  768): ConnectivityChange for mobile_supl: DISCONNECTED/DISCONNECTED
W/FrameworkListener(  178): Handler 'interface' error (No such device)
W/FrameworkListener(  178): Handler 'interface' error (No such device)
D/ConnectivityService(  768): resetConnections(rmnet0, 3)
D/Nat464Xlat(  768): requiresClat: netType=3, hasIPv4Address=true
D/MobileDataStateTracker(  768): default: setPolicyDataEnable(enabled=true)
D/MobileDataStateTracker(  768): default: setPolicyDataEnable(enabled=true)
D/MobileDataStateTracker(  768): default: setPolicyDataEnable(enabled=true)
D/MobileDataStateTracker(  768): default: setPolicyDataEnable(enabled=true)
D/ConnectivityService(  768): handleInetConditionHoldEnd: net=1, condition=100, published condition=100
I/ActivityManager(  768): Killing 19856:com.android.providers.calendar/u0a1 (adj 15): empty for 1800s
I/ActivityManager(  768): Killing 19889:com.google.android.calendar/u0a28 (adj 15): empty for 1821s
I/ActivityManager(  768): Killing 16388:com.google.android.gm/u0a41 (adj 15): empty for 1804s
D/ConnectivityService(  768): handleInetConditionHoldEnd: net=1, condition=100, published condition=100
D/ConnectivityService(  768): Sampling interval elapsed, updating statistics ..
D/ConnectivityService(  768): Done.
D/ConnectivityService(  768): Setting timer for 720seconds
I/ActivityManager(  768): Start proc com.ubercab for broadcast com.ubercab/.client.core.vendor.google.gcm.GcmReceiver: pid=20929 uid=10111 gids={50111, 3003, 1028, 1015}
D/ConnectivityService(  768): handleInetConditionHoldEnd: net=1, condition=100, published condition=100
D/ConnectivityService(  768): startUsingNetworkFeature reconnecting to 0: enableSUPL
D/ConnectivityService(  768): startUsingNetworkFeature X: return APN_REQUEST_STARTED
D/MobileDataStateTracker(  768): supl: Broadcast received: android.intent.action.ANY_DATA_STATE apnType=supl
D/MobileDataStateTracker(  768): supl: Received state=CONNECTING, old=DISCONNECTED, reason=dataEnabled
D/MobileDataStateTracker(  768): supl: setDetailed state, old =IDLE and new state=CONNECTING
D/MobileDataStateTracker(  768): fota: Broadcast received: android.intent.action.ANY_DATA_STATE apnType=fota
D/MobileDataStateTracker(  768): fota: Received state=DISCONNECTED, old=DISCONNECTED, reason=dataEnabled
D/MobileDataStateTracker(  768): dun: Broadcast received: android.intent.action.ANY_DATA_STATE apnType=dun
D/MobileDataStateTracker(  768): dun: Received state=DISCONNECTED, old=DISCONNECTED, reason=dataEnabled
D/MobileDataStateTracker(  768): ia: Broadcast received: android.intent.action.ANY_DATA_STATE apnType=ia
D/MobileDataStateTracker(  768): ia: Received state=DISCONNECTED, old=DISCONNECTED, reason=dataEnabled
D/MobileDataStateTracker(  768): hipri: Broadcast received: android.intent.action.ANY_DATA_STATE apnType=hipri
D/MobileDataStateTracker(  768): hipri: Received state=DISCONNECTED, old=DISCONNECTED, reason=dataEnabled
D/MobileDataStateTracker(  768): ims: Broadcast received: android.intent.action.ANY_DATA_STATE apnType=ims
D/MobileDataStateTracker(  768): ims: Received state=DISCONNECTED, old=DISCONNECTED, reason=dataEnabled
D/MobileDataStateTracker(  768): default: Broadcast received: android.intent.action.ANY_DATA_STATE apnType=default
D/MobileDataStateTracker(  768): default: Received state=DISCONNECTED, old=DISCONNECTED, reason=dataEnabled
D/MobileDataStateTracker(  768): mms: Broadcast received: android.intent.action.ANY_DATA_STATE apnType=mms
D/MobileDataStateTracker(  768): mms: Received state=DISCONNECTED, old=DISCONNECTED, reason=dataEnabled
D/MobileDataStateTracker(  768): cbs: Broadcast received: android.intent.action.ANY_DATA_STATE apnType=cbs
D/MobileDataStateTracker(  768): cbs: Received state=DISCONNECTED, old=DISCONNECTED, reason=dataEnabled
D/MobileDataStateTracker(  768): supl: Broadcast received: android.intent.action.ANY_DATA_STATE apnType=supl
D/MobileDataStateTracker(  768): supl: Received state=CONNECTED, old=CONNECTING, reason=connected
D/MobileDataStateTracker(  768): supl: setDetailed state, old =CONNECTING and new state=CONNECTED
D/ConnectivityService(  768): ConnectivityChange for mobile_supl: CONNECTED/CONNECTED
E/ConnectivityService(  768): Exception trying to remove a route: java.lang.IllegalStateException: command '4977 interface route remove rmnet0 default 0.0.0.0 0 10.54.228.46' failed with '400 4977 Failed to remove route from default table (No such process)'
D/Nat464Xlat(  768): requiresClat: netType=3, hasIPv4Address=true
D/MobileDataStateTracker(  768): default: setPolicyDataEnable(enabled=true)
D/MobileDataStateTracker(  768): default: setPolicyDataEnable(enabled=true)
I/ActivityManager(  768): Start proc com.soundcloud.android for service com.soundcloud.android/.sync.SyncAdapterService: pid=21097 uid=10133 gids={50133, 3003, 1028, 1015}
D/BackupManagerService(  768): Now staging backup of android
D/ConnectivityService(  768): handleInetConditionHoldEnd: net=1, condition=100, published condition=100
D/ConnectivityService(  768): stopUsingNetworkFeature: teardown net 0: enableSUPL
D/MobileDataStateTracker(  768): supl: Broadcast received: android.intent.action.ANY_DATA_STATE apnType=supl
D/MobileDataStateTracker(  768): supl: Received state=DISCONNECTED, old=CONNECTED, reason=dataDisabled
D/MobileDataStateTracker(  768): supl: setDetailed state, old =CONNECTED and new state=DISCONNECTED
D/ConnectivityService(  768): ConnectivityChange for mobile_supl: DISCONNECTED/DISCONNECTED
W/FrameworkListener(  178): Handler 'interface' error (No such device)
W/FrameworkListener(  178): Handler 'interface' error (No such device)
D/ConnectivityService(  768): resetConnections(rmnet0, 3)
D/Nat464Xlat(  768): requiresClat: netType=3, hasIPv4Address=true
D/MobileDataStateTracker(  768): default: setPolicyDataEnable(enabled=true)
D/MobileDataStateTracker(  768): default: setPolicyDataEnable(enabled=true)
D/MobileDataStateTracker(  768): default: setPolicyDataEnable(enabled=true)
D/MobileDataStateTracker(  768): default: setPolicyDataEnable(enabled=true)
D/ConnectivityService(  768): handleInetConditionHoldEnd: net=1, condition=100, published condition=100
I/PowerManagerService(  768): Waking up from sleep...
I/WindowManager(  768): Lock screen displayed!
D/DisplayPowerController(  768): Unblocked screen on after 294897194 ms
W/InputMethodManagerService(  768): Window already focused, ignoring focus gain of: com.android.internal.view.IInputMethodClient$Stub$Proxy@433dbf78 attribute=android.view.inputmethod.EditorInfo@433cfce8, token = android.os.BinderProxy@433c40d8
I/ActivityManager(  768): START u0 {act=android.intent.action.MAIN cat=[android.intent.category.HOME] flg=0x10200000 cmp=com.google.android.googlequicksearchbox/com.google.android.launcher.GEL} from pid 768
I/ActivityManager(  768): START u0 {act=com.ubercab.client.ACTION_CLICK flg=0x10000000 bnds=[637,346][1080,490] (has extras)} from pid -1
W/InputMethodManagerService(  768): Window already focused, ignoring focus gain of: com.android.internal.view.IInputMethodClient$Stub$Proxy@42b2ec88 attribute=null, token = android.os.BinderProxy@42fa9230
I/ActivityManager(  768): START u0 {act=com.ubercab.client.ACTION_CLICK flg=0x10000000 bnds=[637,346][1080,490] (has extras)} from pid -1
W/InputMethodManagerService(  768): Window already focused, ignoring focus gain of: com.android.internal.view.IInputMethodClient$Stub$Proxy@43153620 attribute=null, token = android.os.BinderProxy@42fa9230
I/ActivityManager(  768): START u0 {act=com.ubercab.client.ACTION_TRIP_SHOW_MAP flg=0x10000000 cmp=com.ubercab/.client.feature.notification.NotificationActionActivity bnds=[0,153][1080,490] (has extras)} from pid -1
I/ActivityManager(  768): START u0 {act=com.ubercab.client.ACTION_TRIP_SHOW_MAP flg=0x14000000 cmp=com.ubercab/.client.feature.trip.TripActivity} from pid 20929
I/ActivityManager(  768): START u0 {flg=0x10008000 cmp=com.ubercab/.bridge.feature.launch.BridgeLauncherActivity} from pid 20929
I/WindowManager(  768): Screenshot max retries 4 of Token{432a4980 ActivityRecord{42654228 u0 com.ubercab/.client.feature.trip.TripActivity t211 f}} appWin=Window{42fcaea8 u0 Starting com.ubercab} drawState=4
W/WindowManager(  768): Screenshot failure taking screenshot for (1080x1920) to layer 21030
W/ActivityManager(  768): Duplicate finish request for ActivityRecord{42654228 u0 com.ubercab/.client.feature.trip.TripActivity t211 f}
I/ActivityManager(  768): START u0 {cmp=com.ubercab/.client.feature.launch.LauncherActivity} from pid 20929
W/WindowManager(  768): Rebuild removed 8 windows but added 7
W/WindowManager(  768): java.lang.RuntimeException: here
W/WindowManager(  768): 	at com.android.server.wm.WindowManagerService.rebuildAppWindowListLocked(WindowManagerService.java:8027)
W/WindowManager(  768): 	at com.android.server.wm.WindowManagerService.rebuildAppWindowListLocked(WindowManagerService.java:7963)
W/WindowManager(  768): 	at com.android.server.wm.WindowManagerService.handleAnimatingStoppedAndTransitionLocked(WindowManagerService.java:8707)
W/WindowManager(  768): 	at com.android.server.wm.WindowManagerService.performLayoutAndPlaceSurfacesLockedInner(WindowManagerService.java:9221)
W/WindowManager(  768): 	at com.android.server.wm.WindowManagerService.performLayoutAndPlaceSurfacesLockedLoop(WindowManagerService.java:8179)
W/WindowManager(  768): 	at com.android.server.wm.WindowManagerService.performLayoutAndPlaceSurfacesLocked(WindowManagerService.java:8121)
W/WindowManager(  768): 	at com.android.server.wm.WindowManagerService.access$300(WindowManagerService.java:157)
W/WindowManager(  768): 	at com.android.server.wm.WindowManagerService$H.handleMessage(WindowManagerService.java:7155)
W/WindowManager(  768): 	at android.os.Handler.dispatchMessage(Handler.java:102)
W/WindowManager(  768): 	at android.os.Looper.loop(Looper.java:136)
W/WindowManager(  768): 	at android.os.HandlerThread.run(HandlerThread.java:61)
W/WindowManager(  768): This window was lost: Window{42fcaea8 u0 Starting com.ubercab}
W/WindowManager(  768): mDisplayId=0 mSession=Session{42f41818 768:1000} mClient=android.view.ViewRootImpl$W@434099e8
W/WindowManager(  768): mOwnerUid=1000 mShowToOwnerOnly=false package=com.ubercab appop=NONE
W/WindowManager(  768): mAttrs=WM.LayoutParams{(0,0)(fillxfill) sim=#20 ty=3 fl=#1830118 pfl=0x19 wanim=0x10302a1}
W/WindowManager(  768): Requested w=1080 h=1776 mLayoutSeq=21234
W/WindowManager(  768): mBaseLayer=21000 mSubLayer=0 mAnimLayer=21030+0=21030 mLastLayer=21030
W/WindowManager(  768): mToken=AppWindowToken{4321d818 token=Token{432a4980 ActivityRecord{42654228 u0 com.ubercab/.client.feature.trip.TripActivity t211}}}
W/WindowManager(  768): mRootToken=AppWindowToken{4321d818 token=Token{432a4980 ActivityRecord{42654228 u0 com.ubercab/.client.feature.trip.TripActivity t211}}}
W/WindowManager(  768): mAppToken=AppWindowToken{4321d818 token=Token{432a4980 ActivityRecord{42654228 u0 com.ubercab/.client.feature.trip.TripActivity t211}}}
W/WindowManager(  768): mViewVisibility=0x0 mHaveFrame=true mObscured=true
W/WindowManager(  768): mSeq=0 mSystemUiVisibility=0x0
W/WindowManager(  768): mGivenContentInsets=[0,0][0,0] mGivenVisibleInsets=[0,0][0,0]
W/WindowManager(  768): mConfiguration={1.0 310mcc410mnc en_US ldltr sw360dp w360dp h567dp 480dpi nrml port finger -keyb/v/h -nav/h s.113}
W/WindowManager(  768): mHasSurface=true mShownFrame=[270.0,-1065.5837][1350.0,710.41626] isReadyForDisplay()=false
W/WindowManager(  768): mFrame=[0,0][1080,1776] last=[0,0][1080,1776]
W/WindowManager(  768): mSystemDecorRect=[0,0][1080,1776] last=[0,0][1080,1776]
W/WindowManager(  768): Frames: containing=[0,0][1080,1776] parent=[0,0][1080,1776]
W/WindowManager(  768):     display=[0,0][1080,1776] overscan=[0,0][1080,1920]
W/WindowManager(  768):     content=[0,75][1080,1776] visible=[0,75][1080,1776]
W/WindowManager(  768):     decor=[0,0][1080,1920]
W/WindowManager(  768): Cur insets: overscan=[0,0][0,0] content=[0,75][0,0] visible=[0,75][0,0]
W/WindowManager(  768): Lst insets: overscan=[0,0][0,0] content=[0,75][0,0] visible=[0,75][0,0]
W/WindowManager(  768): WindowStateAnimator{433c3480 Starting com.ubercab}:
W/WindowManager(  768):   mSurface=Surface(name=Starting com.ubercab)
W/WindowManager(  768):   mDrawState=HAS_DRAWN mLastHidden=true
W/WindowManager(  768):   Surface: shown=false layer=21030 alpha=0.0 rect=(270.0,-1065.5837) 1080.0 x 1776.0
W/WindowManager(  768):   mShownAlpha=0.0 mAlpha=1.0 mLastAlpha=0.0
W/WindowManager(  768):   mGlobalScale=1.0 mDsDx=0.5 mDtDx=0.0 mDsDy=0.0 mDtDy=0.5
W/WindowManager(  768): mExiting=false mRemoveOnExit=false mDestroying=true mRemoved=false
W/WindowManager(  768): Current app token list:
V/WindowManager(  768):   Display 0
V/WindowManager(  768):   #6: Token{441b9b90 ActivityRecord{426a2a78 u0 com.ubercab/.client.feature.launch.LauncherActivity t211}}
V/WindowManager(  768):   #5: Token{42ecad28 ActivityRecord{432c9648 u0 com.google.android.googlequicksearchbox/com.google.android.launcher.GEL t1}}
V/WindowManager(  768):   #4: Token{433a3fd0 ActivityRecord{42ee2688 u0 com.android.systemui/.recent.RecentsActivity t209}}
V/WindowManager(  768):   #3: Token{4350a458 ActivityRecord{43830908 u0 com.google.android.deskclock/com.android.deskclock.DeskClock t203}}
V/WindowManager(  768):   #2: Token{4307d710 ActivityRecord{42610f68 u0 com.android.settings/.Settings$BluetoothSettingsActivity t195}}
V/WindowManager(  768):   #1: Token{431fa8e0 ActivityRecord{430ec098 u0 com.android.settings/.applications.InstalledAppDetails t193}}
V/WindowManager(  768):   #0: Token{432cf950 ActivityRecord{430d6df0 u0 com.android.settings/.Settings$ManageApplicationsActivity t193}}
W/WindowManager(  768): Final window list:
V/WindowManager(  768):   #0: Window{42fad240 u0 SearchPanel}
V/WindowManager(  768):   #1: Window{432089b0 u0 NavigationBar}
V/WindowManager(  768):   #2: Window{42f6f8a0 u0 StatusBar}
V/WindowManager(  768):   #3: Window{42aef288 u0 Keyguard}
V/WindowManager(  768):   #4: Window{42eb12c0 u0 KeyguardScrim}
V/WindowManager(  768):   #5: Window{42f40408 u0 InputMethod}
V/WindowManager(  768):   #6: Window{430509d8 u0 Starting com.ubercab}
V/WindowManager(  768):   #7: Window{43121e28 u0 com.ubercab/com.ubercab.client.feature.launch.LauncherActivity}
V/WindowManager(  768):   #8: Window{42fa94d0 u0 com.google.android.googlequicksearchbox/com.google.android.launcher.GEL}
V/WindowManager(  768):   #9: Window{426a28c8 u0 com.android.systemui/com.android.systemui.recent.RecentsActivity}
V/WindowManager(  768):   #10: Window{4307e748 u0 com.google.android.deskclock/com.android.deskclock.DeskClock}
V/WindowManager(  768):   #11: Window{431b0c10 u0 com.android.settings/com.android.settings.Settings$BluetoothSettingsActivity}
V/WindowManager(  768):   #12: Window{431d07f0 u0 com.android.settings/com.android.settings.applications.InstalledAppDetails}
V/WindowManager(  768):   #13: Window{4302f550 u0 com.android.systemui.ImageWallpaper}
I/ActivityManager(  768): START u0 {cmp=com.ubercab/.client.feature.trip.TripActivity} from pid 20929
W/ProcessCpuTracker(  768): Skipping unknown process pid 21513
W/ProcessCpuTracker(  768): Skipping unknown process pid 21514
W/ProcessCpuTracker(  768): Skipping unknown process pid 21516
W/ProcessCpuTracker(  768): Skipping unknown process pid 21518
W/ProcessCpuTracker(  768): Skipping unknown process pid 21521
W/ProcessCpuTracker(  768): Skipping unknown process pid 21530
I/PowerManagerService(  768): Going to sleep by user request...
I/ProcessStatsService(  768): Prepared write state in 30ms
I/ProcessStatsService(  768): Prepared write state in 8ms
D/MobileDataStateTracker(  768): default: setPolicyDataEnable(enabled=true)
D/ConnectivityService(  768): Sampling interval elapsed, updating statistics ..
D/ConnectivityService(  768): Done.
D/ConnectivityService(  768): Setting timer for 720seconds
I/ActivityManager(  768): Start proc com.google.android.apps.genie.geniewidget for broadcast com.google.android.apps.genie.geniewidget/.miniwidget.UpdateReceiver: pid=21746 uid=10040 gids={50040, 3003, 1028, 1015}
I/ActivityManager(  768): Start proc com.android.providers.calendar for content provider com.android.providers.calendar/.CalendarProvider2: pid=21758 uid=10001 gids={50001, 3003, 1028, 1015}
I/ActivityManager(  768): Delay finish: com.google.android.apps.genie.geniewidget/.miniwidget.UpdateReceiver
I/ActivityManager(  768): Resuming delayed broadcast
I/ActivityManager(  768): Start proc com.google.android.calendar for broadcast com.google.android.calendar/com.android.calendar.alerts.AlertReceiver: pid=21805 uid=10028 gids={50028, 3003}
I/ActivityManager(  768): Waited long enough for: ServiceRecord{438969f8 u0 com.google.android.apps.genie.geniewidget/.GenieRefreshService}
I/ActivityManager(  768): Start proc com.google.android.talk for broadcast com.google.android.talk/com.google.android.apps.babel.realtimechat.RealTimeChatService$AlarmReceiver: pid=21971 uid=10051 gids={50051, 3003, 1028, 1015, 3002}
I/ActivityManager(  768): Start proc com.google.android.gm for service com.google.android.gm/.provider.MailSyncAdapterService: pid=22110 uid=10041 gids={50041, 3003, 1028, 1015}
D/ConnectivityService(  768): handleInetConditionHoldEnd: net=1, condition=100, published condition=100
I/ActivityManager(  768): Killing 21097:com.soundcloud.android/u0a133 (adj 15): empty #17
D/ConnectivityService(  768): handleInetConditionHoldEnd: net=1, condition=100, published condition=100
W/ProcessCpuTracker(  768): Skipping unknown process pid 22252
W/ProcessCpuTracker(  768): Skipping unknown process pid 22253
W/ProcessCpuTracker(  768): Skipping unknown process pid 22256
W/ProcessCpuTracker(  768): Skipping unknown process pid 22258
W/ProcessCpuTracker(  768): Skipping unknown process pid 22261
W/ProcessCpuTracker(  768): Skipping unknown process pid 22267
D/ConnectivityService(  768): handleInetConditionHoldEnd: net=1, condition=100, published condition=100
D/ConnectivityService(  768): Sampling interval elapsed, updating statistics ..
D/ConnectivityService(  768): Done.
D/ConnectivityService(  768): Setting timer for 720seconds
D/ConnectivityService(  768): handleInetConditionHoldEnd: net=1, condition=100, published condition=100
I/EntropyMixer(  768): Writing entropy...
I/PowerManagerService(  768): Waking up from sleep...
I/WindowManager(  768): Lock screen displayed!
D/DisplayPowerController(  768): Unblocked screen on after 296609210 ms
I/ActivityManager(  768): START u0 {flg=0x10008000 cmp=com.ubercab/.bridge.feature.launch.BridgeLauncherActivity} from pid 20929
W/ActivityManager(  768): Duplicate finish request for ActivityRecord{438ab520 u0 com.ubercab/.client.feature.trip.TripActivity t211 f}
W/InputMethodManagerService(  768): Focus gain on non-focused client com.android.internal.view.IInputMethodClient$Stub$Proxy@431f9690 (uid=10111 pid=20929)
I/ActivityManager(  768): START u0 {cmp=com.ubercab/.client.feature.launch.LauncherActivity} from pid 20929
W/InputMethodManagerService(  768): Focus gain on non-focused client com.android.internal.view.IInputMethodClient$Stub$Proxy@431f9690 (uid=10111 pid=20929)
W/WindowManager(  768): Rebuild removed 7 windows but added 6
W/WindowManager(  768): java.lang.RuntimeException: here
W/WindowManager(  768): 	at com.android.server.wm.WindowManagerService.rebuildAppWindowListLocked(WindowManagerService.java:8027)
W/WindowManager(  768): 	at com.android.server.wm.WindowManagerService.rebuildAppWindowListLocked(WindowManagerService.java:7963)
W/WindowManager(  768): 	at com.android.server.wm.WindowManagerService.handleAnimatingStoppedAndTransitionLocked(WindowManagerService.java:8707)
W/WindowManager(  768): 	at com.android.server.wm.WindowManagerService.performLayoutAndPlaceSurfacesLockedInner(WindowManagerService.java:9221)
W/WindowManager(  768): 	at com.android.server.wm.WindowManagerService.performLayoutAndPlaceSurfacesLockedLoop(WindowManagerService.java:8179)
W/WindowManager(  768): 	at com.android.server.wm.WindowManagerService.performLayoutAndPlaceSurfacesLocked(WindowManagerService.java:8121)
W/WindowManager(  768): 	at com.android.server.wm.WindowManagerService.access$300(WindowManagerService.java:157)
W/WindowManager(  768): 	at com.android.server.wm.WindowManagerService$H.handleMessage(WindowManagerService.java:7155)
W/WindowManager(  768): 	at android.os.Handler.dispatchMessage(Handler.java:102)
W/WindowManager(  768): 	at android.os.Looper.loop(Looper.java:136)
W/WindowManager(  768): 	at android.os.HandlerThread.run(HandlerThread.java:61)
W/WindowManager(  768): This window was lost: Window{434091f8 u0 com.ubercab/com.ubercab.client.feature.trip.TripActivity}
W/WindowManager(  768): mDisplayId=0 mSession=Session{43445e08 20929:u0a10111} mClient=android.os.BinderProxy@433e36a8
W/WindowManager(  768): mOwnerUid=10111 mShowToOwnerOnly=true package=com.ubercab appop=NONE
W/WindowManager(  768): mAttrs=WM.LayoutParams{(0,0)(fillxfill) sim=#130 ty=1 fl=#1810100 pfl=0x8 wanim=0x10302a1}
W/WindowManager(  768): Requested w=1080 h=1776 mLayoutSeq=21278
W/WindowManager(  768): mBaseLayer=21000 mSubLayer=0 mAnimLayer=21030+0=21030 mLastLayer=21030
W/WindowManager(  768): mToken=AppWindowToken{438b65c0 token=Token{438a1b60 ActivityRecord{438ab520 u0 com.ubercab/.client.feature.trip.TripActivity t211}}}
W/WindowManager(  768): mRootToken=AppWindowToken{438b65c0 token=Token{438a1b60 ActivityRecord{438ab520 u0 com.ubercab/.client.feature.trip.TripActivity t211}}}
W/WindowManager(  768): mAppToken=AppWindowToken{438b65c0 token=Token{438a1b60 ActivityRecord{438ab520 u0 com.ubercab/.client.feature.trip.TripActivity t211}}}
W/WindowManager(  768): mViewVisibility=0x8 mHaveFrame=true mObscured=true
W/WindowManager(  768): mSeq=0 mSystemUiVisibility=0x0
W/WindowManager(  768): mGivenContentInsets=[0,0][0,0] mGivenVisibleInsets=[0,0][0,0]
W/WindowManager(  768): mConfiguration={1.0 310mcc410mnc en_US ldltr sw360dp w360dp h567dp 480dpi nrml port finger -keyb/v/h -nav/h s.113}
W/WindowManager(  768): mHasSurface=true mShownFrame=[270.0,-1065.5837][1350.0,710.41626] isReadyForDisplay()=false
W/WindowManager(  768): mFrame=[0,0][1080,1776] last=[0,0][1080,1776]
W/WindowManager(  768): mSystemDecorRect=[0,0][1080,1776] last=[0,0][1080,1776]
W/WindowManager(  768): Frames: containing=[0,0][1080,1776] parent=[0,0][1080,1776]
W/WindowManager(  768):     display=[0,0][1080,1776] overscan=[0,0][1080,1920]
W/WindowManager(  768):     content=[0,75][1080,1776] visible=[0,75][1080,1776]
W/WindowManager(  768):     decor=[0,0][1080,1920]
W/WindowManager(  768): Cur insets: overscan=[0,0][0,0] content=[0,75][0,0] visible=[0,75][0,0]
W/WindowManager(  768): Lst insets: overscan=[0,0][0,0] content=[0,75][0,0] visible=[0,75][0,0]
W/WindowManager(  768): WindowStateAnimator{4347f2c8 com.ubercab/com.ubercab.client.feature.trip.TripActivity}:
W/WindowManager(  768):   mAnimating=false mLocalAnimating=false mAnimationIsEntrance=true mAnimation=null
W/WindowManager(  768):   mSurface=Surface(name=com.ubercab/com.ubercab.client.feature.trip.TripActivity)
W/WindowManager(  768):   mDrawState=HAS_DRAWN mLastHidden=true
W/WindowManager(  768):   Surface: shown=false layer=21030 alpha=0.0 rect=(270.0,-1065.5837) 1080.0 x 1776.0
W/WindowManager(  768):   mShownAlpha=0.0 mAlpha=1.0 mLastAlpha=0.0
W/WindowManager(  768):   mGlobalScale=1.0 mDsDx=0.5 mDtDx=0.0 mDsDy=0.0 mDtDy=0.5
W/WindowManager(  768): mExiting=false mRemoveOnExit=false mDestroying=true mRemoved=false
W/WindowManager(  768): Current app token list:
V/WindowManager(  768):   Display 0
V/WindowManager(  768):   #6: Token{43896f50 ActivityRecord{43896df0 u0 com.ubercab/.client.feature.launch.LauncherActivity t211}}
V/WindowManager(  768):   #5: Token{42ecad28 ActivityRecord{432c9648 u0 com.google.android.googlequicksearchbox/com.google.android.launcher.GEL t1}}
V/WindowManager(  768):   #4: Token{433a3fd0 ActivityRecord{42ee2688 u0 com.android.systemui/.recent.RecentsActivity t209}}
V/WindowManager(  768):   #3: Token{4350a458 ActivityRecord{43830908 u0 com.google.android.deskclock/com.android.deskclock.DeskClock t203}}
V/WindowManager(  768):   #2: Token{4307d710 ActivityRecord{42610f68 u0 com.android.settings/.Settings$BluetoothSettingsActivity t195}}
V/WindowManager(  768):   #1: Token{431fa8e0 ActivityRecord{430ec098 u0 com.android.settings/.applications.InstalledAppDetails t193}}
V/WindowManager(  768):   #0: Token{432cf950 ActivityRecord{430d6df0 u0 com.android.settings/.Settings$ManageApplicationsActivity t193}}
W/WindowManager(  768): Final window list:
V/WindowManager(  768):   #0: Window{4318d520 u0 SearchPanel}
V/WindowManager(  768):   #1: Window{432089b0 u0 NavigationBar}
V/WindowManager(  768):   #2: Window{42f6f8a0 u0 StatusBar}
V/WindowManager(  768):   #3: Window{42aef288 u0 Keyguard}
V/WindowManager(  768):   #4: Window{42eb12c0 u0 KeyguardScrim}
V/WindowManager(  768):   #5: Window{42f40408 u0 InputMethod}
V/WindowManager(  768):   #6: Window{432eed30 u0 com.ubercab/com.ubercab.client.feature.launch.LauncherActivity}
V/WindowManager(  768):   #7: Window{42fa94d0 u0 com.google.android.googlequicksearchbox/com.google.android.launcher.GEL}
V/WindowManager(  768):   #8: Window{426a28c8 u0 com.android.systemui/com.android.systemui.recent.RecentsActivity}
V/WindowManager(  768):   #9: Window{4307e748 u0 com.google.android.deskclock/com.android.deskclock.DeskClock}
V/WindowManager(  768):   #10: Window{431b0c10 u0 com.android.settings/com.android.settings.Settings$BluetoothSettingsActivity}
V/WindowManager(  768):   #11: Window{431d07f0 u0 com.android.settings/com.android.settings.applications.InstalledAppDetails}
V/WindowManager(  768):   #12: Window{4302f550 u0 com.android.systemui.ImageWallpaper}
D/ConnectivityService(  768): startUsingNetworkFeature reconnecting to 0: enableSUPL
D/ConnectivityService(  768): startUsingNetworkFeature X: return APN_REQUEST_STARTED
D/MobileDataStateTracker(  768): supl: Broadcast received: android.intent.action.ANY_DATA_STATE apnType=supl
D/MobileDataStateTracker(  768): supl: Received state=CONNECTING, old=DISCONNECTED, reason=dataEnabled
D/MobileDataStateTracker(  768): supl: setDetailed state, old =IDLE and new state=CONNECTING
D/MobileDataStateTracker(  768): fota: Broadcast received: android.intent.action.ANY_DATA_STATE apnType=fota
D/MobileDataStateTracker(  768): fota: Received state=DISCONNECTED, old=DISCONNECTED, reason=dataEnabled
D/MobileDataStateTracker(  768): dun: Broadcast received: android.intent.action.ANY_DATA_STATE apnType=dun
D/MobileDataStateTracker(  768): dun: Received state=DISCONNECTED, old=DISCONNECTED, reason=dataEnabled
D/MobileDataStateTracker(  768): ia: Broadcast received: android.intent.action.ANY_DATA_STATE apnType=ia
D/MobileDataStateTracker(  768): ia: Received state=DISCONNECTED, old=DISCONNECTED, reason=dataEnabled
D/MobileDataStateTracker(  768): hipri: Broadcast received: android.intent.action.ANY_DATA_STATE apnType=hipri
D/MobileDataStateTracker(  768): hipri: Received state=DISCONNECTED, old=DISCONNECTED, reason=dataEnabled
I/ActivityManager(  768): START u0 {cmp=com.ubercab/.client.feature.trip.TripActivity} from pid 20929
D/MobileDataStateTracker(  768): ims: Broadcast received: android.intent.action.ANY_DATA_STATE apnType=ims
D/MobileDataStateTracker(  768): ims: Received state=DISCONNECTED, old=DISCONNECTED, reason=dataEnabled
D/MobileDataStateTracker(  768): default: Broadcast received: android.intent.action.ANY_DATA_STATE apnType=default
D/MobileDataStateTracker(  768): default: Received state=DISCONNECTED, old=DISCONNECTED, reason=dataEnabled
D/MobileDataStateTracker(  768): mms: Broadcast received: android.intent.action.ANY_DATA_STATE apnType=mms
D/MobileDataStateTracker(  768): mms: Received state=DISCONNECTED, old=DISCONNECTED, reason=dataEnabled
D/MobileDataStateTracker(  768): cbs: Broadcast received: android.intent.action.ANY_DATA_STATE apnType=cbs
D/MobileDataStateTracker(  768): cbs: Received state=DISCONNECTED, old=DISCONNECTED, reason=dataEnabled
D/MobileDataStateTracker(  768): supl: Broadcast received: android.intent.action.ANY_DATA_STATE apnType=supl
D/MobileDataStateTracker(  768): supl: Received state=CONNECTED, old=CONNECTING, reason=connected
D/MobileDataStateTracker(  768): supl: setDetailed state, old =CONNECTING and new state=CONNECTED
D/ConnectivityService(  768): ConnectivityChange for mobile_supl: CONNECTED/CONNECTED
E/ConnectivityService(  768): Exception trying to remove a route: java.lang.IllegalStateException: command '5004 interface route remove rmnet0 default 0.0.0.0 0 10.54.228.46' failed with '400 5004 Failed to remove route from default table (No such process)'
D/Nat464Xlat(  768): requiresClat: netType=3, hasIPv4Address=true
D/MobileDataStateTracker(  768): default: setPolicyDataEnable(enabled=true)
D/MobileDataStateTracker(  768): default: setPolicyDataEnable(enabled=true)
D/ConnectivityService(  768): handleInetConditionHoldEnd: net=1, condition=100, published condition=100
D/ConnectivityService(  768): stopUsingNetworkFeature: teardown net 0: enableSUPL
D/MobileDataStateTracker(  768): supl: Broadcast received: android.intent.action.ANY_DATA_STATE apnType=supl
D/MobileDataStateTracker(  768): supl: Received state=DISCONNECTED, old=CONNECTED, reason=dataDisabled
D/MobileDataStateTracker(  768): supl: setDetailed state, old =CONNECTED and new state=DISCONNECTED
D/ConnectivityService(  768): ConnectivityChange for mobile_supl: DISCONNECTED/DISCONNECTED
W/FrameworkListener(  178): Handler 'interface' error (No such device)
W/FrameworkListener(  178): Handler 'interface' error (No such device)
D/ConnectivityService(  768): resetConnections(rmnet0, 3)
D/Nat464Xlat(  768): requiresClat: netType=3, hasIPv4Address=true
D/MobileDataStateTracker(  768): default: setPolicyDataEnable(enabled=true)
D/MobileDataStateTracker(  768): default: setPolicyDataEnable(enabled=true)
D/MobileDataStateTracker(  768): default: setPolicyDataEnable(enabled=true)
D/MobileDataStateTracker(  768): default: setPolicyDataEnable(enabled=true)
D/ConnectivityService(  768): handleInetConditionHoldEnd: net=1, condition=100, published condition=100
I/ActivityManager(  768): START u0 {act=android.intent.action.MAIN cat=[android.intent.category.HOME] flg=0x10200000 cmp=com.google.android.googlequicksearchbox/com.google.android.launcher.GEL} from pid 768
W/InputMethodManagerService(  768): Starting input on non-focused client com.android.internal.view.IInputMethodClient$Stub$Proxy@431f9690 (uid=10111 pid=20929)
I/ActivityManager(  768): START u0 {act=android.intent.action.MAIN cat=[android.intent.category.LAUNCHER] flg=0x10200000 cmp=com.google.android.talk/.SigningInActivity bnds=[246,1532][447,1784] (has extras)} from pid 1067
I/PowerManagerService(  768): Going to sleep due to screen timeout...
I/PowerManagerService(  768): Waking up from sleep...
I/WindowManager(  768): Lock screen displayed!
D/DisplayPowerController(  768): Unblocked screen on after 296693970 ms
W/InputMethodManagerService(  768): Window already focused, ignoring focus gain of: com.android.internal.view.IInputMethodClient$Stub$Proxy@43815d88 attribute=android.view.inputmethod.EditorInfo@42fa2af8, token = android.os.BinderProxy@4448b2d8
I/ActivityManager(  768): START u0 {act=android.intent.action.MAIN cat=[android.intent.category.HOME] flg=0x10200000 cmp=com.google.android.googlequicksearchbox/com.google.android.launcher.GEL} from pid 768
I/ActivityManager(  768): Start proc com.google.android.partnersetup for content provider com.google.android.partnersetup/.RlzAppProvider: pid=23315 uid=10011 gids={50011, 3003}
I/ActivityManager(  768): START u0 {act=android.intent.action.MAIN flg=0x10200000 cmp=com.facebook.orca/.auth.StartScreenActivity} from pid 1067
I/ActivityManager(  768): START u0 {cmp=com.facebook.orca/com.facebook.messenger.neue.MainActivity} from pid 21942
D/BackupManagerService(  768): Now staging backup of com.android.providers.settings
D/ConnectivityService(  768): Sampling interval elapsed, updating statistics ..
D/ConnectivityService(  768): Done.
D/ConnectivityService(  768): Setting timer for 720seconds
E/ActivityThread(21942): Failed to find provider info for com.facebook.wakizashi.provider.MessagesForegroundProvider
E/ActivityThread(12685): Failed to find provider info for com.facebook.wakizashi.provider.MessagesForegroundProvider
E/ActivityThread(21942): Failed to find provider info for com.facebook.wakizashi.provider.MessagesForegroundProvider
D/ConnectivityService(  768): handleInetConditionHoldEnd: net=1, condition=100, published condition=100
D/ConnectivityService(  768): handleInetConditionHoldEnd: net=1, condition=100, published condition=100
I/PowerManagerService(  768): Going to sleep due to screen timeout...
E/ActivityThread(21942): Failed to find provider info for com.facebook.wakizashi.provider.MessagesForegroundProvider
E/ActivityThread(12685): Failed to find provider info for com.facebook.wakizashi.provider.MessagesForegroundProvider
E/ActivityThread(21942): Failed to find provider info for com.facebook.wakizashi.provider.MessagesForegroundProvider
E/ActivityThread(12685): Failed to find provider info for com.facebook.wakizashi.provider.MessagesForegroundProvider
V/BackupManagerService(  768): Running a backup pass
V/BackupManagerService(  768): clearing pending backups
V/PerformBackupTask(  768): Beginning backup of 2 targets
D/PerformBackupTask(  768): invokeAgentForBackup on @pm@
I/PerformBackupTask(  768): no backup data written; not calling transport
D/PerformBackupTask(  768): starting agent for backup of BackupRequest{pkg=android}
D/BackupManagerService(  768): awaiting agent for ApplicationInfo{4271fe60 android}
D/BackupManagerService(  768): agentConnected pkg=android agent=android.app.backup.BackupAgent$BackupServiceBinder@43086f08
I/BackupManagerService(  768): got agent android.app.backup.BackupAgent$BackupServiceBinder@43086f08
D/PerformBackupTask(  768): invokeAgentForBackup on android
I/PerformBackupTask(  768): no backup data written; not calling transport
D/PerformBackupTask(  768): starting agent for backup of BackupRequest{pkg=com.android.providers.settings}
D/BackupManagerService(  768): awaiting agent for ApplicationInfo{42876ce0 com.android.providers.settings}
D/BackupManagerService(  768): agentConnected pkg=com.android.providers.settings agent=android.app.backup.BackupAgent$BackupServiceBinder@4388e478
I/BackupManagerService(  768): got agent android.app.backup.BackupAgent$BackupServiceBinder@4388e478
D/PerformBackupTask(  768): invokeAgentForBackup on com.android.providers.settings
I/PerformBackupTask(  768): no backup data written; not calling transport
I/PerformBackupTask(  768): Backup pass finished.
I/ProcessStatsService(  768): Prepared write state in 5ms
I/ProcessStatsService(  768): Prepared write state in 0ms
I/ProcessStatsService(  768): Pruning old procstats: /data/system/procstats/state-2014-08-25-20-45-32.bin
D/MobileDataStateTracker(  768): default: setPolicyDataEnable(enabled=true)
I/PackageManager(  768): Adding preferred activity ComponentInfo{com.google.android.talk/com.google.android.apps.babel.phone.BabelHomeActivity} for user 0 :
I/PackageManager(  768): Adding preferred activity ComponentInfo{com.google.android.talk/com.google.android.apps.babel.phone.BabelHomeActivity} for user 0 :
D/BackupManagerService(  768): Now staging backup of android
I/PackageManager(  768): Adding preferred activity ComponentInfo{com.google.android.talk/com.google.android.apps.babel.phone.BabelHomeActivity} for user 0 :
I/PackageManager(  768): Adding preferred activity ComponentInfo{com.google.android.talk/com.google.android.apps.babel.phone.BabelHomeActivity} for user 0 :
I/ActivityManager(  768): Killing 21805:com.google.android.calendar/u0a28 (adj 15): empty for 1820s
I/ActivityManager(  768): Killing 21758:com.android.providers.calendar/u0a1 (adj 15): empty for 1821s
I/PowerManagerService(  768): Waking up from sleep...
I/WindowManager(  768): Lock screen displayed!
D/DisplayPowerController(  768): Unblocked screen on after 297095472 ms
W/InputMethodManagerService(  768): Window already focused, ignoring focus gain of: com.android.internal.view.IInputMethodClient$Stub$Proxy@43135450 attribute=android.view.inputmethod.EditorInfo@43132538, token = android.os.BinderProxy@432198c0
I/ActivityManager(  768): START u0 {act=android.intent.action.VIEW flg=0x34000000 cmp=com.google.android.talk/.SigningInActivity bnds=[0,153][1080,539] (has extras)} from pid -1
W/InputMethodManagerService(  768): Starting input on non-focused client com.android.internal.view.IInputMethodClient$Stub$Proxy@44517b68 (uid=10051 pid=21971)
W/InputMethodManagerService(  768): Starting input on non-focused client com.android.internal.view.IInputMethodClient$Stub$Proxy@44517b68 (uid=10051 pid=21971)
I/ActivityManager(  768): Killing 21746:com.google.android.apps.genie.geniewidget/u0a40 (adj 15): empty for 1800s
D/BackupManagerService(  768): Now staging backup of com.android.providers.settings
D/ConnectivityService(  768): handleInetConditionHoldEnd: net=1, condition=100, published condition=100
W/ProcessCpuTracker(  768): Skipping unknown process pid 24434
W/ProcessCpuTracker(  768): Skipping unknown process pid 24543
D/ConnectivityService(  768): handleInetConditionHoldEnd: net=1, condition=100, published condition=100
I/PowerManagerService(  768): Going to sleep due to screen timeout...
D/ConnectivityService(  768): Captive portal check NetworkInfo: type: WIFI[], state: CONNECTING/CAPTIVE_PORTAL_CHECK, reason: (unspecified), extra: "Alex's Wi-Fi Network 5GHz", roaming: false, failover: false, isAvailable: true, isConnectedToProvisioningNetwork: false
D/ConnectivityService(  768): handleCaptivePortalTrackerCheck: call captivePortalCheckComplete ni=NetworkInfo: type: WIFI[], state: CONNECTING/CAPTIVE_PORTAL_CHECK, reason: (unspecified), extra: "Alex's Wi-Fi Network 5GHz", roaming: false, failover: false, isAvailable: true, isConnectedToProvisioningNetwork: false
D/ConnectivityService(  768): ConnectivityChange for WIFI: CONNECTED/CONNECTED
E/ConnectivityService(  768): Unexpected mtu value: android.net.wifi.WifiStateTracker@42dff048
D/ConnectivityService(  768): handleConnectivityChange: address are the same reset per doReset linkProperty[1]: resetMask=0
D/Nat464Xlat(  768): requiresClat: netType=1, hasIPv4Address=true
D/MobileDataStateTracker(  768): default: setPolicyDataEnable(enabled=true)
D/MobileDataStateTracker(  768): default: setPolicyDataEnable(enabled=true)
D/ConnectivityService(  768): NetTransition Wakelock for ConnectedState released by timeout
D/ConnectivityService(  768): handleInetConditionHoldEnd: net=1, condition=100, published condition=0
I/PowerManagerService(  768): Waking up from sleep...
I/WindowManager(  768): Lock screen displayed!
D/DisplayPowerController(  768): Unblocked screen on after 297398252 ms
W/InputMethodManagerService(  768): Window already focused, ignoring focus gain of: com.android.internal.view.IInputMethodClient$Stub$Proxy@433fb468 attribute=android.view.inputmethod.EditorInfo@434a28d0, token = android.os.BinderProxy@4448b2d8
I/ActivityManager(  768): START u0 {act=android.intent.action.MAIN cat=[android.intent.category.HOME] flg=0x10200000 cmp=com.google.android.googlequicksearchbox/com.google.android.launcher.GEL} from pid 768
I/ActivityManager(  768): START u0 {act=android.intent.action.MAIN flg=0x10200000 cmp=com.google.android.apps.translate/.TranslateActivity} from pid 1067
I/ActivityManager(  768): Start proc com.google.android.apps.translate for activity com.google.android.apps.translate/.TranslateActivity: pid=25130 uid=10078 gids={50078, 3003, 1028, 1015}
I/ActivityManager(  768): START u0 {act=com.android.systemui.recent.action.TOGGLE_RECENTS flg=0x10800000 cmp=com.android.systemui/.recent.RecentsActivity} from pid 880
I/ActivityManager(  768): Killing 25130:com.google.android.apps.translate/u0a78 (adj 9): remove task
I/ActivityManager(  768): Killing 21971:com.google.android.talk/u0a51 (adj 9): remove task
I/WindowState(  768): WIN DEATH: Window{42606748 u0 com.google.android.talk/com.google.android.talk.SigningInActivity}
I/ActivityManager(  768): Killing 21942:com.facebook.orca/u0a107 (adj 16): remove task
W/ActivityManager(  768): Scheduling restart of crashed service com.facebook.orca/com.facebook.push.mqtt.service.MqttPushService in 1000ms
I/ActivityManager(  768): Killing 20929:com.ubercab/u0a111 (adj 9): remove task
I/WindowState(  768): WIN DEATH: Window{43d100d0 u0 com.ubercab/com.ubercab.client.feature.trip.TripActivity}
I/ActivityManager(  768): Start proc com.facebook.orca for service com.facebook.orca/com.facebook.push.mqtt.service.MqttPushService: pid=25385 uid=10107 gids={50107, 3003, 1028, 1015}
I/ActivityManager(  768): Killing 22110:com.google.android.gm/u0a41 (adj 15): remove task
D/ConnectivityService(  768): Sampling interval elapsed, updating statistics ..
D/ConnectivityService(  768): Done.
D/ConnectivityService(  768): Setting timer for 720seconds
I/ActivityManager(  768): Killing 15655:com.google.android.deskclock/u0a33 (adj 9): remove task
I/WindowState(  768): WIN DEATH: Window{4307e748 u0 com.google.android.deskclock/com.android.deskclock.DeskClock}
I/ActivityManager(  768): START u0 {act=android.intent.action.MAIN cat=[android.intent.category.LAUNCHER] flg=0x10200000 cmp=com.google.android.talk/.SigningInActivity bnds=[246,1532][447,1784] (has extras)} from pid 1067
I/ActivityManager(  768): Start proc com.google.android.talk for activity com.google.android.talk/.SigningInActivity: pid=25440 uid=10051 gids={50051, 3003, 1028, 1015, 3002}
W/BroadcastQueue(  768): Permission Denial: broadcasting Intent { act=android.net.conn.INET_CONDITION_ACTION flg=0x4000010 (has extras) } from null (pid=-1, uid=-1) requires com.facebook.permission.prod.FB_APP_COMMUNICATION due to registered receiver BroadcastFilter{43002b58 u0 ReceiverList{4300e318 25385 com.facebook.orca/10107/u0 remote:43018890}}
W/BroadcastQueue(  768): Permission Denial: broadcasting Intent { act=android.net.conn.CONNECTIVITY_CHANGE flg=0x4000010 (has extras) } from null (pid=-1, uid=-1) requires com.facebook.permission.prod.FB_APP_COMMUNICATION due to registered receiver BroadcastFilter{43002b58 u0 ReceiverList{4300e318 25385 com.facebook.orca/10107/u0 remote:43018890}}
W/BroadcastQueue(  768): Permission Denial: broadcasting Intent { act=android.net.conn.CONNECTIVITY_CHANGE flg=0x4000010 (has extras) } from null (pid=-1, uid=-1) requires com.facebook.permission.prod.FB_APP_COMMUNICATION due to registered receiver BroadcastFilter{433a1638 u0 ReceiverList{43cfc3a0 25385 com.facebook.orca/10107/u0 remote:4343f268}}
