I/ActivityManager(  768): Start proc com.google.android.apps.plus for service com.google.android.apps.plus/.service.EsSyncAdapterService: pid=10179 uid=10063 gids={50063, 3003, 3002, 1028, 1015}
I/ActivityManager(  768): Start proc com.soundcloud.android for service com.soundcloud.android/.sync.SyncAdapterService: pid=10200 uid=10133 gids={50133, 3003, 1028, 1015}
I/ActivityManager(  768): Start proc android.process.media for content provider com.android.providers.media/.MediaProvider: pid=10217 uid=10005 gids={50005, 1028, 1015, 1023, 1024, 2001, 3003, 3007}
I/ActivityManager(  768): Start proc com.google.android.apps.maps for broadcast com.google.android.apps.maps/com.google.userfeedback.android.api.FeedbackConnectivityReceiver: pid=10262 uid=10057 gids={50057, 3003, 1028, 1015}
I/ActivityManager(  768): Killing 8400:org.coursera.android/u0a75 (adj 15): empty for 3540s
W/ActivityThread(10262): ClassLoader.loadClass: The class loader returned by Thread.getContextClassLoader() may fail for processes that host multiple applications. You should explicitly specify a context class loader. For example: Thread.setContextClassLoader(getClass().getClassLoader());
I/ActivityManager(  768): Killing 8698:com.android.providers.calendar/u0a1 (adj 15): empty for 2996s
D/ConnectivityService(  768): handleInetConditionHoldEnd: net=1, condition=100, published condition=100
I/ActivityManager(  768): Start proc com.google.android.gms.wearable for service com.google.android.gms/.wearable.service.WearableService: pid=10352 uid=10007 gids={50007, 3003, 1007, 1028, 1015, 3002, 3001, 3007, 2001, 3006}
I/ActivityManager(  768): Killing 8719:com.google.android.calendar/u0a28 (adj 15): empty for 2995s
I/ActivityManager(  768): Start proc com.google.android.apps.magazines for broadcast com.google.android.apps.magazines/com.google.apps.dots.android.newsstand.appwidget.NewsWidgetProvider: pid=10379 uid=10056 gids={50056, 3003, 1028, 1015}
I/ActivityManager(  768): Killing 8853:com.google.android.partnersetup/u0a11 (adj 15): empty for 2927s
I/ActivityManager(  768): Start proc com.adobe.air for broadcast com.adobe.air/.wand.ConnectionChangeReceiver: pid=10421 uid=10089 gids={50089, 3003}
I/ActivityManager(  768): Start proc org.coursera.android for broadcast org.coursera.android/org.coursera.courkit.network.CourkitNetworkObservable: pid=10436 uid=10075 gids={50075, 3003, 1028, 1015}
D/ConnectivityService(  768): stopUsingNetworkFeature: teardown net 0: enableSUPL
D/MobileDataStateTracker(  768): supl: Broadcast received: android.intent.action.ANY_DATA_STATE apnType=supl
D/MobileDataStateTracker(  768): supl: Received state=DISCONNECTED, old=CONNECTED, reason=dataDisabled
D/MobileDataStateTracker(  768): supl: setDetailed state, old =CONNECTED and new state=DISCONNECTED
D/ConnectivityService(  768): ConnectivityChange for mobile_supl: DISCONNECTED/DISCONNECTED
W/FrameworkListener(  178): Handler 'interface' error (No such device)
W/FrameworkListener(  178): Handler 'interface' error (No such device)
D/ConnectivityService(  768): resetConnections(rmnet0, 3)
D/Nat464Xlat(  768): requiresClat: netType=3, hasIPv4Address=true
D/MobileDataStateTracker(  768): default: setPolicyDataEnable(enabled=true)
D/MobileDataStateTracker(  768): default: setPolicyDataEnable(enabled=true)
D/MobileDataStateTracker(  768): default: setPolicyDataEnable(enabled=true)
D/MobileDataStateTracker(  768): default: setPolicyDataEnable(enabled=true)
D/ConnectivityService(  768): handleInetConditionHoldEnd: net=1, condition=100, published condition=100
V/BackupManagerService(  768): Running a backup pass
V/BackupManagerService(  768): clearing pending backups
V/PerformBackupTask(  768): Beginning backup of 1 targets
D/PerformBackupTask(  768): invokeAgentForBackup on @pm@
I/PerformBackupTask(  768): no backup data written; not calling transport
D/PerformBackupTask(  768): starting agent for backup of BackupRequest{pkg=android}
D/BackupManagerService(  768): awaiting agent for ApplicationInfo{4271fe60 android}
D/BackupManagerService(  768): agentConnected pkg=android agent=android.app.backup.BackupAgent$BackupServiceBinder@44486b38
I/BackupManagerService(  768): got agent android.app.backup.BackupAgent$BackupServiceBinder@44486b38
D/PerformBackupTask(  768): invokeAgentForBackup on android
I/PerformBackupTask(  768): no backup data written; not calling transport
I/PerformBackupTask(  768): Backup pass finished.
I/ActivityManager(  768): Start proc com.google.android.gms.unstable for service com.google.android.gms/.droidguard.DroidGuardService: pid=10651 uid=10007 gids={50007, 3003, 1007, 1028, 1015, 3002, 3001, 3007, 2001, 3006}
E/ActivityThread( 1167): Service com.google.android.gms.checkin.CheckinService has leaked ServiceConnection gbd@42780198 that was originally bound here
E/ActivityThread( 1167): android.app.ServiceConnectionLeaked: Service com.google.android.gms.checkin.CheckinService has leaked ServiceConnection gbd@42780198 that was originally bound here
E/ActivityThread( 1167): 	at android.app.LoadedApk$ServiceDispatcher.<init>(LoadedApk.java:970)
E/ActivityThread( 1167): 	at android.app.LoadedApk.getServiceDispatcher(LoadedApk.java:864)
E/ActivityThread( 1167): 	at android.app.ContextImpl.bindServiceCommon(ContextImpl.java:1569)
E/ActivityThread( 1167): 	at android.app.ContextImpl.bindService(ContextImpl.java:1552)
E/ActivityThread( 1167): 	at android.content.ContextWrapper.bindService(ContextWrapper.java:517)
E/ActivityThread( 1167): 	at gbc.<init>(SourceFile:99)
E/ActivityThread( 1167): 	at gay.<init>(SourceFile:226)
E/ActivityThread( 1167): 	at java.lang.reflect.Constructor.constructNative(Native Method)
E/ActivityThread( 1167): 	at java.lang.reflect.Constructor.newInstance(Constructor.java:423)
E/ActivityThread( 1167): 	at xs.<init>(SourceFile:175)
E/ActivityThread( 1167): 	at bkt.a(SourceFile:226)
E/ActivityThread( 1167): 	at bks.a(SourceFile:298)
E/ActivityThread( 1167): 	at bks.doInBackground(SourceFile:288)
E/ActivityThread( 1167): 	at android.os.AsyncTask$2.call(AsyncTask.java:288)
E/ActivityThread( 1167): 	at java.util.concurrent.FutureTask.run(FutureTask.java:237)
E/ActivityThread( 1167): 	at java.lang.Thread.run(Thread.java:841)
I/ActivityManager(  768): Killing 9051:com.google.android.gm/u0a41 (adj 15): empty for 1833s
D/ConnectivityService(  768): handleInetConditionHoldEnd: net=1, condition=100, published condition=100
I/ProcessStatsService(  768): Prepared write state in 4ms
D/MobileDataStateTracker(  768): default: setPolicyDataEnable(enabled=true)
I/ActivityManager(  768): Start proc com.android.providers.calendar for content provider com.android.providers.calendar/.CalendarProvider2: pid=10903 uid=10001 gids={50001, 3003, 1028, 1015}
I/ActivityManager(  768): Start proc com.google.android.calendar for broadcast com.google.android.calendar/com.android.calendar.alerts.AlertReceiver: pid=10921 uid=10028 gids={50028, 3003}
D/ConnectivityService(  768): Sampling interval elapsed, updating statistics ..
D/ConnectivityService(  768): Done.
D/ConnectivityService(  768): Setting timer for 720seconds
I/ActivityManager(  768): Start proc com.google.android.partnersetup for content provider com.google.android.partnersetup/.RlzAppProvider: pid=11058 uid=10011 gids={50011, 3003}
I/ActivityManager(  768): Killing 9707:com.google.android.talk/u0a51 (adj 15): empty #17
D/ConnectivityService(  768): handleInetConditionHoldEnd: net=1, condition=100, published condition=100
D/ConnectivityService(  768): Sampling interval elapsed, updating statistics ..
D/ConnectivityService(  768): Done.
D/ConnectivityService(  768): Setting timer for 720seconds
I/ActivityManager(  768): Start proc com.payneservices.LifeReminders for broadcast com.payneservices.LifeReminders/.Receivers.ReminderNotifications: pid=11622 uid=10083 gids={50083, 1028, 1015, 3003}
I/ActivityManager(  768): Delay finish: com.payneservices.LifeReminders/.Receivers.ReminderNotifications
I/ActivityManager(  768): Resuming delayed broadcast
I/ActivityManager(  768): Killing 10200:com.soundcloud.android/u0a133 (adj 15): empty #17
I/PowerManagerService(  768): Waking up from sleep...
I/WindowManager(  768): Lock screen displayed!
D/DisplayPowerController(  768): Unblocked screen on after 283871777 ms
I/PowerManagerService(  768): Going to sleep by user request...
I/ActivityManager(  768): Killing 10436:org.coursera.android/u0a75 (adj 15): empty for 1854s
I/ActivityManager(  768): Killing 10421:com.adobe.air/u0a89 (adj 15): empty for 1854s
I/ActivityManager(  768): Killing 10379:com.google.android.apps.magazines/u0a56 (adj 15): empty for 1854s
I/ActivityManager(  768): Killing 10179:com.google.android.apps.plus/u0a63 (adj 15): empty for 1854s
I/ActivityManager(  768): Killing 10262:com.google.android.apps.maps/u0a57 (adj 15): empty for 1854s
I/ActivityManager(  768): Killing 10352:com.google.android.gms.wearable/u0a7 (adj 15): empty for 1854s
I/ActivityManager(  768): Killing 10152:com.google.android.music:main/u0a58 (adj 15): empty for 1854s
W/ActivityManager(  768): Scheduling restart of crashed service com.google.android.gms/.wearable.service.WearableService in 1000ms
F/ActivityManager(  768): Service ServiceRecord{4384c1f8 u0 com.google.android.music/.net.NetworkMonitor} in process ProcessRecord{4316e010 10152:com.google.android.music:main/u0a58} not same as in map: null
F/ActivityManager(  768): Service ServiceRecord{438475b0 u0 com.google.android.music/.preferences.MusicPreferenceService$MusicPreferenceServiceBinder} in process ProcessRecord{4316e010 10152:com.google.android.music:main/u0a58} not same as in map: null
F/ActivityManager(  768): Service ServiceRecord{44240400 u0 com.google.android.apps.maps/com.google.android.apps.gmm.prefetch.PrefetcherService} in process ProcessRecord{433fd0e0 10262:com.google.android.apps.maps/u0a57} not same as in map: null
I/ActivityManager(  768): Start proc com.google.android.apps.plus for service com.google.android.apps.plus/com.google.android.libraries.social.autobackup.AutoBackupSyncService: pid=11757 uid=10063 gids={50063, 3003, 3002, 1028, 1015}
I/ActivityManager(  768): Start proc com.google.android.apps.docs.editors.docs for service com.google.android.apps.docs.editors.docs/com.google.android.apps.docs.sync.syncadapter.DocsSyncAdapterService: pid=11781 uid=10109 gids={50109, 3003, 1028, 1015}
I/ActivityManager(  768): Start proc com.skype.raider for service com.skype.raider/com.skype.android.service.AccountService: pid=11819 uid=10149 gids={50149, 3003, 3002, 1028, 1015}
I/ActivityManager(  768): Start proc com.google.android.apps.docs for content provider com.google.android.apps.docs/.doclist.statesyncer.CrossAppStateProvider: pid=11850 uid=10035 gids={50035, 3003, 1028, 1015}
I/ActivityManager(  768): Start proc com.google.android.apps.docs.editors.sheets for service com.google.android.apps.docs.editors.sheets/com.google.android.apps.docs.sync.syncadapter.DocsSyncAdapterService: pid=11907 uid=10118 gids={50118, 3003, 1028, 1015}
W/ActivityManager(  768): No content provider found for permission revoke: content://com.google.android.apps.docs.editors.kix.storage/document/acc=1;doc=124
W/ActivityManager(  768): No content provider found for permission revoke: content://com.google.android.apps.docs.editors.kix.storage/document/acc=1;doc=116
I/ActivityManager(  768): Start proc com.trello for service com.trello/.syncadapter.TSyncService: pid=11983 uid=10076 gids={50076, 3003, 1028, 1015}
W/ActivityManager(  768): No content provider found for permission revoke: content://com.google.android.apps.docs.editors.trix.storage/document/acc=1;doc=29
D/BackupManagerService(  768): Now staging backup of android
I/ActivityManager(  768): Killing 10651:com.google.android.gms.unstable/u0a7 (adj 15): empty for 1858s
D/ConnectivityService(  768): Sampling interval elapsed, updating statistics ..
D/ConnectivityService(  768): Done.
D/ConnectivityService(  768): Setting timer for 720seconds
D/ConnectivityService(  768): handleInetConditionHoldEnd: net=1, condition=100, published condition=100
I/ProcessStatsService(  768): Prepared write state in 4ms
D/MobileDataStateTracker(  768): default: setPolicyDataEnable(enabled=true)
I/ActivityManager(  768): Killing 10903:com.android.providers.calendar/u0a1 (adj 15): empty for 1800s
I/ActivityManager(  768): Start proc com.google.android.apps.genie.geniewidget for broadcast com.google.android.apps.genie.geniewidget/.miniwidget.UpdateReceiver: pid=12377 uid=10040 gids={50040, 3003, 1028, 1015}
I/ActivityManager(  768): Start proc com.android.providers.calendar for content provider com.android.providers.calendar/.CalendarProvider2: pid=12391 uid=10001 gids={50001, 3003, 1028, 1015}
I/ActivityManager(  768): Delay finish: com.groupon/.receiver.LocationChangedReceiver
I/ActivityManager(  768): Resuming delayed broadcast
I/ActivityManager(  768): Waited long enough for: ServiceRecord{433ad2d8 u0 com.google.android.apps.genie.geniewidget/.GenieRefreshService}
I/ActivityManager(  768): Killing 11058:com.google.android.partnersetup/u0a11 (adj 15): empty for 1804s
I/ActivityManager(  768): Start proc com.google.android.talk for broadcast com.google.android.talk/com.google.android.apps.babel.realtimechat.RealTimeChatService$AlarmReceiver: pid=12672 uid=10051 gids={50051, 3003, 1028, 1015, 3002}
D/ConnectivityService(  768): Sampling interval elapsed, updating statistics ..
D/ConnectivityService(  768): Done.
D/ConnectivityService(  768): Setting timer for 720seconds
I/PackageManager(  768): Adding preferred activity ComponentInfo{com.google.android.talk/com.google.android.apps.babel.phone.BabelHomeActivity} for user 0 :
I/PackageManager(  768): Adding preferred activity ComponentInfo{com.google.android.talk/com.google.android.apps.babel.phone.BabelHomeActivity} for user 0 :
I/PackageManager(  768): Adding preferred activity ComponentInfo{com.google.android.talk/com.google.android.apps.babel.phone.BabelHomeActivity} for user 0 :
I/PackageManager(  768): Adding preferred activity ComponentInfo{com.google.android.talk/com.google.android.apps.babel.phone.BabelHomeActivity} for user 0 :
D/ConnectivityService(  768): handleInetConditionHoldEnd: net=1, condition=100, published condition=100
I/EntropyMixer(  768): Writing entropy...
I/ActivityManager(  768): Killing 11622:com.payneservices.LifeReminders/u0a83 (adj 15): empty for 1858s
I/ActivityManager(  768): Start proc com.google.android.apps.maps for service com.google.android.apps.maps/com.google.android.apps.gmm.prefetch.PrefetcherService: pid=13218 uid=10057 gids={50057, 3003, 1028, 1015}
I/ActivityManager(  768): Killing 11983:com.trello/u0a76 (adj 15): empty for 1808s
I/ActivityManager(  768): Killing 11850:com.google.android.apps.docs/u0a35 (adj 15): empty for 1811s
I/ActivityManager(  768): Killing 11819:com.skype.raider/u0a149 (adj 15): empty for 1812s
I/ActivityManager(  768): Killing 11757:com.google.android.apps.plus/u0a63 (adj 15): empty for 1813s
D/ConnectivityService(  768): Sampling interval elapsed, updating statistics ..
D/ConnectivityService(  768): Done.
D/ConnectivityService(  768): Setting timer for 720seconds
W/ActivityThread(13218): ClassLoader.loadClass: The class loader returned by Thread.getContextClassLoader() may fail for processes that host multiple applications. You should explicitly specify a context class loader. For example: Thread.setContextClassLoader(getClass().getClassLoader());
I/ActivityManager(  768): Start proc com.google.android.gms.wearable for service com.google.android.gms/.wearable.service.WearableService: pid=13292 uid=10007 gids={50007, 3003, 1007, 1028, 1015, 3002, 3001, 3007, 2001, 3006}
I/ActivityManager(  768): Killing 11907:com.google.android.apps.docs.editors.sheets/u0a118 (adj 15): empty for 1846s
I/ActivityManager(  768): Killing 11781:com.google.android.apps.docs.editors.docs/u0a109 (adj 15): empty for 1846s
V/BackupManagerService(  768): Running a backup pass
V/BackupManagerService(  768): clearing pending backups
V/PerformBackupTask(  768): Beginning backup of 1 targets
D/PerformBackupTask(  768): invokeAgentForBackup on @pm@
I/PerformBackupTask(  768): no backup data written; not calling transport
D/PerformBackupTask(  768): starting agent for backup of BackupRequest{pkg=android}
D/BackupManagerService(  768): awaiting agent for ApplicationInfo{4271fe60 android}
D/BackupManagerService(  768): agentConnected pkg=android agent=android.app.backup.BackupAgent$BackupServiceBinder@42f813d8
I/BackupManagerService(  768): got agent android.app.backup.BackupAgent$BackupServiceBinder@42f813d8
D/PerformBackupTask(  768): invokeAgentForBackup on android
I/PerformBackupTask(  768): no backup data written; not calling transport
I/PerformBackupTask(  768): Backup pass finished.
I/ActivityManager(  768): Start proc com.skype.raider for broadcast com.skype.raider/com.skype.android.push.gcm.GCMPushReceiver: pid=13431 uid=10149 gids={50149, 3003, 3002, 1028, 1015}
D/ConnectivityService(  768): handleInetConditionHoldEnd: net=1, condition=100, published condition=100
D/ConnectivityService(  768): handleInetConditionHoldEnd: net=1, condition=100, published condition=100
I/ProcessStatsService(  768): Prepared write state in 40ms
I/ProcessStatsService(  768): Pruning old procstats: /data/system/procstats/state-2014-08-25-15-49-13.bin
D/MobileDataStateTracker(  768): default: setPolicyDataEnable(enabled=true)
I/ActivityManager(  768): Killing 10921:com.google.android.calendar/u0a28 (adj 15): empty for 1805s
I/ActivityManager(  768): Killing 12391:com.android.providers.calendar/u0a1 (adj 15): empty for 1806s
I/ActivityManager(  768): Start proc com.google.android.partnersetup for content provider com.google.android.partnersetup/.RlzAppProvider: pid=13897 uid=10011 gids={50011, 3003}
I/ActivityManager(  768): Killing 12377:com.google.android.apps.genie.geniewidget/u0a40 (adj 15): empty for 1902s
D/ConnectivityService(  768): Sampling interval elapsed, updating statistics ..
D/ConnectivityService(  768): Done.
D/ConnectivityService(  768): Setting timer for 720seconds
D/ConnectivityService(  768): handleInetConditionHoldEnd: net=1, condition=100, published condition=100
I/ActivityManager(  768): Start proc com.android.providers.calendar for content provider com.android.providers.calendar/.CalendarProvider2: pid=14288 uid=10001 gids={50001, 3003, 1028, 1015}
I/ActivityManager(  768): Killing 10217:android.process.media/u0a5 (adj 15): empty for 1986s
I/ActivityManager(  768): Start proc com.google.android.calendar for broadcast com.google.android.calendar/com.android.calendar.alerts.AlertReceiver: pid=14303 uid=10028 gids={50028, 3003}
I/ActivityManager(  768): Killing 12672:com.google.android.talk/u0a51 (adj 15): empty for 1993s
D/ConnectivityService(  768): Sampling interval elapsed, updating statistics ..
D/ConnectivityService(  768): Done.
D/ConnectivityService(  768): Setting timer for 720seconds
I/ActivityManager(  768): Start proc com.google.android.apps.plus for service com.google.android.apps.plus/.service.EsSyncAdapterService: pid=14459 uid=10063 gids={50063, 3003, 3002, 1028, 1015}
I/ActivityManager(  768): Start proc com.soundcloud.android for service com.soundcloud.android/.sync.SyncAdapterService: pid=14492 uid=10133 gids={50133, 3003, 1028, 1015}
I/ActivityManager(  768): Start proc android.process.media for content provider com.android.providers.media/.MediaProvider: pid=14515 uid=10005 gids={50005, 1028, 1015, 1023, 1024, 2001, 3003, 3007}
I/ActivityManager(  768): Killing 13292:com.google.android.gms.wearable/u0a7 (adj 15): empty for 1804s
I/ActivityManager(  768): Killing 13218:com.google.android.apps.maps/u0a57 (adj 15): empty for 1804s
W/ActivityManager(  768): Scheduling restart of crashed service com.google.android.gms/.wearable.service.WearableService in 1000ms
F/ActivityManager(  768): Service ServiceRecord{434dbb10 u0 com.google.android.apps.maps/com.google.android.apps.gmm.prefetch.PrefetcherService} in process ProcessRecord{438868d0 13218:com.google.android.apps.maps/u0a57} not same as in map: null
D/BackupManagerService(  768): Now staging backup of android
I/ActivityManager(  768): Killing 13431:com.skype.raider/u0a149 (adj 15): empty for 1800s
D/ConnectivityService(  768): handleInetConditionHoldEnd: net=1, condition=100, published condition=100
D/ConnectivityService(  768): Sampling interval elapsed, updating statistics ..
I/ProcessStatsService(  768): Prepared write state in 43ms
D/ConnectivityService(  768): Done.
D/ConnectivityService(  768): Setting timer for 720seconds
D/MobileDataStateTracker(  768): default: setPolicyDataEnable(enabled=true)
D/ConnectivityService(  768): startUsingNetworkFeature reconnecting to 0: enableSUPL
D/ConnectivityService(  768): startUsingNetworkFeature X: return APN_REQUEST_STARTED
D/MobileDataStateTracker(  768): supl: Broadcast received: android.intent.action.ANY_DATA_STATE apnType=supl
D/MobileDataStateTracker(  768): supl: Received state=CONNECTING, old=DISCONNECTED, reason=dataEnabled
D/MobileDataStateTracker(  768): supl: setDetailed state, old =IDLE and new state=CONNECTING
D/MobileDataStateTracker(  768): fota: Broadcast received: android.intent.action.ANY_DATA_STATE apnType=fota
D/MobileDataStateTracker(  768): fota: Received state=DISCONNECTED, old=DISCONNECTED, reason=dataEnabled
D/MobileDataStateTracker(  768): dun: Broadcast received: android.intent.action.ANY_DATA_STATE apnType=dun
D/MobileDataStateTracker(  768): dun: Received state=DISCONNECTED, old=DISCONNECTED, reason=dataEnabled
D/MobileDataStateTracker(  768): ia: Broadcast received: android.intent.action.ANY_DATA_STATE apnType=ia
D/MobileDataStateTracker(  768): ia: Received state=DISCONNECTED, old=DISCONNECTED, reason=dataEnabled
D/MobileDataStateTracker(  768): hipri: Broadcast received: android.intent.action.ANY_DATA_STATE apnType=hipri
D/MobileDataStateTracker(  768): hipri: Received state=DISCONNECTED, old=DISCONNECTED, reason=dataEnabled
D/MobileDataStateTracker(  768): ims: Broadcast received: android.intent.action.ANY_DATA_STATE apnType=ims
D/MobileDataStateTracker(  768): ims: Received state=DISCONNECTED, old=DISCONNECTED, reason=dataEnabled
D/MobileDataStateTracker(  768): default: Broadcast received: android.intent.action.ANY_DATA_STATE apnType=default
D/MobileDataStateTracker(  768): default: Received state=DISCONNECTED, old=DISCONNECTED, reason=dataEnabled
D/MobileDataStateTracker(  768): mms: Broadcast received: android.intent.action.ANY_DATA_STATE apnType=mms
D/MobileDataStateTracker(  768): mms: Received state=DISCONNECTED, old=DISCONNECTED, reason=dataEnabled
D/MobileDataStateTracker(  768): cbs: Broadcast received: android.intent.action.ANY_DATA_STATE apnType=cbs
D/MobileDataStateTracker(  768): cbs: Received state=DISCONNECTED, old=DISCONNECTED, reason=dataEnabled
D/MobileDataStateTracker(  768): supl: Broadcast received: android.intent.action.ANY_DATA_STATE apnType=supl
D/MobileDataStateTracker(  768): supl: Received state=CONNECTED, old=CONNECTING, reason=connected
D/MobileDataStateTracker(  768): supl: setDetailed state, old =CONNECTING and new state=CONNECTED
D/ConnectivityService(  768): ConnectivityChange for mobile_supl: CONNECTED/CONNECTED
E/ConnectivityService(  768): Exception trying to remove a route: java.lang.IllegalStateException: command '4865 interface route remove rmnet0 default 0.0.0.0 0 10.54.228.46' failed with '400 4865 Failed to remove route from default table (No such process)'
D/Nat464Xlat(  768): requiresClat: netType=3, hasIPv4Address=true
D/MobileDataStateTracker(  768): default: setPolicyDataEnable(enabled=true)
D/MobileDataStateTracker(  768): default: setPolicyDataEnable(enabled=true)
I/ActivityManager(  768): Start proc com.google.android.music:main for broadcast com.google.android.music/.homewidgets.IFLWidgetProvider: pid=15173 uid=10058 gids={50058, 3003, 1028, 1015}
I/ActivityManager(  768): Start proc com.google.android.apps.maps for broadcast com.google.android.apps.maps/com.google.userfeedback.android.api.FeedbackConnectivityReceiver: pid=15217 uid=10057 gids={50057, 3003, 1028, 1015}
I/ActivityManager(  768): Killing 13897:com.google.android.partnersetup/u0a11 (adj 15): empty for 1809s
W/ActivityThread(15217): ClassLoader.loadClass: The class loader returned by Thread.getContextClassLoader() may fail for processes that host multiple applications. You should explicitly specify a context class loader. For example: Thread.setContextClassLoader(getClass().getClassLoader());
D/ConnectivityService(  768): handleInetConditionHoldEnd: net=1, condition=100, published condition=100
I/ActivityManager(  768): Start proc com.google.android.gms.wearable for service com.google.android.gms/.wearable.service.WearableService: pid=15261 uid=10007 gids={50007, 3003, 1007, 1028, 1015, 3002, 3001, 3007, 2001, 3006}
I/ActivityManager(  768): Start proc com.google.android.apps.magazines for broadcast com.google.android.apps.magazines/com.google.apps.dots.android.newsstand.appwidget.NewsWidgetProvider: pid=15288 uid=10056 gids={50056, 3003, 1028, 1015}
D/ConnectivityService(  768): stopUsingNetworkFeature: teardown net 0: enableSUPL
D/MobileDataStateTracker(  768): supl: Broadcast received: android.intent.action.ANY_DATA_STATE apnType=supl
D/MobileDataStateTracker(  768): supl: Received state=DISCONNECTED, old=CONNECTED, reason=dataDisabled
D/MobileDataStateTracker(  768): supl: setDetailed state, old =CONNECTED and new state=DISCONNECTED
D/ConnectivityService(  768): ConnectivityChange for mobile_supl: DISCONNECTED/DISCONNECTED
W/FrameworkListener(  178): Handler 'interface' error (No such device)
W/FrameworkListener(  178): Handler 'interface' error (No such device)
D/ConnectivityService(  768): resetConnections(rmnet0, 3)
D/Nat464Xlat(  768): requiresClat: netType=3, hasIPv4Address=true
D/MobileDataStateTracker(  768): default: setPolicyDataEnable(enabled=true)
I/ActivityManager(  768): Start proc com.adobe.air for broadcast com.adobe.air/.wand.ConnectionChangeReceiver: pid=15346 uid=10089 gids={50089, 3003}
D/MobileDataStateTracker(  768): default: setPolicyDataEnable(enabled=true)
D/MobileDataStateTracker(  768): default: setPolicyDataEnable(enabled=true)
D/MobileDataStateTracker(  768): default: setPolicyDataEnable(enabled=true)
I/ActivityManager(  768): Start proc org.coursera.android for broadcast org.coursera.android/org.coursera.courkit.network.CourkitNetworkObservable: pid=15370 uid=10075 gids={50075, 3003, 1028, 1015}
D/ConnectivityService(  768): handleInetConditionHoldEnd: net=1, condition=100, published condition=100
I/ActivityManager(  768): Start proc com.google.android.talk for broadcast com.google.android.talk/com.google.android.apps.babel.realtimechat.RealTimeChatService$AlarmReceiver: pid=15512 uid=10051 gids={50051, 3003, 1028, 1015, 3002}
W/ProcessCpuTracker(  768): Skipping unknown process pid 15637
W/ProcessCpuTracker(  768): Skipping unknown process pid 15640
D/ConnectivityService(  768): Sampling interval elapsed, updating statistics ..
D/ConnectivityService(  768): Done.
D/ConnectivityService(  768): Setting timer for 720seconds
D/ConnectivityService(  768): handleInetConditionHoldEnd: net=1, condition=100, published condition=100
I/ActivityManager(  768): Killing 14288:com.android.providers.calendar/u0a1 (adj 15): empty for 1800s
I/ActivityManager(  768): Killing 14303:com.google.android.calendar/u0a28 (adj 15): empty for 1804s
I/ActivityManager(  768): Killing 14492:com.soundcloud.android/u0a133 (adj 15): empty for 1823s
D/ConnectivityService(  768): Sampling interval elapsed, updating statistics ..
D/ConnectivityService(  768): Done.
D/ConnectivityService(  768): Setting timer for 720seconds
W/ProcessCpuTracker(  768): Skipping unknown process pid 16080
W/ProcessCpuTracker(  768): Skipping unknown process pid 16088
W/ProcessCpuTracker(  768): Skipping unknown process pid 16089
V/BackupManagerService(  768): Running a backup pass
V/BackupManagerService(  768): clearing pending backups
V/PerformBackupTask(  768): Beginning backup of 1 targets
D/PerformBackupTask(  768): invokeAgentForBackup on @pm@
I/PerformBackupTask(  768): no backup data written; not calling transport
D/PerformBackupTask(  768): starting agent for backup of BackupRequest{pkg=android}
D/BackupManagerService(  768): awaiting agent for ApplicationInfo{4271fe60 android}
D/BackupManagerService(  768): agentConnected pkg=android agent=android.app.backup.BackupAgent$BackupServiceBinder@431d3210
I/BackupManagerService(  768): got agent android.app.backup.BackupAgent$BackupServiceBinder@431d3210
D/PerformBackupTask(  768): invokeAgentForBackup on android
I/PerformBackupTask(  768): no backup data written; not calling transport
I/PerformBackupTask(  768): Backup pass finished.
D/ConnectivityService(  768): handleInetConditionHoldEnd: net=1, condition=100, published condition=100
I/ProcessStatsService(  768): Prepared write state in 21ms
D/MobileDataStateTracker(  768): default: setPolicyDataEnable(enabled=true)
I/ActivityManager(  768): Start proc com.android.providers.calendar for content provider com.android.providers.calendar/.CalendarProvider2: pid=16169 uid=10001 gids={50001, 3003, 1028, 1015}
I/ActivityManager(  768): Start proc com.google.android.calendar for broadcast com.google.android.calendar/com.android.calendar.alerts.AlertReceiver: pid=16192 uid=10028 gids={50028, 3003}
I/ActivityManager(  768): Killing 15288:com.google.android.apps.magazines/u0a56 (adj 15): empty for 1822s
I/ActivityManager(  768): Killing 14459:com.google.android.apps.plus/u0a63 (adj 15): empty for 1822s
I/ActivityManager(  768): Killing 15217:com.google.android.apps.maps/u0a57 (adj 15): empty for 1822s
I/ActivityManager(  768): Killing 15261:com.google.android.gms.wearable/u0a7 (adj 15): empty for 1822s
I/ActivityManager(  768): Killing 14515:android.process.media/u0a5 (adj 15): empty for 1822s
W/ActivityManager(  768): Scheduling restart of crashed service com.google.android.gms/.wearable.service.WearableService in 1000ms
F/ActivityManager(  768): Service ServiceRecord{4447f218 u0 com.google.android.apps.maps/com.google.android.apps.gmm.prefetch.PrefetcherService} in process ProcessRecord{43164898 15217:com.google.android.apps.maps/u0a57} not same as in map: null
D/ConnectivityService(  768): Sampling interval elapsed, updating statistics ..
D/ConnectivityService(  768): Done.
D/ConnectivityService(  768): Setting timer for 720seconds
I/ActivityManager(  768): Start proc com.google.android.gm for service com.google.android.gm/.provider.MailSyncAdapterService: pid=16388 uid=10041 gids={50041, 3003, 1028, 1015}
D/ConnectivityService(  768): handleInetConditionHoldEnd: net=1, condition=100, published condition=100
D/ConnectivityService(  768): handleInetConditionHoldEnd: net=1, condition=100, published condition=100
I/ActivityManager(  768): Start proc android.process.media for content provider com.android.providers.downloads/.DownloadProvider: pid=16514 uid=10005 gids={50005, 1028, 1015, 1023, 1024, 2001, 3003, 3007}
W/ActivityThread(16514): ClassLoader.loadClass: The class loader returned by Thread.getContextClassLoader() may fail for processes that host multiple applications. You should explicitly specify a context class loader. For example: Thread.setContextClassLoader(getClass().getClassLoader());
I/ActivityManager(  768): Killing 15346:com.adobe.air/u0a89 (adj 15): empty for 2008s
I/ActivityManager(  768): Killing 15370:org.coursera.android/u0a75 (adj 15): empty for 2009s
W/ProcessCpuTracker(  768): Skipping unknown process pid 16658
W/ProcessCpuTracker(  768): Skipping unknown process pid 16662
D/ConnectivityService(  768): handleInetConditionHoldEnd: net=1, condition=100, published condition=100
D/ConnectivityService(  768): Sampling interval elapsed, updating statistics ..
D/ConnectivityService(  768): Done.
D/ConnectivityService(  768): Setting timer for 720seconds
I/ActivityManager(  768): Start proc com.google.android.apps.plus for service com.google.android.apps.plus/.service.EsSyncAdapterService: pid=16941 uid=10063 gids={50063, 3003, 3002, 1028, 1015}
I/ActivityManager(  768): Start proc com.soundcloud.android for service com.soundcloud.android/.sync.SyncAdapterService: pid=16959 uid=10133 gids={50133, 3003, 1028, 1015}
D/ConnectivityService(  768): handleInetConditionHoldEnd: net=1, condition=100, published condition=100
I/ActivityManager(  768): Killing 15173:com.google.android.music:main/u0a58 (adj 15): empty for 2970s
I/ActivityManager(  768): Start proc com.trello for service com.trello/.syncadapter.TSyncService: pid=17061 uid=10076 gids={50076, 3003, 1028, 1015}
F/ActivityManager(  768): Service ServiceRecord{43cef610 u0 com.google.android.music/.net.NetworkMonitor} in process ProcessRecord{43127198 15173:com.google.android.music:main/u0a58} not same as in map: null
F/ActivityManager(  768): Service ServiceRecord{438b5b78 u0 com.google.android.music/.preferences.MusicPreferenceService$MusicPreferenceServiceBinder} in process ProcessRecord{43127198 15173:com.google.android.music:main/u0a58} not same as in map: null
I/ActivityManager(  768): Killing 15512:com.google.android.talk/u0a51 (adj 15): empty for 2679s
I/PowerManagerService(  768): Waking up from sleep...
I/WindowManager(  768): Lock screen displayed!
D/DisplayPowerController(  768): Unblocked screen on after 291304419 ms
I/ActivityManager(  768): Config changes=480 {1.0 310mcc410mnc en_US ldltr sw360dp w598dp h335dp 480dpi nrml land finger -keyb/v/h -nav/h s.110}
I/WindowManager(  768): Screen frozen for +370ms due to Window{42e9c840 u0 com.google.android.deskclock/com.android.deskclock.DeskClock}
I/ActivityManager(  768): Config changes=480 {1.0 310mcc410mnc en_US ldltr sw360dp w360dp h567dp 480dpi nrml port finger -keyb/v/h -nav/h s.111}
I/WindowManager(  768): Screen frozen for +375ms due to Window{4307e748 u0 com.google.android.deskclock/com.android.deskclock.DeskClock}
I/ActivityManager(  768): START u0 {act=android.intent.action.VIEW flg=0x34000000 cmp=com.google.android.talk/.SigningInActivity bnds=[0,731][1080,923] (has extras)} from pid -1
I/ActivityManager(  768): Start proc com.google.android.talk for activity com.google.android.talk/.SigningInActivity: pid=17290 uid=10051 gids={50051, 3003, 1028, 1015, 3002}
D/BackupManagerService(  768): Now staging backup of android
I/ActivityManager(  768): START u0 {flg=0x10000000 cmp=com.skype.raider/com.skype.android.app.main.SplashActivity bnds=[0,521][1080,713] (has extras)} from pid -1
I/ActivityManager(  768): Start proc com.skype.raider for activity com.skype.raider/com.skype.android.app.main.SplashActivity: pid=17512 uid=10149 gids={50149, 3003, 3002, 1028, 1015}
I/ActivityManager(  768): START u0 {cmp=com.skype.raider/com.skype.android.app.main.HubActivity (has extras)} from pid 17512
I/ActivityManager(  768): START u0 {flg=0x4000000 cmp=com.skype.raider/com.skype.android.app.chat.ChatActivity (has extras)} from pid 17512
I/ActivityManager(  768): START u0 {flg=0x4000000 cmp=com.skype.raider/com.skype.android.app.chat.ChatActivity (has extras)} from pid 17512
I/ActivityManager(  768): START u0 {act=android.intent.action.VIEW dat=content://com.android.gmail.ui/a.lementuev@gmail.com/label/^sq_ig_i_personal?appVersion=4900120 typ=application/gmail-ls flg=0x1000c000 cmp=com.google.android.gm/.ConversationListActivityGmail bnds=[0,153][1080,503] (has extras)} from pid -1
D/ConnectivityService(  768): handleInetConditionHoldEnd: net=1, condition=100, published condition=100
D/ConnectivityService(  768): handleInetConditionHoldEnd: net=1, condition=100, published condition=100
I/ActivityManager(  768): Start proc com.google.android.partnersetup for content provider com.google.android.partnersetup/.RlzAppProvider: pid=18084 uid=10011 gids={50011, 3003}
I/ActivityManager(  768): START u0 {act=android.intent.action.MAIN flg=0x10200000 cmp=com.skype.raider/.Main} from pid 1067
W/InputMethodManagerService(  768): Starting input on non-focused client com.android.internal.view.IInputMethodClient$Stub$Proxy@42eac6d8 (uid=10019 pid=1067)
I/ActivityManager(  768): START u0 {cmp=com.skype.raider/com.skype.android.app.calling.PreCallActivity (has extras)} from pid 17512
W/InputMethodManagerService(  768): Window already focused, ignoring focus gain of: com.android.internal.view.IInputMethodClient$Stub$Proxy@43174440 attribute=null, token = android.os.BinderProxy@43215af0
D/ConnectivityService(  768): handleInetConditionHoldEnd: net=1, condition=100, published condition=100
I/ActivityManager(  768): START u0 {cmp=com.skype.raider/com.skype.android.app.calling.CallActivity (has extras)} from pid 17512
W/ProcessCpuTracker(  768): Skipping unknown process pid 18318
W/ProcessCpuTracker(  768): Skipping unknown process pid 18319
W/ProcessCpuTracker(  768): Skipping unknown process pid 18321
W/ProcessCpuTracker(  768): Skipping unknown process pid 18323
W/ProcessCpuTracker(  768): Skipping unknown process pid 18324
W/ProcessCpuTracker(  768): Skipping unknown process pid 18331
W/ProcessCpuTracker(  768): Skipping unknown process pid 18332
W/ProcessCpuTracker(  768): Skipping unknown process pid 18333
W/ProcessCpuTracker(  768): Skipping unknown process pid 18335
W/ProcessCpuTracker(  768): Skipping unknown process pid 18336
W/ProcessCpuTracker(  768): Skipping unknown process pid 18345
W/ProcessCpuTracker(  768): Skipping unknown process pid 18348
I/PackageManager(  768): Adding preferred activity ComponentInfo{com.google.android.talk/com.google.android.apps.babel.phone.BabelHomeActivity} for user 0 :
I/PackageManager(  768): Adding preferred activity ComponentInfo{com.google.android.talk/com.google.android.apps.babel.phone.BabelHomeActivity} for user 0 :
I/PackageManager(  768): Adding preferred activity ComponentInfo{com.google.android.talk/com.google.android.apps.babel.phone.BabelHomeActivity} for user 0 :
I/PackageManager(  768): Adding preferred activity ComponentInfo{com.google.android.talk/com.google.android.apps.babel.phone.BabelHomeActivity} for user 0 :
D/MobileDataStateTracker(  768): default: setPolicyDataEnable(enabled=true)
I/ActivityManager(  768): Config changes=480 {1.0 310mcc410mnc en_US ldltr sw360dp w598dp h335dp 480dpi nrml land finger -keyb/v/h -nav/h s.112}
I/WindowManager(  768): Screen frozen for +250ms due to Window{42f6f8a0 u0 StatusBar}
I/ActivityManager(  768): Config changes=480 {1.0 310mcc410mnc en_US ldltr sw360dp w360dp h567dp 480dpi nrml port finger -keyb/v/h -nav/h s.113}
I/WindowManager(  768): Screen frozen for +328ms due to Window{4323dfd8 u0 com.skype.raider/com.skype.android.app.calling.CallActivity}
I/ProcessStatsService(  768): Prepared write state in 17ms
D/ConnectivityService(  768): Sampling interval elapsed, updating statistics ..
D/ConnectivityService(  768): Done.
D/ConnectivityService(  768): Setting timer for 720seconds
I/ActivityManager(  768): START u0 {act=android.intent.action.VIEW flg=0x34000000 cmp=com.google.android.talk/.SigningInActivity bnds=[0,153][1080,441] (has extras)} from pid -1
W/InputMethodManagerService(  768): Starting input on non-focused client com.android.internal.view.IInputMethodClient$Stub$Proxy@42eac6d8 (uid=10019 pid=1067)
I/ActivityManager(  768): START u0 {act=com.android.systemui.recent.action.TOGGLE_RECENTS flg=0x10800000 cmp=com.android.systemui/.recent.RecentsActivity} from pid 880
I/ActivityManager(  768): Killing 17512:com.skype.raider/u0a149 (adj 9): remove task
I/ActivityManager(  768): Killing 17290:com.google.android.talk/u0a51 (adj 9): remove task
I/PowerManagerService(  768): Going to sleep by user request...
D/MobileDataStateTracker(  768): default: setPolicyDataEnable(enabled=true)
I/ActivityManager(  768): Killing 16192:com.google.android.calendar/u0a28 (adj 15): empty for 1808s
I/ActivityManager(  768): Killing 16169:com.android.providers.calendar/u0a1 (adj 15): empty for 1809s
I/ActivityManager(  768): Start proc com.google.android.talk for broadcast com.google.android.talk/com.google.android.apps.babel.realtimechat.RealTimeChatService$AlarmReceiver: pid=19028 uid=10051 gids={50051, 3003, 1028, 1015, 3002}
I/ActivityManager(  768): Start proc com.google.android.apps.maps for service com.google.android.apps.maps/com.google.android.apps.gmm.prefetch.PrefetcherService: pid=19144 uid=10057 gids={50057, 3003, 1028, 1015}
W/ActivityThread(19144): ClassLoader.loadClass: The class loader returned by Thread.getContextClassLoader() may fail for processes that host multiple applications. You should explicitly specify a context class loader. For example: Thread.setContextClassLoader(getClass().getClassLoader());
I/ActivityManager(  768): Start proc com.google.android.gms.wearable for service com.google.android.gms/.wearable.service.WearableService: pid=19204 uid=10007 gids={50007, 3003, 1007, 1028, 1015, 3002, 3001, 3007, 2001, 3006}
D/ConnectivityService(  768): startUsingNetworkFeature reconnecting to 0: enableSUPL
D/ConnectivityService(  768): startUsingNetworkFeature X: return APN_REQUEST_STARTED
D/MobileDataStateTracker(  768): supl: Broadcast received: android.intent.action.ANY_DATA_STATE apnType=supl
D/MobileDataStateTracker(  768): supl: Received state=CONNECTING, old=DISCONNECTED, reason=dataEnabled
D/MobileDataStateTracker(  768): supl: setDetailed state, old =IDLE and new state=CONNECTING
D/MobileDataStateTracker(  768): fota: Broadcast received: android.intent.action.ANY_DATA_STATE apnType=fota
D/MobileDataStateTracker(  768): fota: Received state=DISCONNECTED, old=DISCONNECTED, reason=dataEnabled
D/MobileDataStateTracker(  768): dun: Broadcast received: android.intent.action.ANY_DATA_STATE apnType=dun
D/MobileDataStateTracker(  768): dun: Received state=DISCONNECTED, old=DISCONNECTED, reason=dataEnabled
D/MobileDataStateTracker(  768): ia: Broadcast received: android.intent.action.ANY_DATA_STATE apnType=ia
D/MobileDataStateTracker(  768): ia: Received state=DISCONNECTED, old=DISCONNECTED, reason=dataEnabled
D/MobileDataStateTracker(  768): hipri: Broadcast received: android.intent.action.ANY_DATA_STATE apnType=hipri
D/MobileDataStateTracker(  768): hipri: Received state=DISCONNECTED, old=DISCONNECTED, reason=dataEnabled
D/MobileDataStateTracker(  768): ims: Broadcast received: android.intent.action.ANY_DATA_STATE apnType=ims
D/MobileDataStateTracker(  768): ims: Received state=DISCONNECTED, old=DISCONNECTED, reason=dataEnabled
D/MobileDataStateTracker(  768): default: Broadcast received: android.intent.action.ANY_DATA_STATE apnType=default
D/MobileDataStateTracker(  768): default: Received state=DISCONNECTED, old=DISCONNECTED, reason=dataEnabled
D/MobileDataStateTracker(  768): mms: Broadcast received: android.intent.action.ANY_DATA_STATE apnType=mms
D/MobileDataStateTracker(  768): mms: Received state=DISCONNECTED, old=DISCONNECTED, reason=dataEnabled
D/MobileDataStateTracker(  768): cbs: Broadcast received: android.intent.action.ANY_DATA_STATE apnType=cbs
D/MobileDataStateTracker(  768): cbs: Received state=DISCONNECTED, old=DISCONNECTED, reason=dataEnabled
D/MobileDataStateTracker(  768): supl: Broadcast received: android.intent.action.ANY_DATA_STATE apnType=supl
D/MobileDataStateTracker(  768): supl: Received state=CONNECTED, old=CONNECTING, reason=connected
D/MobileDataStateTracker(  768): supl: setDetailed state, old =CONNECTING and new state=CONNECTED
D/ConnectivityService(  768): ConnectivityChange for mobile_supl: CONNECTED/CONNECTED
E/ConnectivityService(  768): Exception trying to remove a route: java.lang.IllegalStateException: command '4900 interface route remove rmnet0 default 0.0.0.0 0 10.54.228.46' failed with '400 4900 Failed to remove route from default table (No such process)'
D/Nat464Xlat(  768): requiresClat: netType=3, hasIPv4Address=true
D/MobileDataStateTracker(  768): default: setPolicyDataEnable(enabled=true)
D/MobileDataStateTracker(  768): default: setPolicyDataEnable(enabled=true)
I/ActivityManager(  768): Start proc com.google.android.music:main for broadcast com.google.android.music/.homewidgets.IFLWidgetProvider: pid=19499 uid=10058 gids={50058, 3003, 1028, 1015}
I/ActivityManager(  768): Start proc com.google.android.apps.magazines for broadcast com.google.android.apps.magazines/com.google.apps.dots.android.newsstand.appwidget.NewsWidgetProvider: pid=19545 uid=10056 gids={50056, 3003, 1028, 1015}
I/ActivityManager(  768): Start proc com.adobe.air for broadcast com.adobe.air/.wand.ConnectionChangeReceiver: pid=19586 uid=10089 gids={50089, 3003}
I/ActivityManager(  768): Start proc org.coursera.android for broadcast org.coursera.android/org.coursera.courkit.network.CourkitNetworkObservable: pid=19601 uid=10075 gids={50075, 3003, 1028, 1015}
D/ConnectivityService(  768): handleInetConditionHoldEnd: net=1, condition=100, published condition=100
W/ProcessCpuTracker(  768): Skipping unknown process pid 19513
W/ProcessCpuTracker(  768): Skipping unknown process pid 19516
W/ProcessCpuTracker(  768): Skipping unknown process pid 19518
W/ProcessCpuTracker(  768): Skipping unknown process pid 19519
W/ProcessCpuTracker(  768): Skipping unknown process pid 19527
W/ProcessCpuTracker(  768): Skipping unknown process pid 19528
W/ProcessCpuTracker(  768): Skipping unknown process pid 19557
W/ProcessCpuTracker(  768): Skipping unknown process pid 19614
D/ConnectivityService(  768): stopUsingNetworkFeature: teardown net 0: enableSUPL
D/MobileDataStateTracker(  768): supl: Broadcast received: android.intent.action.ANY_DATA_STATE apnType=supl
D/MobileDataStateTracker(  768): supl: Received state=DISCONNECTED, old=CONNECTED, reason=dataDisabled
D/MobileDataStateTracker(  768): supl: setDetailed state, old =CONNECTED and new state=DISCONNECTED
D/ConnectivityService(  768): ConnectivityChange for mobile_supl: DISCONNECTED/DISCONNECTED
W/FrameworkListener(  178): Handler 'interface' error (No such device)
W/FrameworkListener(  178): Handler 'interface' error (No such device)
D/ConnectivityService(  768): resetConnections(rmnet0, 3)
D/Nat464Xlat(  768): requiresClat: netType=3, hasIPv4Address=true
D/MobileDataStateTracker(  768): default: setPolicyDataEnable(enabled=true)
D/MobileDataStateTracker(  768): default: setPolicyDataEnable(enabled=true)
D/MobileDataStateTracker(  768): default: setPolicyDataEnable(enabled=true)
D/MobileDataStateTracker(  768): default: setPolicyDataEnable(enabled=true)
D/ConnectivityService(  768): handleInetConditionHoldEnd: net=1, condition=100, published condition=100
W/ProcessCpuTracker(  768): Skipping unknown process pid 19780
W/ProcessCpuTracker(  768): Skipping unknown process pid 19783
D/ConnectivityService(  768): Sampling interval elapsed, updating statistics ..
D/ConnectivityService(  768): Done.
D/ConnectivityService(  768): Setting timer for 720seconds
D/ConnectivityService(  768): handleInetConditionHoldEnd: net=1, condition=100, published condition=100
I/ActivityManager(  768): Killing 16959:com.soundcloud.android/u0a133 (adj 15): empty #17
I/ActivityManager(  768): Process com.spotify.music.service (pid 18122) has died.
I/ActivityManager(  768): Start proc com.android.providers.calendar for content provider com.android.providers.calendar/.CalendarProvider2: pid=19856 uid=10001 gids={50001, 3003, 1028, 1015}
I/ActivityManager(  768): Start proc com.google.android.calendar for broadcast com.google.android.calendar/com.android.calendar.alerts.AlertReceiver: pid=19889 uid=10028 gids={50028, 3003}
I/ActivityManager(  768): Killing 17061:com.trello/u0a76 (adj 15): empty #17
D/ConnectivityService(  768): handleInetConditionHoldEnd: net=1, condition=100, published condition=100
D/ConnectivityService(  768): Sampling interval elapsed, updating statistics ..
D/ConnectivityService(  768): Done.
D/ConnectivityService(  768): Setting timer for 720seconds
D/ConnectivityService(  768): startUsingNetworkFeature reconnecting to 0: enableSUPL
D/ConnectivityService(  768): startUsingNetworkFeature X: return APN_REQUEST_STARTED
D/MobileDataStateTracker(  768): supl: Broadcast received: android.intent.action.ANY_DATA_STATE apnType=supl
D/MobileDataStateTracker(  768): supl: Received state=CONNECTING, old=DISCONNECTED, reason=dataEnabled
D/MobileDataStateTracker(  768): supl: setDetailed state, old =IDLE and new state=CONNECTING
D/MobileDataStateTracker(  768): fota: Broadcast received: android.intent.action.ANY_DATA_STATE apnType=fota
D/MobileDataStateTracker(  768): fota: Received state=DISCONNECTED, old=DISCONNECTED, reason=dataEnabled
D/MobileDataStateTracker(  768): dun: Broadcast received: android.intent.action.ANY_DATA_STATE apnType=dun
D/MobileDataStateTracker(  768): dun: Received state=DISCONNECTED, old=DISCONNECTED, reason=dataEnabled
D/MobileDataStateTracker(  768): ia: Broadcast received: android.intent.action.ANY_DATA_STATE apnType=ia
D/MobileDataStateTracker(  768): ia: Received state=DISCONNECTED, old=DISCONNECTED, reason=dataEnabled
D/MobileDataStateTracker(  768): hipri: Broadcast received: android.intent.action.ANY_DATA_STATE apnType=hipri
D/MobileDataStateTracker(  768): hipri: Received state=DISCONNECTED, old=DISCONNECTED, reason=dataEnabled
D/MobileDataStateTracker(  768): ims: Broadcast received: android.intent.action.ANY_DATA_STATE apnType=ims
D/MobileDataStateTracker(  768): ims: Received state=DISCONNECTED, old=DISCONNECTED, reason=dataEnabled
D/MobileDataStateTracker(  768): default: Broadcast received: android.intent.action.ANY_DATA_STATE apnType=default
D/MobileDataStateTracker(  768): default: Received state=DISCONNECTED, old=DISCONNECTED, reason=dataEnabled
D/MobileDataStateTracker(  768): mms: Broadcast received: android.intent.action.ANY_DATA_STATE apnType=mms
D/MobileDataStateTracker(  768): mms: Received state=DISCONNECTED, old=DISCONNECTED, reason=dataEnabled
D/MobileDataStateTracker(  768): cbs: Broadcast received: android.intent.action.ANY_DATA_STATE apnType=cbs
D/MobileDataStateTracker(  768): cbs: Received state=DISCONNECTED, old=DISCONNECTED, reason=dataEnabled
D/MobileDataStateTracker(  768): supl: Broadcast received: android.intent.action.ANY_DATA_STATE apnType=supl
