D/dalvikvm(  768): GC_FOR_ALLOC freed 1726K, 18% free 49613K/60312K, paused 69ms, total 70ms
I/ActivityManager(  768): START u0 {act=android.intent.action.MAIN cat=[android.intent.category.HOME] flg=0x10200000 cmp=com.google.android.googlequicksearchbox/com.google.android.launcher.GEL} from pid 768
D/dalvikvm(  768): GC_FOR_ALLOC freed 845K, 17% free 50448K/60312K, paused 68ms, total 68ms
D/dalvikvm(  880): GC_FOR_ALLOC freed 5561K, 38% free 34453K/55324K, paused 25ms, total 25ms
I/GEL     ( 1067): handleIntent(Intent { act=android.intent.action.MAIN cat=[android.intent.category.HOME] flg=0x10600000 cmp=com.google.android.googlequicksearchbox/com.google.android.launcher.GEL })
W/HandlerScheduledExecuto( 1067): Task does not implement UiTask. Consider using NamedUiRunnable for eww@42c6bdf8
I/ActivityManager(  768): START u0 {act=android.intent.action.MAIN cat=[android.intent.category.HOME] flg=0x10200000 cmp=com.google.android.googlequicksearchbox/com.google.android.launcher.GEL} from pid 768
I/GEL     ( 1067): handleIntent(Intent { act=android.intent.action.MAIN cat=[android.intent.category.HOME] flg=0x10200000 cmp=com.google.android.googlequicksearchbox/com.google.android.launcher.GEL })
W/HandlerScheduledExecuto( 1067): Task does not implement UiTask. Consider using NamedUiRunnable for eww@42c6bdf8
D/dalvikvm(29115): GC_FOR_ALLOC freed 663K, 16% free 19653K/23248K, paused 29ms, total 29ms
I/MicrophoneInputStream(29115): mic_starting fib@4293d5f8
I/HotwordRecognitionRnr(29115): Starting hotword detection.
W/IInputConnectionWrapper(25440): showStatusIcon on inactive InputConnection
D/audio_hw_primary(  184): select_devices: out_snd_device(0: ) in_snd_device(35: voice-rec-mic)
D/        (  184): Failed to fetch the lookup information of the device 0000003E 
E/ACDB-LOADER(  184): Error: ACDB AudProc vol returned = -19
I/HotwordWorker(29115): onReady
I/LatinIME( 1010): Starting input. Cursor position = 0,0
W/LatinIME( 1010): Deprecated private IME option specified: nm
W/LatinIME( 1010): Use com.google.android.inputmethod.latin.noMicrophoneKey instead
W/AmanattoDataUpdater( 1010): Amanatto data needs to be removed but session is null. The data will be removed by removing all personalized dictionary files.
D/dalvikvm( 1010): GC_FOR_ALLOC freed 3671K, 18% free 19863K/24168K, paused 15ms, total 15ms
I/dalvikvm-heap( 1010): Grow heap (frag case) to 22.920MB for 3598576-byte allocation
D/dalvikvm( 1010): GC_FOR_ALLOC freed 1K, 16% free 23375K/27684K, paused 25ms, total 25ms
W/HandlerScheduledExecuto(29115): Task does not implement UiTask. Consider using NamedUiRunnable for Consumers.consumeAsync
D/dalvikvm(29115): GC_CONCURRENT freed 240K, 13% free 20320K/23248K, paused 1ms+3ms, total 27ms
D/dalvikvm( 1010): GC_CONCURRENT freed 3K, 16% free 23372K/27684K, paused 1ms+1ms, total 23ms
E/qcom_sensors_hal(  768): hal_process_report_ind: Bad item quality: 11 
I/MicrophoneInputStream(29115): mic_close fib@4293d5f8
I/Icing   ( 1167): Query global start 0 num 4
W/HandlerScheduledExecuto(29115): Task does not implement UiTask. Consider using NamedUiRunnable for Consumers.consumeAsync
I/HotwordRecognitionRnr(29115): Hotword detection finished
I/HotwordRecognitionRnr(29115): Stopping hotword detection.
I/Icing   ( 1167): Query global start 0 num 10
E/Icing   ( 1167): No scoring data for corpus [17]
W/HandlerScheduledExecuto(29115): Task does not implement UiTask. Consider using NamedUiRunnable for Consumers.consumeAsync
W/HandlerScheduledExecuto(29115): Task does not implement UiTask. Consider using NamedUiRunnable for Consumers.consumeAsync
I/Icing   ( 1167): Query global start 0 num 4
E/PlayLoggerImpl( 1167): Service was disconnected.  Will try caching.
W/HandlerScheduledExecuto(29115): Task does not implement UiTask. Consider using NamedUiRunnable for Consumers.consumeAsync
I/Icing   ( 1167): Query global start 0 num 10
E/Icing   ( 1167): No scoring data for corpus [17]
W/HandlerScheduledExecuto(29115): Task does not implement UiTask. Consider using NamedUiRunnable for Consumers.consumeAsync
E/CascadingUriLoader( 1067): No loader can load res/mipmap-xxhdpi/app_icon.png
W/HandlerScheduledExecuto(29115): Task does not implement UiTask. Consider using NamedUiRunnable for Consumers.consumeAsync
E/CascadingUriLoader( 1067): No loader can load res/mipmap-xxhdpi/app_icon.png
E/CascadingUriLoader( 1067): No loader can load res/mipmap-xxhdpi/app_icon.png
E/CascadingUriLoader( 1067): No loader can load res/mipmap-xxhdpi/app_icon.png
I/ActivityManager(  768): START u0 {act=android.intent.action.MAIN flg=0x10200000 cmp=me.scan.android.client/.ui.ScanActivity} from pid 1067
D/dalvikvm(  768): GC_FOR_ALLOC freed 2055K, 18% free 49662K/60312K, paused 69ms, total 69ms
I/ActivityManager(  768): Start proc me.scan.android.client for activity me.scan.android.client/.ui.ScanActivity: pid=3199 uid=10090 gids={50090, 3003, 1028, 1015}
D/dalvikvm( 3199): GC_CONCURRENT freed 372K, 3% free 16837K/17240K, paused 2ms+1ms, total 17ms
D/dalvikvm( 3199): WAIT_FOR_CONCURRENT_GC blocked 7ms
I/Crashlytics( 3199): Initializing Crashlytics 1.1.11.10
D/dalvikvm( 3199): GC_CONCURRENT freed 336K, 3% free 17013K/17380K, paused 2ms+1ms, total 12ms
D/dalvikvm( 3199): WAIT_FOR_CONCURRENT_GC blocked 4ms
D/dalvikvm( 3199): WAIT_FOR_CONCURRENT_GC blocked 4ms
D/dalvikvm( 3199): WAIT_FOR_CONCURRENT_GC blocked 4ms
D/dalvikvm( 3199): GC_CONCURRENT freed 264K, 2% free 17230K/17528K, paused 1ms+2ms, total 17ms
D/dalvikvm( 3199): WAIT_FOR_CONCURRENT_GC blocked 5ms
I/dalvikvm-heap( 3199): Grow heap (frag case) to 17.648MB for 831760-byte allocation
D/dalvikvm( 3199): GC_CONCURRENT freed 4K, 2% free 18038K/18344K, paused 4ms+1ms, total 16ms
D/dalvikvm( 3199): WAIT_FOR_CONCURRENT_GC blocked 11ms
D/dalvikvm( 3199): WAIT_FOR_CONCURRENT_GC blocked 12ms
D/dalvikvm( 3199): WAIT_FOR_CONCURRENT_GC blocked 9ms
D/dalvikvm( 3199): GC_CONCURRENT freed 331K, 2% free 18191K/18552K, paused 2ms+2ms, total 13ms
D/dalvikvm( 3199): GC_FOR_ALLOC freed 28K, 2% free 18452K/18728K, paused 8ms, total 8ms
D/dalvikvm( 3199): GC_FOR_ALLOC freed 9K, 2% free 18704K/18992K, paused 8ms, total 8ms
D/dalvikvm( 3199): GC_FOR_ALLOC freed 55K, 2% free 18911K/19168K, paused 10ms, total 10ms
I/dalvikvm-heap( 3199): Grow heap (frag case) to 21.037MB for 2663440-byte allocation
D/dalvikvm( 3199): GC_FOR_ALLOC freed 2K, 2% free 21510K/21772K, paused 11ms, total 11ms
D/dalvikvm( 3199): GC_CONCURRENT freed 15K, 2% free 21522K/21772K, paused 2ms+1ms, total 14ms
D/dalvikvm( 3199): WAIT_FOR_CONCURRENT_GC blocked 11ms
I/dalvikvm-heap( 3199): Grow heap (frag case) to 23.586MB for 2663440-byte allocation
D/dalvikvm( 3199): GC_FOR_ALLOC freed 6K, 2% free 24117K/24376K, paused 10ms, total 10ms
D/dalvikvm( 3199): GC_CONCURRENT freed 72K, 2% free 24325K/24576K, paused 1ms+1ms, total 10ms
W/FlurryAgent( 3199): Start session
I/AwesomePlayer(  184): setDataSource_l(URL suppressed)
I/AwesomePlayer(  184): setDataSource_l(URL suppressed)
I/Camera2ClientBase(  184): Camera 0: Opened
D/mm-camera-intf(  184): mm_camera_open: dev name = /dev/video1, cam_idx = 1
I/mm-camera-sensor(  199): module_sensor_start_session:577 session 1
D/ConnectivityService(  768): startUsingNetworkFeature reconnecting to 0: enableSUPL
D/ConnectivityService(  768): startUsingNetworkFeature X: return APN_REQUEST_STARTED
D/MobileDataStateTracker(  768): supl: Broadcast received: android.intent.action.ANY_DATA_STATE apnType=supl
D/MobileDataStateTracker(  768): supl: Received state=CONNECTING, old=DISCONNECTED, reason=dataEnabled
D/MobileDataStateTracker(  768): supl: setDetailed state, old =IDLE and new state=CONNECTING
D/MobileDataStateTracker(  768): fota: Broadcast received: android.intent.action.ANY_DATA_STATE apnType=fota
D/MobileDataStateTracker(  768): fota: Received state=DISCONNECTED, old=DISCONNECTED, reason=dataEnabled
D/MobileDataStateTracker(  768): dun: Broadcast received: android.intent.action.ANY_DATA_STATE apnType=dun
D/MobileDataStateTracker(  768): dun: Received state=DISCONNECTED, old=DISCONNECTED, reason=dataEnabled
D/MobileDataStateTracker(  768): ia: Broadcast received: android.intent.action.ANY_DATA_STATE apnType=ia
D/MobileDataStateTracker(  768): ia: Received state=DISCONNECTED, old=DISCONNECTED, reason=dataEnabled
D/MobileDataStateTracker(  768): hipri: Broadcast received: android.intent.action.ANY_DATA_STATE apnType=hipri
D/MobileDataStateTracker(  768): hipri: Received state=DISCONNECTED, old=DISCONNECTED, reason=dataEnabled
D/MobileDataStateTracker(  768): ims: Broadcast received: android.intent.action.ANY_DATA_STATE apnType=ims
D/MobileDataStateTracker(  768): ims: Received state=DISCONNECTED, old=DISCONNECTED, reason=dataEnabled
D/MobileDataStateTracker(  768): default: Broadcast received: android.intent.action.ANY_DATA_STATE apnType=default
D/MobileDataStateTracker(  768): default: Received state=DISCONNECTED, old=DISCONNECTED, reason=dataEnabled
D/MobileDataStateTracker(  768): mms: Broadcast received: android.intent.action.ANY_DATA_STATE apnType=mms
D/MobileDataStateTracker(  768): mms: Received state=DISCONNECTED, old=DISCONNECTED, reason=dataEnabled
D/MobileDataStateTracker(  768): cbs: Broadcast received: android.intent.action.ANY_DATA_STATE apnType=cbs
D/MobileDataStateTracker(  768): cbs: Received state=DISCONNECTED, old=DISCONNECTED, reason=dataEnabled
I/mm-camera(  199): gyro_module_start_session: Enter
I/mm-camera(  199): gyro_module_start_session: Init DSPS
I/mm-camera(  199): gyro_module_start_session: Exit successful
I/mm-camera(  199): gyro_module_get_port: Exit successful
I/mm-camera(  199): cpp_module_start_session:352, info: starting session 1
I/mm-camera(  199): cpp_module_start_session:422, info: cpp_thread created.
I/mm-camera(  199): cpp_thread_func:55: cpp_thread entering the polling loop...
I/mm-camera(  199): cpp_module_start_session:425, info: session 1 started.
I/mm-camera(  199): c2d_module_start_session:246, info: starting session 1
I/mm-camera(  199): c2d_thread_func:39: c2d_thread entering the polling loop...
I/mm-camera(  199): c2d_module_start_session:284, info: c2d_thread created.
I/mm-camera(  199): c2d_module_start_session:306, info: session 1 started.
D/MobileDataStateTracker(  768): supl: Broadcast received: android.intent.action.ANY_DATA_STATE apnType=supl
D/MobileDataStateTracker(  768): supl: Received state=CONNECTED, old=CONNECTING, reason=connected
D/MobileDataStateTracker(  768): supl: setDetailed state, old =CONNECTING and new state=CONNECTED
D/ConnectivityService(  768): ConnectivityChange for mobile_supl: CONNECTED/CONNECTED
I/mm-camera-sensor(  199): module_module_set_session_data:2435 max delay 2 report dSelay 1
D/mm-camera(  199): module_faceproc_set_session_data:1826] Per frame control 2 1
D/mm-camera-intf(  184): mm_camera_open:  opened, break out while loop
I/Camera2-Parameters(  184): Camera 0: Disabling ZSL mode
D/dalvikvm( 1029): GC_CONCURRENT freed 451K, 4% free 18159K/18780K, paused 1ms+3ms, total 35ms
E/ConnectivityService(  768): Exception trying to remove a route: java.lang.IllegalStateException: command '5180 interface route remove rmnet0 default 0.0.0.0 0 10.54.228.46' failed with '400 5180 Failed to remove route from default table (No such process)'
D/Nat464Xlat(  768): requiresClat: netType=3, hasIPv4Address=true
D/MobileDataStateTracker(  768): default: setPolicyDataEnable(enabled=true)
I/Adreno-EGL( 3199): <qeglDrvAPI_eglInitialize:320>: EGL 1.4 QUALCOMM Build: I0404c4692afb8623f95c43aeb6d5e13ed4b30ddbDate: 11/06/13
D/OpenGLRenderer( 3199): Enabling debug mode 0
W/FlurryAgent( 3199): FlurryDataSender: report ca023a9b-2036-4418-9eaf-f5094e465f89 sent. HTTP response: 200 : OK
D/MobileDataStateTracker(  768): default: setPolicyDataEnable(enabled=true)
E/qcom_sensors_hal(  768): hal_process_report_ind: Bad item quality: 11 
I/mm-camera(  199): mct_pipeline_process_set:command=800000a
I/mm-camera(  199): mct_pipeline_process_set:command=8000012
D/mm-camera(  199): mct_stream_start_link: Metadata
E/mm-camera-intf(  184): mm_stream_get_v4l2_fmt: Unknown fmt=78
I/mm-camera(  199): mct_pipeline_process_set:command=8000004
I/qomx_image_core(  184): OMX_Init:84] Complete 1
E/mm-camera(  199): mct_pipeline_get_stream: stream not found in the list
I/mm-camera(  199): mct_pipeline_process_set: Couldn't find preview stream; Storing for later
I/mm-camera(  199): mct_pipeline_process_set:command=800000a
I/mm-camera(  199): mct_pipeline_process_set:command=8000012
D/mm-camera(  199): mct_stream_start_link: Preview/Postview
D/mm-camera(  199): mct_stream_link_modules: Linking modules sensor and iface
I/mm-camera-sensor(  199): port_sensor_caps_reserve:115 ide 10002 stream type 1 w*h 720*480
D/mm-camera(  199): mct_stream_link_modules: Linking modules iface and isp
D/mm-camera(  199): mct_stream_link_modules: Linking modules isp and pproc
I/mm-camera(  199): cpp_port_check_caps_reserve:77, identity=0x10002
I/mm-camera(  199): cpp_port_check_caps_reserve:143, identity=0x10002, reserved
I/mm-camera(  199): cpp_module_notify_add_stream:1289, info: success, identity=0x10002
D/mm-camera(  199): mct_stream_link_modules: Linking modules pproc and faceproc
I/mm-camera(  199): cpp_port_check_caps_reserve:77, identity=0x10002
I/mm-camera(  199): cpp_port_check_caps_reserve:143, identity=0x10002, reserved
D/mm-camera(  199): module_faceproc_client_create:1161] Face proc feature mask e 0
D/mm-camera(  199): mct_stream_link_modules: Linking modules isp and stats
I/mm-camera-sensor(  199): sensor_get_output_dimension:1859 requested dim 3264 2448 stream mask 42
I/mm-camera-sensor(  199): sensor_get_output_dimension:1879 pick res 0 dim 3280 2464
I/mm-camera(  199): DBG: isp_util_save_stream_info, Stream 6, mapped to port 0
I/mm-camera(  199): DBG: isp_util_save_stream_info, Stream 1, mapped to port 1
I/mm-camera(  199): mct_pipeline_process_set:command=8000004
I/mm-camera(  199): mct_pipeline_process_set:command=800000a
I/mm-camera(  199): mct_pipeline_process_set:command=8000012
D/mm-camera(  199): mct_stream_start_link: Regular/ZSL snapshot
D/mm-camera(  199): mct_stream_link_modules: Linking modules sensor and iface
I/mm-camera-sensor(  199): port_sensor_caps_reserve:115 ide 10003 stream type 6 w*h 3264*2448
D/mm-camera(  199): mct_stream_link_modules: Linking modules iface and isp
D/mm-camera(  199): mct_stream_link_modules: Linking modules isp and pproc
I/mm-camera(  199): mct_get_compatible_dest_port: Check link failed
I/mm-camera(  199): mct_get_compatible_dest_port: Check link failed
I/mm-camera(  199): mct_get_compatible_dest_port: Check link failed
I/mm-camera(  199): mct_get_compatible_dest_port: Check link failed
I/mm-camera(  199): mct_get_compatible_dest_port: Check link failed
I/mm-camera(  199): cpp_port_check_caps_reserve:77, identity=0x10003
I/mm-camera(  199): cpp_port_check_caps_reserve:143, identity=0x10003, reserved
I/mm-camera(  199): cpp_module_notify_add_stream:1289, info: success, identity=0x10003
D/mm-camera(  199): mct_stream_link_modules: Linking modules isp and stats
I/mm-camera(  199): mct_pipeline_process_set:command=8000004
D/mm-camera-intf(  184): mm_stream_qbuf: Starting poll on stream 0xb7c14394 type :8
D/mm-camera-intf(  184): mm_stream_qbuf: Started poll on stream 0xb7c14394 type :8
I/mm-camera(  199): mct_pipeline_process_set:command=8000008
I/mm-camera(  199): mct_pipeline_process_set: stream_type = 8, streamid 1
I/mm-camera(  199): mct_pipeline_process_set: Stream on/off returned
I/mm-camera(  199): mct_pipeline_process_set:command=8000008
I/mm-camera(  199): mct_pipeline_process_set: stream_type = 1, streamid 2
I/mm-camera-sensor(  199): module_sensor_module_process_event:1960 ide 10002 MCT_EVENT_CONTROL_STREAMON
I/mm-camera-sensor(  199): module_sensor_stream_on:821 ide 10002 SENSOR_START_STREAM
I/mm-camera-sensor(  199): module_sensor_stream_on:1035 SENSOR_SET_RESOLUTION 3264*2448 mask 42
I/mm-camera-sensor(  199): sensor_set_resolution:1167 width 3264, height 2448
I/mm-camera-sensor(  199): sensor_set_resolution:1169 stream mask 42 hfr mode 0 fps 0.000000
I/mm-camera-sensor(  199): sensor_set_resolution:1178 cur res 8 new res 0
I/mm-camera(  199): port_isp_module_event: E, identity = 0x10002, IFACE_SET_STREAM_CONFIG
I/mm-camera(  199): isp_sink_port_stream_config: E, session_id = 1, stream_id = 2, stream_type = 1
I/mm-camera(  199): isp_sink_port_stream_config: session_id = 1, stream_id = 2, is_split = 0
I/mm-camera(  199): isp_sink_port_stream_config: old vfe_id_mask = 0x0, new vfe_id_mask = 0x1
I/mm-camera(  199): port_isp_module_event: E, identity = 0x10003, IFACE_SET_STREAM_CONFIG
I/mm-camera(  199): isp_sink_port_stream_config: E, session_id = 1, stream_id = 3, stream_type = 6
I/mm-camera(  199): isp_sink_port_stream_config: session_id = 1, stream_id = 3, is_split = 0
I/mm-camera(  199): isp_sink_port_stream_config: old vfe_id_mask = 0x1, new vfe_id_mask = 0x1
I/mm-camera-sensor(  199): eeprom_autofocus_calibration:74 Region 0: code_per_step: 8 initial_code: 154  inf_pos: 7
I/mm-camera(  199): port_isp_mct_ctrl_cmd: E, identity = 0x10002, STREAMON
D/mm-camera(  199): module_faceproc_port_event_func:662] FD_STREAMON 0 id 10002
D/mm-camera-img(  199): faceproc_comp_cfg_debug:247] FaceProc cfg max_face_size 500
D/mm-camera-img(  199): faceproc_comp_cfg_debug:250] FaceProc cfg max_num_face_to_detect 5
D/mm-camera-img(  199): faceproc_comp_cfg_debug:253] FaceProc cfg min_face_size 50
D/mm-camera-img(  199): faceproc_comp_eng_config:1466] ###min_face_size 90
E/mm-camera-img(  199): Face Album FILE EXISTS
I/mm-camera(  199): cpp_module_handle_streamon_event:1983, identity=0x10002, stream-on done
I/mm-camera(  199): isp_streamon: E, session_id = 1, stream_id = 2, stream_type = 1
I/mm-camera(  199): isp_fmt_to_pix_pattern: format 30
I/mm-camera(  199): isp_fmt_to_pix_pattern: format 30
D/mm-camera(  199): module_faceproc_port_event_func:825] MCT_EVENT_MODULE_ISP_OUTPUT_DIM stream info 720x480 identity 10002 10002
I/mm-camera(  199): isp_fmt_to_pix_pattern: format 30
I/mm-camera(  199): wb_set_params: param_id is not supported in this module
I/mm-camera(  199): isp_fmt_to_pix_pattern: format 30
I/mm-camera(  199): stats_action_buf_config: cfg = 1, stats_mask = 0x5b8
I/mm-camera(  199): stats_action: stats mask = 0x5b8
I/mm-camera(  199): ispif_streamon: session_id = 1, active_streams = 1
I/mm-camera-sensor(  199): module_sensor_stream_on:1021 ide 10002 SENSOR_START_STREAM
I/mm-camera(  199): mct_pipeline_process_set: Stream on/off returned
I/mm-camera(  199): mct_pipeline_process_set:command=8000008
I/mm-camera(  199): mct_pipeline_process_set: stream_type = 6, streamid 3
I/mm-camera-sensor(  199): module_sensor_module_process_event:1960 ide 10003 MCT_EVENT_CONTROL_STREAMON
I/mm-camera-sensor(  199): module_sensor_stream_on:821 ide 10003 SENSOR_START_STREAM
I/mm-camera(  199): port_isp_mct_ctrl_cmd: E, identity = 0x10003, STREAMON
I/mm-camera(  199): cpp_module_handle_streamon_event:1983, identity=0x10003, stream-on done
I/mm-camera(  199): isp_streamon: E, session_id = 1, stream_id = 3, stream_type = 6
I/mm-camera(  199): wb_set_params: param_id is not supported in this module
I/mm-camera(  199): wb_set_params: param_id is not supported in this module
I/mm-camera(  199): wb_set_params: param_id is not supported in this module
I/mm-camera(  199): ispif_streamon: session_id = 1, active_streams = 2
I/mm-camera(  199): mct_pipeline_process_set: Stream on/off returned
D/mm-camera-intf(  184): mm_stream_qbuf: Starting poll on stream 0xb7c14abc type :1
D/mm-camera-intf(  184): mm_stream_qbuf: Started poll on stream 0xb7c14abc type :1
I/ActivityManager(  768): Displayed me.scan.android.client/.ui.ScanActivity: +1s11ms
E/mm-camera(  199): aec_process_calc_current_hist_metered_luma: range1 217 or range2 398 is out of range
D/mm-camera(  199): module_faceproc_client_schedule_mode:1808] apply 2 report 1 new_mode 0
E/mm-camera(  199): aec_process_calc_current_hist_metered_luma: range1 170 or range2 312 is out of range
E/mm-camera(  199): aec_process_calc_current_hist_metered_luma: range1 174 or range2 320 is out of range
D/mm-camera-intf(  184): mm_stream_read_msm_frame: Stoping poll on stream 0xb7c14abc type :1
D/mm-camera-intf(  184): mm_stream_read_msm_frame: Stopped poll on stream 0xb7c14abc type :1
E/mm-camera(  199): aec_process_calc_current_hist_metered_luma: range1 174 or range2 320 is out of range
E/mm-camera-intf(  184): mm_camera_poll_thread_del_poll_fd: invalid handler 8192 (0)
I/mm-camera(  199): mct_pipeline_process_set:command=8000009
I/mm-camera(  199): mct_pipeline_process_set: stream_type = 1, streamid 2
I/mm-camera-sensor(  199): module_sensor_module_process_event:1987 ide 10002 MCT_EVENT_CONTROL_STREAMOFF
I/mm-camera(  199): port_isp_mct_ctrl_cmd: E, identity = 0x10002, STREAMOFF
I/mm-camera(  199): cpp_module_handle_streamoff_event:2058, info: doing stream-off for identity 0x10002
D/mm-camera(  199): module_faceproc_port_event_func:686] FD_STREAMOFF 0 10002
D/mm-camera-img(  199): faceproc_comp_abort:608] state 2
D/mm-camera-img(  199): Free Wmemory 0
D/mm-camera-img(  199): faceproc_comp_abort:635] X
I/mm-camera(  199): cpp_module_handle_streamoff_event:2112, info: stream-off done for identity 0x10002
I/mm-camera(  199): isp_streamoff: E, session_id = 1, stream_id = 2, stream_type = 1
I/mm-camera(  199): ispif_streamoff: session_id = 1, active_streams = 1
I/mm-camera(  199): mct_pipeline_process_set: Stream on/off returned
D/QCamera3Stream(  184): static void* qcamera::QCamera3Stream::dataProcRoutine(void*): Exit
E/mm-camera-intf(  184): mm_camera_poll_thread_del_poll_fd: invalid handler 8704 (0)
I/mm-camera(  199): mct_pipeline_process_set:command=8000009
I/mm-camera(  199): mct_pipeline_process_set: stream_type = 6, streamid 3
I/mm-camera-sensor(  199): module_sensor_module_process_event:1987 ide 10003 MCT_EVENT_CONTROL_STREAMOFF
I/mm-camera(  199): port_isp_mct_ctrl_cmd: E, identity = 0x10003, STREAMOFF
I/mm-camera(  199): cpp_module_handle_streamoff_event:2058, info: doing stream-off for identity 0x10003
I/mm-camera(  199): cpp_module_handle_streamoff_event:2112, info: stream-off done for identity 0x10003
I/mm-camera(  199): isp_streamoff: E, session_id = 1, stream_id = 3, stream_type = 6
I/mm-camera(  199): stats_action_buf_config: cfg = 0, stats_mask = 0x5b8
I/mm-camera(  199): isp_pipeline_util_reset: module id = 0, action = 0xb6e41ce9
I/mm-camera(  199): isp_pipeline_util_reset: module id = 1, action = 0xb6e3a129
I/mm-camera(  199): isp_pipeline_util_reset: module id = 2, action = 0xb6e439fd
I/mm-camera(  199): isp_pipeline_util_reset: module id = 3, action = 0xb6e3f2c5
I/mm-camera(  199): isp_pipeline_util_reset: module id = 4, action = 0xb6e31101
I/mm-camera(  199): isp_pipeline_util_reset: module id = 5, action = 0xb6e35d61
I/mm-camera(  199): isp_pipeline_util_reset: module id = 7, action = 0xb6e374c1
I/mm-camera(  199): isp_pipeline_util_reset: module id = 8, action = 0xb6e2d179
I/mm-camera(  199): isp_pipeline_util_reset: module id = 10, action = 0xb6e43031
I/mm-camera(  199): isp_pipeline_util_reset: module id = 11, action = 0xb6e333c1
I/mm-camera(  199): isp_pipeline_util_reset: module id = 12, action = 0xb6e2a1f9
I/mm-camera(  199): isp_pipeline_util_reset: module id = 13, action = 0xb6e3cf39
I/mm-camera(  199): isp_pipeline_util_reset: module id = 14, action = 0xb6e28805
I/mm-camera(  199): isp_pipeline_util_reset: module id = 15, action = 0xb6e40f99
I/mm-camera(  199): isp_pipeline_util_reset: module id = 16, action = 0xb6e3e955
I/mm-camera(  199): isp_pipeline_util_reset: module id = 17, action = 0xb6e32121
I/mm-camera(  199): isp_pipeline_util_reset: module id = 18, action = 0xb6e2fef9
I/mm-camera(  199): isp_pipeline_util_reset: module id = 19, action = 0xb6e2b999
I/mm-camera(  199): isp_pipeline_util_reset: module id = 20, action = 0xb6e404ed
I/mm-camera(  199): isp_pipeline_util_reset: module id = 22, action = 0xb6e4745d
I/mm-camera(  199): ispif_streamoff: session_id = 1, active_streams = 0
I/mm-camera-sensor(  199): module_sensor_module_process_event:2018 ide 10003 MCT_EVENT_CONTROL_STREAMOFF
I/mm-camera(  199): mct_pipeline_process_set: Stream on/off returned
D/QCamera3Stream(  184): static void* qcamera::QCamera3Stream::dataProcRoutine(void*): Exit
I/mm-camera(  199): mct_pipeline_process_set:command=8000009
I/mm-camera(  199): mct_pipeline_process_set: stream_type = 8, streamid 1
I/mm-camera(  199): mct_pipeline_process_set: Stream on/off returned
D/QCamera3Stream(  184): static void* qcamera::QCamera3Stream::dataProcRoutine(void*): Exit
I/mm-camera(  199): mct_pipeline_process_set:command=800000b
I/mm-camera(  199): mct_pipeline_process_set: stream_type = 1, streamid 2
I/mm-camera-sensor(  199): port_sensor_caps_unreserve:169 ide 10002
I/mm-camera(  199): cpp_port_check_caps_unreserve:170, identity=0x10002
I/mm-camera(  199): cpp_port_check_caps_unreserve:179, identity=0x10002, unreserved
I/mm-camera(  199): cpp_port_check_caps_unreserve:170, identity=0x10002
I/mm-camera(  199): cpp_port_check_caps_unreserve:179, identity=0x10002, unreserved
D/mm-camera-img(  199): faceproc_comp_abort:608] state 1
E/mm-camera-img(  199): faceproc_save_album:774] Error No album 
E/mm-camera-img(  199): faceproc_comp_eng_destroy: Album save failed -1
E/QCamera3Channel(  184): virtual qcamera::QCamera3Channel::~QCamera3Channel(): deleting channel 7937
I/qomx_image_core(  184): OMX_Deinit:101] Complete
D/QCamera3PostProc(  184): int32_t qcamera::QCamera3PostProcessor::deinit(): Jpeg closed, rc = 0, mJpegClientHandle = 400
I/mm-camera(  199): mct_pipeline_process_set:command=800000b
I/mm-camera(  199): mct_pipeline_process_set: stream_type = 6, streamid 3
I/mm-camera-sensor(  199): port_sensor_caps_unreserve:169 ide 10003
I/mm-camera(  199): cpp_port_check_caps_unreserve:170, identity=0x10003
I/mm-camera(  199): cpp_port_check_caps_unreserve:179, identity=0x10003, unreserved
I/mm-camera(  199): q3a_thread_aecawb_stop:308 MSG_STOP_THREAD
E/QCamera3Channel(  184): virtual qcamera::QCamera3Channel::~QCamera3Channel(): deleting channel 8450
I/mm-camera(  199): mct_pipeline_process_set:command=800000b
I/mm-camera(  199): mct_pipeline_process_set: stream_type = 8, streamid 1
E/QCamera3Channel(  184): virtual qcamera::QCamera3Channel::~QCamera3Channel(): deleting channel 7424
I/mm-camera(  199): mct_pipeline_process_set:command=800000a
I/mm-camera(  199): mct_pipeline_process_set:command=8000012
D/mm-camera(  199): mct_stream_start_link: Metadata
E/mm-camera-intf(  184): mm_stream_get_v4l2_fmt: Unknown fmt=78
I/mm-camera(  199): mct_pipeline_process_set:command=8000004
I/qomx_image_core(  184): OMX_Init:84] Complete 1
E/mm-camera(  199): mct_pipeline_get_stream: stream not found in the list
I/mm-camera(  199): mct_pipeline_process_set: Couldn't find preview stream; Storing for later
I/mm-camera(  199): mct_pipeline_process_set:command=800000a
I/mm-camera(  199): mct_pipeline_process_set:command=8000012
D/mm-camera(  199): mct_stream_start_link: Preview/Postview
D/mm-camera(  199): mct_stream_link_modules: Linking modules sensor and iface
I/mm-camera-sensor(  199): port_sensor_caps_reserve:115 ide 10002 stream type 1 w*h 720*480
D/mm-camera(  199): mct_stream_link_modules: Linking modules iface and isp
D/mm-camera(  199): mct_stream_link_modules: Linking modules isp and pproc
I/mm-camera(  199): cpp_port_check_caps_reserve:77, identity=0x10002
I/mm-camera(  199): cpp_port_check_caps_reserve:143, identity=0x10002, reserved
I/mm-camera(  199): cpp_module_notify_add_stream:1289, info: success, identity=0x10002
D/mm-camera(  199): mct_stream_link_modules: Linking modules pproc and faceproc
I/mm-camera(  199): cpp_port_check_caps_reserve:77, identity=0x10002
I/mm-camera(  199): cpp_port_check_caps_reserve:143, identity=0x10002, reserved
D/mm-camera(  199): module_faceproc_client_create:1161] Face proc feature mask e 0
D/mm-camera(  199): mct_stream_link_modules: Linking modules isp and stats
I/mm-camera-sensor(  199): sensor_get_output_dimension:1859 requested dim 3264 2448 stream mask 62
I/mm-camera-sensor(  199): sensor_get_output_dimension:1879 pick res 0 dim 3280 2464
I/mm-camera(  199): DBG: isp_util_save_stream_info, Stream 6, mapped to port 0
I/mm-camera(  199): DBG: isp_util_save_stream_info, Stream 1, mapped to port 1
I/mm-camera(  199): DBG: isp_util_save_stream_info, Stream 5, mapped to port 1
I/mm-camera(  199): mct_pipeline_process_set:command=8000004
I/mm-camera(  199): mct_pipeline_process_set:command=800000a
I/mm-camera(  199): mct_pipeline_process_set:command=8000012
D/mm-camera(  199): mct_stream_start_link: Regular/ZSL snapshot
D/mm-camera(  199): mct_stream_link_modules: Linking modules sensor and iface
I/mm-camera-sensor(  199): port_sensor_caps_reserve:115 ide 10003 stream type 6 w*h 3264*2448
D/mm-camera(  199): mct_stream_link_modules: Linking modules iface and isp
D/mm-camera(  199): mct_stream_link_modules: Linking modules isp and pproc
I/mm-camera(  199): mct_get_compatible_dest_port: Check link failed
I/mm-camera(  199): mct_get_compatible_dest_port: Check link failed
I/mm-camera(  199): mct_get_compatible_dest_port: Check link failed
I/mm-camera(  199): mct_get_compatible_dest_port: Check link failed
I/mm-camera(  199): mct_get_compatible_dest_port: Check link failed
I/mm-camera(  199): cpp_port_check_caps_reserve:77, identity=0x10003
I/mm-camera(  199): cpp_port_check_caps_reserve:143, identity=0x10003, reserved
I/mm-camera(  199): cpp_module_notify_add_stream:1289, info: success, identity=0x10003
D/mm-camera(  199): mct_stream_link_modules: Linking modules isp and stats
I/mm-camera(  199): mct_pipeline_process_set:command=8000004
I/mm-camera(  199): mct_pipeline_process_set:command=800000a
I/mm-camera(  199): mct_pipeline_process_set:command=8000012
D/mm-camera(  199): mct_stream_start_link: Callback
D/mm-camera(  199): mct_stream_link_modules: Linking modules sensor and iface
I/mm-camera-sensor(  199): port_sensor_caps_reserve:115 ide 10004 stream type 5 w*h 720*480
D/mm-camera(  199): mct_stream_link_modules: Linking modules iface and isp
D/mm-camera(  199): mct_stream_link_modules: Linking modules isp and pproc
I/mm-camera(  199): mct_get_compatible_dest_port: Check link failed
I/mm-camera(  199): mct_get_compatible_dest_port: Check link failed
I/mm-camera(  199): mct_get_compatible_dest_port: Check link failed
I/mm-camera(  199): mct_get_compatible_dest_port: Check link failed
I/mm-camera(  199): cpp_port_check_caps_reserve:77, identity=0x10004
I/mm-camera(  199): cpp_port_check_caps_reserve:143, identity=0x10004, reserved
I/mm-camera(  199): cpp_module_notify_add_stream:1289, info: success, identity=0x10004
D/mm-camera(  199): mct_stream_link_modules: Linking modules pproc and faceproc
I/mm-camera(  199): cpp_port_check_caps_reserve:77, identity=0x10004
I/mm-camera(  199): cpp_port_check_caps_reserve:143, identity=0x10004, reserved
D/mm-camera(  199): mct_stream_link_modules: Linking modules isp and stats
I/mm-camera(  199): mct_pipeline_process_set:command=8000004
D/mm-camera-intf(  184): mm_stream_qbuf: Starting poll on stream 0xb7c14394 type :8
D/mm-camera-intf(  184): mm_stream_qbuf: Started poll on stream 0xb7c14394 type :8
I/mm-camera(  199): mct_pipeline_process_set:command=8000008
I/mm-camera(  199): mct_pipeline_process_set: stream_type = 8, streamid 1
I/mm-camera(  199): mct_pipeline_process_set: Stream on/off returned
I/mm-camera(  199): mct_pipeline_process_set:command=8000008
I/mm-camera(  199): mct_pipeline_process_set: stream_type = 1, streamid 2
I/mm-camera-sensor(  199): module_sensor_module_process_event:1960 ide 10002 MCT_EVENT_CONTROL_STREAMON
I/mm-camera-sensor(  199): module_sensor_stream_on:821 ide 10002 SENSOR_START_STREAM
I/mm-camera-sensor(  199): module_sensor_stream_on:1035 SENSOR_SET_RESOLUTION 3264*2448 mask 62
I/mm-camera-sensor(  199): sensor_set_resolution:1167 width 3264, height 2448
I/mm-camera-sensor(  199): sensor_set_resolution:1169 stream mask 62 hfr mode 0 fps 15.000000
I/mm-camera-sensor(  199): sensor_set_resolution:1178 cur res 0 new res 0
I/mm-camera(  199): port_isp_module_event: E, identity = 0x10002, IFACE_SET_STREAM_CONFIG
I/mm-camera(  199): isp_sink_port_stream_config: E, session_id = 1, stream_id = 2, stream_type = 1
I/mm-camera(  199): isp_sink_port_stream_config: session_id = 1, stream_id = 2, is_split = 0
I/mm-camera(  199): isp_sink_port_stream_config: old vfe_id_mask = 0x1, new vfe_id_mask = 0x1
I/mm-camera(  199): port_isp_module_event: E, identity = 0x10003, IFACE_SET_STREAM_CONFIG
I/mm-camera(  199): isp_sink_port_stream_config: E, session_id = 1, stream_id = 3, stream_type = 6
I/mm-camera(  199): isp_sink_port_stream_config: session_id = 1, stream_id = 3, is_split = 0
I/mm-camera(  199): isp_sink_port_stream_config: old vfe_id_mask = 0x1, new vfe_id_mask = 0x1
I/mm-camera(  199): port_isp_module_event: E, identity = 0x10004, IFACE_SET_STREAM_CONFIG
I/mm-camera(  199): isp_sink_port_stream_config: E, session_id = 1, stream_id = 4, stream_type = 5
I/mm-camera(  199): isp_sink_port_stream_config: session_id = 1, stream_id = 4, is_split = 0
I/mm-camera(  199): isp_sink_port_stream_config: old vfe_id_mask = 0x1, new vfe_id_mask = 0x1
I/mm-camera-sensor(  199): eeprom_autofocus_calibration:74 Region 0: code_per_step: 8 initial_code: 154  inf_pos: 7
I/mm-camera(  199): port_isp_mct_ctrl_cmd: E, identity = 0x10002, STREAMON
D/mm-camera(  199): module_faceproc_port_event_func:662] FD_STREAMON 0 id 10002
D/mm-camera-img(  199): faceproc_comp_cfg_debug:247] FaceProc cfg max_face_size 500
D/mm-camera-img(  199): faceproc_comp_cfg_debug:250] FaceProc cfg max_num_face_to_detect 5
D/mm-camera-img(  199): faceproc_comp_cfg_debug:253] FaceProc cfg min_face_size 50
D/mm-camera-img(  199): faceproc_comp_eng_config:1466] ###min_face_size 90
E/mm-camera-img(  199): Face Album FILE EXISTS
I/mm-camera(  199): cpp_module_handle_streamon_event:1983, identity=0x10002, stream-on done
I/mm-camera(  199): isp_streamon: E, session_id = 1, stream_id = 2, stream_type = 1
I/mm-camera(  199): isp_fmt_to_pix_pattern: format 30
I/mm-camera(  199): isp_fmt_to_pix_pattern: format 30
I/mm-camera(  199): wb_set_params: param_id is not supported in this module
I/mm-camera(  199): color_correct_set_effect: CC not enabled
I/mm-camera(  199): wb_set_params: param_id is not supported in this module
I/mm-camera(  199): color_correct_set_effect: CC not enabled
I/mm-camera(  199): wb_set_params: param_id is not supported in this module
I/mm-camera(  199): color_correct_set_effect: CC not enabled
D/mm-camera(  199): module_faceproc_port_event_func:825] MCT_EVENT_MODULE_ISP_OUTPUT_DIM stream info 720x480 identity 10002 10002
I/mm-camera(  199): isp_fmt_to_pix_pattern: format 30
I/mm-camera(  199): wb_set_params: param_id is not supported in this module
I/mm-camera(  199): isp_fmt_to_pix_pattern: format 30
I/mm-camera(  199): stats_action_buf_config: cfg = 1, stats_mask = 0x5b8
I/mm-camera(  199): stats_action: stats mask = 0x5b8
I/mm-camera(  199): ispif_streamon: session_id = 1, active_streams = 1
I/mm-camera-sensor(  199): module_sensor_stream_on:1021 ide 10002 SENSOR_START_STREAM
I/mm-camera(  199): mct_pipeline_process_set: Stream on/off returned
I/mm-camera(  199): mct_pipeline_process_set:command=8000008
I/mm-camera(  199): mct_pipeline_process_set: stream_type = 6, streamid 3
I/mm-camera-sensor(  199): module_sensor_module_process_event:1960 ide 10003 MCT_EVENT_CONTROL_STREAMON
I/mm-camera-sensor(  199): module_sensor_stream_on:821 ide 10003 SENSOR_START_STREAM
I/mm-camera(  199): port_isp_mct_ctrl_cmd: E, identity = 0x10003, STREAMON
I/mm-camera(  199): cpp_module_handle_streamon_event:1983, identity=0x10003, stream-on done
I/mm-camera(  199): isp_streamon: E, session_id = 1, stream_id = 3, stream_type = 6
I/mm-camera(  199): wb_set_params: param_id is not supported in this module
I/mm-camera(  199): wb_set_params: param_id is not supported in this module
I/mm-camera(  199): wb_set_params: param_id is not supported in this module
I/mm-camera(  199): ispif_streamon: session_id = 1, active_streams = 2
I/mm-camera(  199): mct_pipeline_process_set: Stream on/off returned
I/mm-camera(  199): mct_pipeline_process_set:command=8000008
I/mm-camera(  199): mct_pipeline_process_set: stream_type = 5, streamid 4
I/mm-camera-sensor(  199): module_sensor_module_process_event:1960 ide 10004 MCT_EVENT_CONTROL_STREAMON
I/mm-camera-sensor(  199): module_sensor_stream_on:821 ide 10004 SENSOR_START_STREAM
I/mm-camera(  199): port_isp_mct_ctrl_cmd: E, identity = 0x10004, STREAMON
D/mm-camera(  199): module_faceproc_port_event_func:667] FD_STREAMON for stream 10004
I/mm-camera(  199): cpp_module_handle_streamon_event:1983, identity=0x10004, stream-on done
I/mm-camera(  199): isp_streamon: E, session_id = 1, stream_id = 4, stream_type = 5
I/mm-camera(  199): wb_set_params: param_id is not supported in this module
I/mm-camera(  199): wb_set_params: param_id is not supported in this module
I/mm-camera(  199): wb_set_params: param_id is not supported in this module
D/mm-camera(  199): module_faceproc_port_event_func:825] MCT_EVENT_MODULE_ISP_OUTPUT_DIM stream info 720x480 identity 10004 10002
I/mm-camera(  199): isp_ch_util_streamon: session_id = 1, channel_id = 2, already active.
I/mm-camera(  199): ispif_streamon: session_id = 1, active_streams = 3
I/mm-camera(  199): mct_pipeline_process_set: Stream on/off returned
D/mm-camera-intf(  184): mm_stream_qbuf: Starting poll on stream 0xb7c14abc type :1
D/mm-camera-intf(  184): mm_stream_qbuf: Started poll on stream 0xb7c14abc type :1
D/mm-camera-intf(  184): mm_stream_qbuf: Starting poll on stream 0xb7c1590c type :5
D/mm-camera-intf(  184): mm_stream_qbuf: Started poll on stream 0xb7c1590c type :5
D/mm-camera(  199): module_faceproc_client_schedule_mode:1808] apply 3 report 2 new_mode 0
D/mm-camera(  199): module_faceproc_client_schedule_mode:1808] apply 0 report 3 new_mode 0
D/dalvikvm( 3199): GC_FOR_ALLOC freed 1799K, 7% free 24844K/26676K, paused 21ms, total 23ms
E/mm-camera(  199): cpp_module_process_frame_control:1458 failed: wrong queue for mct_type = 2 frame 9 exp 17
E/mm-camera(  199): cpp_module_process_frame_control:1458 failed: wrong queue for mct_type = 2 frame 9 exp 17
E/mm-camera(  199): cpp_module_process_frame_control:1458 failed: wrong queue for mct_type = 2 frame 9 exp 17
D/mm-camera(  199): module_faceproc_client_schedule_mode:1808] apply 2 report 1 new_mode 0
I/mm-camera(  199): af_util_cur_pos_after_lens_move: After move: FV: 1879499 CurPosition: 36
D/audio_hw_primary(  184): out_set_parameters: enter: usecase(1: low-latency-playback) kvpairs: routing=2
E/AudioSink(  184): received unknown event type: 1 inside CallbackWrapper !
D/audio_hw_primary(  184): select_devices: out_snd_device(2: speaker) in_snd_device(0: )
V/WebViewChromiumFactoryProvider( 3199): Binding Chromium to main looper Looper (main, tid 1) {425d0600}
I/LibraryLoader( 3199): Expected native library version number "",actual native library version number ""
I/chromium( 3199): [INFO:library_loader_hooks.cc(116)] Chromium logging enabled: level = 0, default verbosity = 0
I/BrowserStartupController( 3199): Initializing chromium process, renderers=0
D/mm-camera(  199): module_faceproc_client_schedule_mode:1808] apply 3 report 2 new_mode 0
E/AudioManagerAndroid( 3199): BLUETOOTH permission is missing!
E/ccl_l   (  692): [vnull] No VideoCastManager instance was built, you need to build one first
E/ccl_VideoIntentReceiver(  692): [vnull] onReceive(): No CastManager instance exists
W/chromium( 3199): [WARNING:proxy_service.cc(890)] PAC support disabled because there is no system implementation
W/FlurryAgent( 3199): Event count started: Scan
I/mm-camera(  199): af_util_cur_pos_after_lens_move: After move: FV: 1624144 CurPosition: 33
E/MediaPlayer( 3199): Should have subtitle controller already set
D/AudioManagerAndroid( 3199): ==> onReceive: s=0, m=0, n=h2w, sb=true
D/AudioManagerAndroid( 3199): reportUpdate: state=0, devices=[Speakerphone, Headset earpiece]
I/mm-camera(  199): af_util_cur_pos_after_lens_move: After move: FV: 1836757 CurPosition: 30
I/mm-camera(  199): af_util_cur_pos_after_lens_move: After move: FV: 2040698 CurPosition: 27
I/mm-camera(  199): af_util_cur_pos_after_lens_move: After move: FV: 2236963 CurPosition: 24
I/mm-camera(  199): af_util_cur_pos_after_lens_move: After move: FV: 2319014 CurPosition: 21
D/dalvikvm( 3199): GC_CONCURRENT freed 2409K, 9% free 25057K/27524K, paused 5ms+2ms, total 26ms
W/MediaPlayer-JNI( 3199): MediaPlayer finalized without being released
I/mm-camera(  199): af_util_cur_pos_after_lens_move: After move: FV: 1837797 CurPosition: 22
D/BackupManagerService(  768): Now staging backup of com.android.providers.settings
I/mm-camera(  199): af_util_cur_pos_after_lens_move: After move: FV: 1961145 CurPosition: 23
I/mm-camera(  199): af_util_cur_pos_after_lens_move: After move: FV: 2249830 CurPosition: 24
I/mm-camera(  199): af_util_cur_pos_after_lens_move: After move: FV: 2501727 CurPosition: 25
I/mm-camera(  199): af_util_cur_pos_after_lens_move: After move: FV: 3050155 CurPosition: 26
I/mm-camera(  199): af_util_cur_pos_after_lens_move: After move: FV: 2537443 CurPosition: 27
I/mm-camera(  199): af_util_cur_pos_after_lens_move: After move: FV: 3422076 CurPosition: 28
I/mm-camera(  199): af_util_update_focus_status: AF Status already updated to output!Return!
D/Tethering(  768): MasterInitialState.processMessage what=3
I/ActivityManager(  768): START u0 {flg=0x80000 cmp=me.scan.android.client/.ui.BrowserActivity (has extras)} from pid 3199
D/YouTube ( 1935): apps.youtube.common.f.d.a:25 Executing ConditionTask com.google.android.apps.youtube.datalib.offline.a.a
D/YouTube ( 1935): apps.youtube.datalib.offline.a.a.a:35 Network change detected, dispatch offline http requests.
D/GCM     ( 1111): GcmService start Intent { act=android.net.conn.CONNECTIVITY_CHANGE flg=0x4000010 cmp=com.google.android.gms/.gcm.GcmService (has extras) } android.net.conn.CONNECTIVITY_CHANGE
I/(INFO) CourkitNetworkObservable(  692): Network status updated: TYPE_CONNECTED
D/GCM     ( 1111): GcmService start Intent { act=com.google.android.checkin.CHECKIN_COMPLETE flg=0x10 cmp=com.google.android.gms/.gcm.GcmService (has extras) } com.google.android.checkin.CHECKIN_COMPLETE
D/mm-camera(  199): module_faceproc_client_schedule_mode:1808] apply 1 report 0 new_mode 0
D/dalvikvm(16514): GC_CONCURRENT freed 473K, 5% free 17445K/18312K, paused 2ms+2ms, total 16ms
I/mm-camera(  199): af_util_cur_pos_after_lens_move: After move: FV: 3368355 CurPosition: 36
D/dalvikvm(25385): GC_CONCURRENT freed 2993K, 34% free 25947K/39248K, paused 4ms+4ms, total 68ms
I/mm-camera(  199): af_util_cur_pos_after_lens_move: After move: FV: 3387272 CurPosition: 33
D/mm-camera-intf(  184): mm_stream_read_msm_frame: Stoping poll on stream 0xb7c14abc type :1
D/mm-camera-intf(  184): mm_stream_read_msm_frame: Stopped poll on stream 0xb7c14abc type :1
D/mm-camera-intf(  184): mm_stream_read_msm_frame: Stoping poll on stream 0xb7c1590c type :5
D/mm-camera-intf(  184): mm_stream_read_msm_frame: Stopped poll on stream 0xb7c1590c type :5
I/mm-camera(  199): af_util_cur_pos_after_lens_move: After move: FV: 5026705 CurPosition: 30
E/mm-camera-intf(  184): mm_camera_poll_thread_del_poll_fd: invalid handler 9728 (0)
I/mm-camera(  199): mct_pipeline_process_set:command=8000009
I/mm-camera(  199): mct_pipeline_process_set: stream_type = 1, streamid 2
I/mm-camera-sensor(  199): module_sensor_module_process_event:1987 ide 10002 MCT_EVENT_CONTROL_STREAMOFF
I/mm-camera(  199): port_isp_mct_ctrl_cmd: E, identity = 0x10002, STREAMOFF
I/mm-camera(  199): cpp_module_handle_streamoff_event:2058, info: doing stream-off for identity 0x10002
D/mm-camera(  199): module_faceproc_port_event_func:686] FD_STREAMOFF 0 10002
D/mm-camera-img(  199): faceproc_comp_abort:608] state 2
D/mm-camera-img(  199): Free Wmemory 0
D/mm-camera-img(  199): faceproc_comp_abort:635] X
I/mm-camera(  199): cpp_module_handle_streamoff_event:2112, info: stream-off done for identity 0x10002
I/mm-camera(  199): isp_streamoff: E, session_id = 1, stream_id = 2, stream_type = 1
I/mm-camera(  199): ispif_streamoff: session_id = 1, active_streams = 2
I/mm-camera(  199): mct_pipeline_process_set: Stream on/off returned
D/QCamera3Stream(  184): static void* qcamera::QCamera3Stream::dataProcRoutine(void*): Exit
E/mm-camera-intf(  184): mm_camera_poll_thread_del_poll_fd: invalid handler 10240 (0)
I/mm-camera(  199): mct_pipeline_process_set:command=8000009
I/mm-camera(  199): mct_pipeline_process_set: stream_type = 6, streamid 3
I/mm-camera-sensor(  199): module_sensor_module_process_event:1987 ide 10003 MCT_EVENT_CONTROL_STREAMOFF
I/mm-camera(  199): port_isp_mct_ctrl_cmd: E, identity = 0x10003, STREAMOFF
I/mm-camera(  199): cpp_module_handle_streamoff_event:2058, info: doing stream-off for identity 0x10003
I/mm-camera(  199): cpp_module_handle_streamoff_event:2112, info: stream-off done for identity 0x10003
I/mm-camera(  199): isp_streamoff: E, session_id = 1, stream_id = 3, stream_type = 6
I/mm-camera(  199): af_util_cur_pos_after_lens_move: After move: FV: 4999028 CurPosition: 27
W/ActivityManager(  768): Activity pause timeout for ActivityRecord{431ab628 u0 me.scan.android.client/.ui.ScanActivity t224}
I/mm-camera(  199): ispif_streamoff: session_id = 1, active_streams = 1
I/mm-camera(  199): mct_pipeline_process_set: Stream on/off returned
I/mm-camera(  199): af_util_cur_pos_after_lens_move: After move: FV: 3337726 CurPosition: 28
I/mm-camera(  199): af_util_cur_pos_after_lens_move: After move: FV: 1034665 CurPosition: 29
D/ConnectivityService(  768): handleInetConditionHoldEnd: net=1, condition=100, published condition=100
D/QCamera3Stream(  184): static void* qcamera::QCamera3Stream::dataProcRoutine(void*): Exit
E/mm-camera-intf(  184): mm_camera_poll_thread_del_poll_fd: invalid handler 10752 (0)
I/mm-camera(  199): mct_pipeline_process_set:command=8000009
I/mm-camera(  199): mct_pipeline_process_set: stream_type = 5, streamid 4
I/mm-camera-sensor(  199): module_sensor_module_process_event:1987 ide 10004 MCT_EVENT_CONTROL_STREAMOFF
I/mm-camera(  199): port_isp_mct_ctrl_cmd: E, identity = 0x10004, STREAMOFF
I/mm-camera(  199): cpp_module_handle_streamoff_event:2058, info: doing stream-off for identity 0x10004
D/mm-camera(  199): module_faceproc_port_event_func:682] FD_STREAMOFF Not active 10004
I/mm-camera(  199): cpp_module_handle_streamoff_event:2112, info: stream-off done for identity 0x10004
I/mm-camera(  199): isp_streamoff: E, session_id = 1, stream_id = 4, stream_type = 5
I/mm-camera(  199): stats_action_buf_config: cfg = 0, stats_mask = 0x5b8
I/mm-camera(  199): isp_pipeline_util_reset: module id = 0, action = 0xb6e41ce9
I/mm-camera(  199): isp_pipeline_util_reset: module id = 1, action = 0xb6e3a129
I/mm-camera(  199): isp_pipeline_util_reset: module id = 2, action = 0xb6e439fd
I/mm-camera(  199): isp_pipeline_util_reset: module id = 3, action = 0xb6e3f2c5
I/mm-camera(  199): isp_pipeline_util_reset: module id = 4, action = 0xb6e31101
I/mm-camera(  199): isp_pipeline_util_reset: module id = 5, action = 0xb6e35d61
I/mm-camera(  199): isp_pipeline_util_reset: module id = 7, action = 0xb6e374c1
I/mm-camera(  199): isp_pipeline_util_reset: module id = 8, action = 0xb6e2d179
I/mm-camera(  199): isp_pipeline_util_reset: module id = 10, action = 0xb6e43031
I/mm-camera(  199): isp_pipeline_util_reset: module id = 11, action = 0xb6e333c1
I/mm-camera(  199): isp_pipeline_util_reset: module id = 12, action = 0xb6e2a1f9
I/mm-camera(  199): isp_pipeline_util_reset: module id = 13, action = 0xb6e3cf39
I/mm-camera(  199): isp_pipeline_util_reset: module id = 14, action = 0xb6e28805
I/mm-camera(  199): isp_pipeline_util_reset: module id = 15, action = 0xb6e40f99
I/mm-camera(  199): isp_pipeline_util_reset: module id = 16, action = 0xb6e3e955
I/mm-camera(  199): isp_pipeline_util_reset: module id = 17, action = 0xb6e32121
I/mm-camera(  199): isp_pipeline_util_reset: module id = 18, action = 0xb6e2fef9
I/mm-camera(  199): isp_pipeline_util_reset: module id = 19, action = 0xb6e2b999
I/mm-camera(  199): isp_pipeline_util_reset: module id = 20, action = 0xb6e404ed
I/mm-camera(  199): isp_pipeline_util_reset: module id = 22, action = 0xb6e4745d
I/mm-camera(  199): ispif_streamoff: session_id = 1, active_streams = 0
I/mm-camera-sensor(  199): module_sensor_module_process_event:2018 ide 10004 MCT_EVENT_CONTROL_STREAMOFF
I/mm-camera(  199): mct_pipeline_process_set: Stream on/off returned
D/QCamera3Stream(  184): static void* qcamera::QCamera3Stream::dataProcRoutine(void*): Exit
I/mm-camera(  199): mct_pipeline_process_set:command=800000b
I/mm-camera(  199): mct_pipeline_process_set: stream_type = 1, streamid 2
I/mm-camera-sensor(  199): port_sensor_caps_unreserve:169 ide 10002
I/mm-camera(  199): cpp_port_check_caps_unreserve:170, identity=0x10002
I/mm-camera(  199): cpp_port_check_caps_unreserve:179, identity=0x10002, unreserved
I/mm-camera(  199): cpp_port_check_caps_unreserve:170, identity=0x10002
I/mm-camera(  199): cpp_port_check_caps_unreserve:179, identity=0x10002, unreserved
E/QCamera3Channel(  184): virtual qcamera::QCamera3Channel::~QCamera3Channel(): deleting channel 9473
I/qomx_image_core(  184): OMX_Deinit:101] Complete
D/QCamera3PostProc(  184): int32_t qcamera::QCamera3PostProcessor::deinit(): Jpeg closed, rc = 0, mJpegClientHandle = 500
I/mm-camera(  199): mct_pipeline_process_set:command=800000b
I/mm-camera(  199): mct_pipeline_process_set: stream_type = 6, streamid 3
I/mm-camera-sensor(  199): port_sensor_caps_unreserve:169 ide 10003
I/mm-camera(  199): cpp_port_check_caps_unreserve:170, identity=0x10003
I/mm-camera(  199): cpp_port_check_caps_unreserve:179, identity=0x10003, unreserved
E/QCamera3Channel(  184): virtual qcamera::QCamera3Channel::~QCamera3Channel(): deleting channel 9986
I/mm-camera(  199): mct_pipeline_process_set:command=800000b
I/mm-camera(  199): mct_pipeline_process_set: stream_type = 5, streamid 4
I/mm-camera-sensor(  199): port_sensor_caps_unreserve:169 ide 10004
